[ +391 ms] Artifact Instance of 'AndroidGenSnapshotArtifacts' is not required, skipping update.
[   +7 ms] Artifact Instance of 'AndroidInternalBuildArtifacts' is not required, skipping update.
[        ] Artifact Instance of 'IOSEngineArtifacts' is not required, skipping update.
[        ] Artifact Instance of 'FlutterWebSdk' is not required, skipping update.
[        ] Artifact Instance of 'LegacyCanvasKitRemover' is not required, skipping update.
[   +7 ms] Artifact Instance of 'WindowsEngineArtifacts' is not required, skipping update.
[        ] Artifact Instance of 'MacOSEngineArtifacts' is not required, skipping update.
[        ] Artifact Instance of 'LinuxEngineArtifacts' is not required, skipping update.
[        ] Artifact Instance of 'LinuxFuchsiaSDKArtifacts' is not required, skipping update.
[        ] Artifact Instance of 'MacOSFuchsiaSDKArtifacts' is not required, skipping update.
[        ] Artifact Instance of 'FlutterRunnerSDKArtifacts' is not required, skipping update.
[        ] Artifact Instance of 'FlutterRunnerDebugSymbols' is not required, skipping update.
[  +41 ms] Artifact Instance of 'MaterialFonts' is not required, skipping update.
[        ] Artifact Instance of 'GradleWrapper' is not required, skipping update.
[   +2 ms] Artifact Instance of 'AndroidInternalBuildArtifacts' is not required, skipping update.
[        ] Artifact Instance of 'IOSEngineArtifacts' is not required, skipping update.
[        ] Artifact Instance of 'FlutterWebSdk' is not required, skipping update.
[        ] Artifact Instance of 'LegacyCanvasKitRemover' is not required, skipping update.
[        ] Artifact Instance of 'FlutterSdk' is not required, skipping update.
[        ] Artifact Instance of 'WindowsEngineArtifacts' is not required, skipping update.
[        ] Artifact Instance of 'MacOSEngineArtifacts' is not required, skipping update.
[        ] Artifact Instance of 'LinuxEngineArtifacts' is not required, skipping update.
[        ] Artifact Instance of 'LinuxFuchsiaSDKArtifacts' is not required, skipping update.
[        ] Artifact Instance of 'MacOSFuchsiaSDKArtifacts' is not required, skipping update.
[        ] Artifact Instance of 'FlutterRunnerSDKArtifacts' is not required, skipping update.
[        ] Artifact Instance of 'FlutterRunnerDebugSymbols' is not required, skipping update.
[        ] Artifact Instance of 'IosUsbArtifacts' is not required, skipping update.
[        ] Artifact Instance of 'IosUsbArtifacts' is not required, skipping update.
[        ] Artifact Instance of 'IosUsbArtifacts' is not required, skipping update.
[        ] Artifact Instance of 'IosUsbArtifacts' is not required, skipping update.
[        ] Artifact Instance of 'IosUsbArtifacts' is not required, skipping update.
[        ] Artifact Instance of 'FontSubsetArtifacts' is not required, skipping update.
[        ] Artifact Instance of 'PubDependencies' is not required, skipping update.
[  +70 ms] Skipping pub get: version match.
[  +36 ms] Found plugin firebase_auth at C:\Users\User\AppData\Local\Pub\Cache\hosted\pub.dev\firebase_auth-5.2.0\
[   +7 ms] Found plugin firebase_auth_web at C:\Users\User\AppData\Local\Pub\Cache\hosted\pub.dev\firebase_auth_web-5.12.6\
[   +2 ms] Found plugin firebase_core at C:\Users\User\AppData\Local\Pub\Cache\hosted\pub.dev\firebase_core-3.4.0\
[   +3 ms] Found plugin firebase_core_web at C:\Users\User\AppData\Local\Pub\Cache\hosted\pub.dev\firebase_core_web-2.17.5\
[  +18 ms] Found plugin path_provider at C:\Users\User\AppData\Local\Pub\Cache\hosted\pub.dev\path_provider-2.1.4\
[   +1 ms] Found plugin path_provider_android at C:\Users\User\AppData\Local\Pub\Cache\hosted\pub.dev\path_provider_android-2.2.10\
[   +2 ms] Found plugin path_provider_foundation at C:\Users\User\AppData\Local\Pub\Cache\hosted\pub.dev\path_provider_foundation-2.4.0\
[   +3 ms] Found plugin path_provider_linux at C:\Users\User\AppData\Local\Pub\Cache\hosted\pub.dev\path_provider_linux-2.2.1\
[   +3 ms] Found plugin path_provider_windows at C:\Users\User\AppData\Local\Pub\Cache\hosted\pub.dev\path_provider_windows-2.3.0\
[  +56 ms] Found plugin firebase_auth at C:\Users\User\AppData\Local\Pub\Cache\hosted\pub.dev\firebase_auth-5.2.0\
[   +2 ms] Found plugin firebase_auth_web at C:\Users\User\AppData\Local\Pub\Cache\hosted\pub.dev\firebase_auth_web-5.12.6\
[   +1 ms] Found plugin firebase_core at C:\Users\User\AppData\Local\Pub\Cache\hosted\pub.dev\firebase_core-3.4.0\
[   +2 ms] Found plugin firebase_core_web at C:\Users\User\AppData\Local\Pub\Cache\hosted\pub.dev\firebase_core_web-2.17.5\
[  +12 ms] Found plugin path_provider at C:\Users\User\AppData\Local\Pub\Cache\hosted\pub.dev\path_provider-2.1.4\
[   +1 ms] Found plugin path_provider_android at C:\Users\User\AppData\Local\Pub\Cache\hosted\pub.dev\path_provider_android-2.2.10\
[   +1 ms] Found plugin path_provider_foundation at C:\Users\User\AppData\Local\Pub\Cache\hosted\pub.dev\path_provider_foundation-2.4.0\
[   +1 ms] Found plugin path_provider_linux at C:\Users\User\AppData\Local\Pub\Cache\hosted\pub.dev\path_provider_linux-2.2.1\
[   +2 ms] Found plugin path_provider_windows at C:\Users\User\AppData\Local\Pub\Cache\hosted\pub.dev\path_provider_windows-2.3.0\
[  +33 ms] Found plugin firebase_auth at C:\Users\User\AppData\Local\Pub\Cache\hosted\pub.dev\firebase_auth-5.2.0\
[   +2 ms] Found plugin firebase_auth_web at C:\Users\User\AppData\Local\Pub\Cache\hosted\pub.dev\firebase_auth_web-5.12.6\
[   +1 ms] Found plugin firebase_core at C:\Users\User\AppData\Local\Pub\Cache\hosted\pub.dev\firebase_core-3.4.0\
[   +2 ms] Found plugin firebase_core_web at C:\Users\User\AppData\Local\Pub\Cache\hosted\pub.dev\firebase_core_web-2.17.5\
[   +9 ms] Found plugin path_provider at C:\Users\User\AppData\Local\Pub\Cache\hosted\pub.dev\path_provider-2.1.4\
[   +1 ms] Found plugin path_provider_android at C:\Users\User\AppData\Local\Pub\Cache\hosted\pub.dev\path_provider_android-2.2.10\
[   +1 ms] Found plugin path_provider_foundation at C:\Users\User\AppData\Local\Pub\Cache\hosted\pub.dev\path_provider_foundation-2.4.0\
[   +1 ms] Found plugin path_provider_linux at C:\Users\User\AppData\Local\Pub\Cache\hosted\pub.dev\path_provider_linux-2.2.1\
[   +1 ms] Found plugin path_provider_windows at C:\Users\User\AppData\Local\Pub\Cache\hosted\pub.dev\path_provider_windows-2.3.0\
[  +16 ms] Generating C:\Users\User\Desktop\Codes Folder\fluttertest1\alhora_app\alhora_project\android\app\src\main\java\io\flutter\plugins\GeneratedPluginRegistrant.java
[  +75 ms] executing: C:\Program Files\Android\Android Studio\jbr\bin\java -version
[ +147 ms] Exit code 0 from: C:\Program Files\Android\Android Studio\jbr\bin\java -version
[        ] openjdk version "17.0.10" 2024-01-16
           OpenJDK Runtime Environment (build 17.0.10+0--11609105)
           OpenJDK 64-Bit Server VM (build 17.0.10+0--11609105, mixed mode)
[   +8 ms] executing: C:\Program Files\Android\Android Studio\jbr\bin\java --version
[ +170 ms] Exit code 0 from: C:\Program Files\Android\Android Studio\jbr\bin\java --version
[        ] openjdk 17.0.10 2024-01-16
           OpenJDK Runtime Environment (build 17.0.10+0--11609105)
           OpenJDK 64-Bit Server VM (build 17.0.10+0--11609105, mixed mode)
[  +18 ms] Using gradle from C:\Users\User\Desktop\Codes Folder\fluttertest1\alhora_app\alhora_project\android\gradlew.bat.
[        ] Running Gradle task 'assembleRelease'...
[   +2 ms] executing: [C:\Users\User\Desktop\Codes Folder\fluttertest1\alhora_app\alhora_project\android/] C:\Users\User\Desktop\Codes Folder\fluttertest1\alhora_app\alhora_project\android\gradlew.bat --full-stacktrace --info -Pverbose=true -Ptarget-platform=android-arm,android-arm64,android-x64 -Ptarget=lib\main.dart -Pbase-application-name=android.app.Application -Pdart-obfuscation=false -Ptrack-widget-creation=true -Ptree-shake-icons=true assembleRelease
[+1002 ms] Initialized native services in: C:\Users\User\.gradle\native
[        ] Initialized jansi services in: C:\Users\User\.gradle\native
[ +108 ms] Received JVM installation metadata from 'C:\Program Files\Android\Android Studio\jbr': {JAVA_HOME=C:\Program Files\Android\Android Studio\jbr, JAVA_VERSION=17.0.10, JAVA_VENDOR=JetBrains s.r.o., RUNTIME_NAME=OpenJDK Runtime Environment, RUNTIME_VERSION=17.0.10+0--11609105, VM_NAME=OpenJDK 64-Bit Server VM, VM_VERSION=17.0.10+0--11609105, VM_VENDOR=JetBrains s.r.o., OS_ARCH=amd64}
[ +196 ms] The client will now receive all logging from the daemon (pid: 19348). The daemon log file: C:\Users\User\.gradle\daemon\7.6.3\daemon-19348.out.log
[        ] Starting 20th build in daemon [uptime: 55 mins 0.763 secs, performance: 100%]
[        ] Using 12 worker leases.
[        ] Now considering [C:\Users\User\Desktop\Codes Folder\fluttertest1\alhora_app\alhora_project\android, C:\Users\User\Desktop\flutter\packages\flutter_tools\gradle] as hierarchies to watch
[        ] Watching 2 directory hierarchies to track changes
[  +98 ms] Watching the file system is configured to be enabled if available
[        ] File system watching is active
[        ] Starting Build
[        ] Now considering [C:\Users\User\Desktop\flutter\packages\flutter_tools\gradle, C:\Users\User\Desktop\Codes Folder\fluttertest1\alhora_app\alhora_project\android] as hierarchies to watch
[        ] Watching 2 directory hierarchies to track changes
[   +6 ms] > Configure project :gradle
[        ] Evaluating project ':gradle' using build file 'C:\Users\User\Desktop\flutter\packages\flutter_tools\gradle\build.gradle.kts'.
[        ] Caching disabled for Kotlin DSL accessors for project ':gradle' because:
[        ]   Build cache is disabled
[        ] Skipping Kotlin DSL accessors for project ':gradle' as it is up-to-date.
[        ] Resolve mutations for :gradle:compileJava (Thread[Execution worker Thread 2,5,main]) started.
[        ] :gradle:compileJava (Thread[Execution worker Thread 2,5,main]) started.
[        ] > Task :gradle:compileJava NO-SOURCE
[        ] Skipping task ':gradle:compileJava' as it has no source files and no previous output files.
[        ] Resolve mutations for :gradle:compileGroovy (Thread[Execution worker Thread 2,5,main]) started.
[        ] :gradle:compileGroovy (Thread[Execution worker Thread 2,5,main]) started.
[        ] > Task :gradle:compileGroovy UP-TO-DATE
[        ] Caching disabled for task ':gradle:compileGroovy' because:
[        ]   Build cache is disabled
[        ] Skipping task ':gradle:compileGroovy' as it is up-to-date.
[        ] Resolve mutations for :gradle:pluginDescriptors (Thread[Execution worker Thread 2,5,main]) started.
[        ] :gradle:pluginDescriptors (Thread[Execution worker Thread 2,5,main]) started.
[        ] > Task :gradle:pluginDescriptors UP-TO-DATE
[        ] Caching disabled for task ':gradle:pluginDescriptors' because:
[        ]   Build cache is disabled
[        ] Skipping task ':gradle:pluginDescriptors' as it is up-to-date.
[        ] Resolve mutations for :gradle:processResources (Thread[Execution worker Thread 2,5,main]) started.
[        ] :gradle:processResources (Thread[Execution worker Thread 2,5,main]) started.
[        ] > Task :gradle:processResources UP-TO-DATE
[        ] Caching disabled for task ':gradle:processResources' because:
[        ]   Build cache is disabled
[        ] Skipping task ':gradle:processResources' as it is up-to-date.
[        ] Resolve mutations for :gradle:classes (Thread[Execution worker Thread 2,5,main]) started.
[        ] :gradle:classes (Thread[Execution worker Thread 3,5,main]) started.
[        ] > Task :gradle:classes UP-TO-DATE
[        ] Skipping task ':gradle:classes' as it has no actions.
[        ] Resolve mutations for :gradle:jar (Thread[Execution worker Thread 3,5,main]) started.
[        ] :gradle:jar (Thread[Execution worker Thread 3,5,main]) started.
[        ] > Task :gradle:jar UP-TO-DATE
[        ] Caching disabled for task ':gradle:jar' because:
[        ]   Build cache is disabled
[        ] Skipping task ':gradle:jar' as it is up-to-date.
[  +87 ms] Settings evaluated using settings file 'C:\Users\User\Desktop\Codes Folder\fluttertest1\alhora_app\alhora_project\android\settings.gradle'.
[        ] Projects loaded. Root project using build file 'C:\Users\User\Desktop\Codes Folder\fluttertest1\alhora_app\alhora_project\android\build.gradle'.
[        ] Included projects: [root project 'android', project ':app', project ':firebase_auth', project ':firebase_core', project ':path_provider_android']
[ +101 ms] > Configure project :app
[        ] Evaluating project ':app' using build file 'C:\Users\User\Desktop\Codes Folder\fluttertest1\alhora_app\alhora_project\android\app\build.gradle'.
[        ] Using Kotlin Gradle Plugin gradle70 variant
[        ] Parsed shrinker version: 3.3.70
[        ] > Configure project :
[        ] Evaluating root project 'android' using build file 'C:\Users\User\Desktop\Codes Folder\fluttertest1\alhora_app\alhora_project\android\build.gradle'.
[        ] > Configure project :firebase_auth
[        ] Evaluating project ':firebase_auth' using build file 'C:\Users\User\AppData\Local\Pub\Cache\hosted\pub.dev\firebase_auth-5.2.0\android\build.gradle'.
[  +96 ms] > Configure project :firebase_core
[        ] Evaluating project ':firebase_core' using build file 'C:\Users\User\AppData\Local\Pub\Cache\hosted\pub.dev\firebase_core-3.4.0\android\build.gradle'.
[        ] > Configure project :path_provider_android
[        ] Evaluating project ':path_provider_android' using build file 'C:\Users\User\AppData\Local\Pub\Cache\hosted\pub.dev\path_provider_android-2.2.10\android\build.gradle'.
[        ] All projects evaluated.
[        ] Task name matched 'assembleRelease'
[        ] Selected primary task 'assembleRelease' from project :
[  +98 ms] WARNING:We recommend using a newer Android Gradle plugin to use compileSdk = 34
[        ] This Android Gradle plugin (7.3.0) was tested up to compileSdk = 33
[        ] This warning can be suppressed by adding
[        ]     android.suppressUnsupportedCompileSdk=34
[        ] to this project's gradle.properties
[        ] The build will continue, but you are strongly encouraged to update your project to
[        ] use a newer Android Gradle Plugin that has been tested with compileSdk = 34
[   +4 ms] Tasks to be executed: [task ':firebase_auth:preBuild', task ':firebase_auth:preReleaseBuild', task ':firebase_core:preBuild', task ':firebase_core:preReleaseBuild', task ':firebase_core:compileReleaseAidl', task ':firebase_auth:compileReleaseAidl', task ':firebase_auth:mergeReleaseJniLibFolders', task ':firebase_auth:mergeReleaseNativeLibs', task ':firebase_auth:stripReleaseDebugSymbols', task ':firebase_auth:copyReleaseJniLibsProjectAndLocalJars', task ':firebase_core:packageReleaseRenderscript', task ':firebase_auth:compileReleaseRenderscript', task ':firebase_auth:generateReleaseResValues', task ':firebase_auth:extractDeepLinksForAarRelease', task ':firebase_auth:generateReleaseBuildConfig', task ':firebase_auth:generateReleaseResources', task ':firebase_auth:packageReleaseResources', task ':firebase_auth:parseReleaseLocalResources', task ':firebase_auth:processReleaseManifest', task ':firebase_core:compileReleaseRenderscript', task ':firebase_core:generateReleaseResValues', task ':firebase_core:generateReleaseResources', task ':firebase_core:packageReleaseResources', task ':firebase_core:parseReleaseLocalResources', task ':firebase_core:processReleaseManifest', task ':firebase_core:generateReleaseRFile', task ':firebase_auth:generateReleaseRFile', task ':firebase_core:generateReleaseBuildConfig', task ':firebase_core:javaPreCompileRelease', task ':firebase_core:compileReleaseJavaWithJavac', task ':firebase_core:bundleLibCompileToJarRelease', task ':firebase_auth:extractReleaseAnnotations', task ':firebase_auth:javaPreCompileRelease', task ':firebase_auth:compileReleaseJavaWithJavac', task ':firebase_auth:mergeReleaseGeneratedProguardFiles', task ':firebase_auth:mergeReleaseConsumerProguardFiles', task ':firebase_auth:mergeReleaseShaders', task ':firebase_auth:compileReleaseShaders', task ':firebase_auth:generateReleaseAssets', task ':firebase_auth:packageReleaseAssets', task ':firebase_auth:packageReleaseRenderscript', task ':firebase_auth:prepareLintJarForPublish', task ':firebase_auth:prepareReleaseArtProfile', task ':firebase_auth:processReleaseJavaRes', task ':firebase_auth:mergeReleaseJavaResource', task ':firebase_auth:syncReleaseLibJars', task ':firebase_auth:writeReleaseAarMetadata', task ':firebase_auth:bundleReleaseLocalLintAar', task ':firebase_core:mergeReleaseJniLibFolders', task ':firebase_core:mergeReleaseNativeLibs', task ':firebase_core:stripReleaseDebugSymbols', task ':firebase_core:copyReleaseJniLibsProjectAndLocalJars', task ':firebase_core:extractDeepLinksForAarRelease', task ':firebase_core:extractReleaseAnnotations', task ':firebase_core:mergeReleaseGeneratedProguardFiles', task ':firebase_core:mergeReleaseConsumerProguardFiles', task ':firebase_core:mergeReleaseShaders', task ':firebase_core:compileReleaseShaders', task ':firebase_core:generateReleaseAssets', task ':firebase_core:packageReleaseAssets', task ':firebase_core:prepareLintJarForPublish', task ':firebase_core:prepareReleaseArtProfile', task ':firebase_core:processReleaseJavaRes', task ':firebase_core:mergeReleaseJavaResource', task ':firebase_core:syncReleaseLibJars', task ':firebase_core:writeReleaseAarMetadata', task ':firebase_core:bundleReleaseLocalLintAar', task ':path_provider_android:preBuild', task ':path_provider_android:preReleaseBuild', task ':path_provider_android:compileReleaseAidl', task ':path_provider_android:mergeReleaseJniLibFolders', task ':path_provider_android:mergeReleaseNativeLibs', task ':path_provider_android:stripReleaseDebugSymbols', task ':path_provider_android:copyReleaseJniLibsProjectAndLocalJars', task ':path_provider_android:compileReleaseRenderscript', task ':path_provider_android:generateReleaseResValues', task ':path_provider_android:extractDeepLinksForAarRelease', task ':path_provider_android:generateReleaseBuildConfig', task ':path_provider_android:generateReleaseResources', task ':path_provider_android:packageReleaseResources', task ':path_provider_android:parseReleaseLocalResources', task ':path_provider_android:processReleaseManifest', task ':path_provider_android:generateReleaseRFile', task ':path_provider_android:extractReleaseAnnotations', task ':path_provider_android:javaPreCompileRelease', task ':path_provider_android:compileReleaseJavaWithJavac', task ':path_provider_android:mergeReleaseGeneratedProguardFiles', task ':path_provider_android:mergeReleaseConsumerProguardFiles', task ':path_provider_android:mergeReleaseShaders', task ':path_provider_android:compileReleaseShaders', task ':path_provider_android:generateReleaseAssets', task ':path_provider_android:packageReleaseAssets', task ':path_provider_android:packageReleaseRenderscript', task ':path_provider_android:prepareLintJarForPublish', task ':path_provider_android:prepareReleaseArtProfile', task ':path_provider_android:processReleaseJavaRes', task ':path_provider_android:mergeReleaseJavaResource', task ':path_provider_android:syncReleaseLibJars', task ':path_provider_android:writeReleaseAarMetadata', task ':path_provider_android:bundleReleaseLocalLintAar', task ':app:buildKotlinToolingMetadata', task ':app:compileFlutterBuildRelease', task ':app:packJniLibsflutterBuildRelease', task ':app:preBuild', task ':app:preReleaseBuild', task ':app:compileReleaseAidl', task ':app:compileReleaseRenderscript', task ':app:generateReleaseBuildConfig', task ':app:checkReleaseAarMetadata', task ':app:cleanMergeReleaseAssets', task ':app:mergeReleaseShaders', task ':app:compileReleaseShaders', task ':app:generateReleaseAssets', task ':app:mergeReleaseAssets', task ':app:copyFlutterAssetsRelease', task ':app:generateReleaseResValues', task ':app:processReleaseGoogleServices', task ':app:mapReleaseSourceSetPaths', task ':app:generateReleaseResources', task ':app:mergeReleaseResources', task ':app:createReleaseCompatibleScreenManifests', task ':app:extractDeepLinksRelease', task ':firebase_auth:extractDeepLinksRelease', task ':firebase_core:extractDeepLinksRelease', task ':path_provider_android:extractDeepLinksRelease', task ':app:processReleaseMainManifest', task ':app:processReleaseManifest', task ':app:processReleaseManifestForPackage', task ':app:processReleaseResources', task ':firebase_auth:bundleLibCompileToJarRelease', task ':path_provider_android:bundleLibCompileToJarRelease', task ':app:compileReleaseKotlin', task ':app:javaPreCompileRelease', task ':app:compileReleaseJavaWithJavac', task ':app:extractProguardFiles', task ':firebase_auth:bundleLibResRelease', task ':firebase_auth:bundleLibRuntimeToJarRelease', task ':firebase_auth:createFullJarRelease', task ':firebase_auth:writeReleaseLintModelMetadata', task ':firebase_core:bundleLibResRelease', task ':firebase_core:bundleLibRuntimeToJarRelease', task ':firebase_core:createFullJarRelease', task ':firebase_core:writeReleaseLintModelMetadata', task ':path_provider_android:bundleLibResRelease', task ':path_provider_android:bundleLibRuntimeToJarRelease', task ':path_provider_android:createFullJarRelease', task ':path_provider_android:writeReleaseLintModelMetadata', task ':app:lintVitalAnalyzeRelease', task ':app:lintVitalReportRelease', task ':app:writeReleaseApplicationId', task ':app:analyticsRecordingRelease', task ':app:lintVitalRelease', task ':app:mergeReleaseJniLibFolders', task ':firebase_auth:copyReleaseJniLibsProjectOnly', task ':firebase_core:copyReleaseJniLibsProjectOnly', task ':path_provider_android:copyReleaseJniLibsProjectOnly', task ':app:mergeReleaseNativeLibs', task ':app:stripReleaseDebugSymbols', task ':app:extractReleaseNativeSymbolTables', task ':app:mergeReleaseNativeDebugMetadata', task ':app:mergeReleaseArtProfile', task ':firebase_auth:exportReleaseConsumerProguardFiles', task ':firebase_core:exportReleaseConsumerProguardFiles', task ':path_provider_android:exportReleaseConsumerProguardFiles', task ':app:checkReleaseDuplicateClasses', task ':app:mergeReleaseGeneratedProguardFiles', task ':app:processReleaseJavaRes', task ':app:mergeReleaseJavaResource', task ':app:minifyReleaseWithR8', task ':app:compileReleaseArtProfile', task ':app:compressReleaseAssets', task ':app:processApplicationManifestReleaseForBundle', task ':app:bundleReleaseResources', task ':app:shrinkReleaseRes', task ':app:optimizeReleaseResources', task ':app:collectReleaseDependencies', task ':app:sdkReleaseDependencyData', task ':app:validateSigningRelease', task ':app:writeReleaseAppMetadata', task ':app:writeReleaseSigningConfigVersions', task ':app:packageRelease', task ':app:createReleaseApkListingFileRedirect', task ':app:assembleRelease', task ':firebase_auth:bundleReleaseAar', task ':firebase_auth:mapReleaseSourceSetPaths', task ':firebase_auth:mergeReleaseResources', task ':firebase_core:compileReleaseLibraryResources', task ':firebase_auth:verifyReleaseResources', task ':firebase_auth:assembleRelease', task ':firebase_core:bundleReleaseAar', task ':firebase_core:mapReleaseSourceSetPaths', task ':firebase_core:mergeReleaseResources', task ':firebase_core:verifyReleaseResources', task ':firebase_core:assembleRelease', task ':path_provider_android:bundleReleaseAar', task ':path_provider_android:mapReleaseSourceSetPaths', task ':path_provider_android:mergeReleaseResources', task ':path_provider_android:verifyReleaseResources', task ':path_provider_android:assembleRelease']
[        ] Tasks that were excluded: []
[        ] Analytics other plugin to proto: Unknown plugin type org.gradle.kotlin.dsl.provider.plugins.KotlinScriptRootPlugin expected enum ORG_GRADLE_KOTLIN_DSL_PROVIDER_PLUGINS_KOTLINSCRIPTROOTPLUGIN
[        ] Analytics other plugin to proto: Unknown plugin type org.gradle.api.plugins.JvmEcosystemPlugin expected enum ORG_GRADLE_API_PLUGINS_JVMECOSYSTEMPLUGIN
[        ] Analytics other plugin to proto: Unknown plugin type org.gradle.api.plugins.JvmToolchainsPlugin expected enum ORG_GRADLE_API_PLUGINS_JVMTOOLCHAINSPLUGIN
[        ] Analytics other plugin to proto: Unknown plugin type org.gradle.api.plugins.JavaBasePlugin$Inject expected enum ORG_GRADLE_API_PLUGINS_JAVABASEPLUGIN$INJECT
[        ] Analytics other plugin to proto: Unknown plugin type org.gradle.kotlin.dsl.provider.plugins.KotlinScriptBasePlugin expected enum ORG_GRADLE_KOTLIN_DSL_PROVIDER_PLUGINS_KOTLINSCRIPTBASEPLUGIN
[        ] Analytics other plugin to proto: Unknown plugin type Dependency_version_checker_gradle$FlutterDependencyCheckerPlugin expected enum DEPENDENCY_VERSION_CHECKER_GRADLE$FLUTTERDEPENDENCYCHECKERPLUGIN
[        ] Analytics other plugin to proto: Unknown plugin type Flutter_gradle$FlutterPluginKts expected enum FLUTTER_GRADLE$FLUTTERPLUGINKTS
[        ] Analytics other plugin to proto: Unknown plugin type FlutterPlugin expected enum FLUTTERPLUGIN
[        ] Analytics other plugin to proto: Unknown plugin type org.gradle.api.plugins.JvmEcosystemPlugin expected enum ORG_GRADLE_API_PLUGINS_JVMECOSYSTEMPLUGIN
[        ] Analytics other plugin to proto: Unknown plugin type org.gradle.api.plugins.JvmToolchainsPlugin expected enum ORG_GRADLE_API_PLUGINS_JVMTOOLCHAINSPLUGIN
[        ] Analytics other plugin to proto: Unknown plugin type org.gradle.api.plugins.JavaBasePlugin$Inject expected enum ORG_GRADLE_API_PLUGINS_JAVABASEPLUGIN$INJECT
[        ] Analytics other plugin to proto: Unknown plugin type org.gradle.api.plugins.JvmEcosystemPlugin expected enum ORG_GRADLE_API_PLUGINS_JVMECOSYSTEMPLUGIN
[        ] Analytics other plugin to proto: Unknown plugin type org.gradle.api.plugins.JvmToolchainsPlugin expected enum ORG_GRADLE_API_PLUGINS_JVMTOOLCHAINSPLUGIN
[        ] Analytics other plugin to proto: Unknown plugin type org.gradle.api.plugins.JavaBasePlugin$Inject expected enum ORG_GRADLE_API_PLUGINS_JAVABASEPLUGIN$INJECT
[        ] Analytics other plugin to proto: Unknown plugin type org.gradle.api.plugins.JvmEcosystemPlugin expected enum ORG_GRADLE_API_PLUGINS_JVMECOSYSTEMPLUGIN
[        ] Analytics other plugin to proto: Unknown plugin type org.gradle.api.plugins.JvmToolchainsPlugin expected enum ORG_GRADLE_API_PLUGINS_JVMTOOLCHAINSPLUGIN
[        ] Analytics other plugin to proto: Unknown plugin type org.gradle.api.plugins.JavaBasePlugin$Inject expected enum ORG_GRADLE_API_PLUGINS_JAVABASEPLUGIN$INJECT
[        ] work action Parameters of ExtractAarTransform (Thread[Execution worker Thread 3,5,main]) started.
[        ] work action Parameters of FilterShrinkerRulesTransform (Thread[Execution worker Thread 3,5,main]) started.
[        ] Resolve mutations for :firebase_auth:preBuild (Thread[Execution worker Thread 3,5,main]) started.
[        ] :firebase_auth:preBuild (Thread[Execution worker Thread 3,5,main]) started.
[        ] > Task :firebase_auth:preBuild UP-TO-DATE
[        ] Skipping task ':firebase_auth:preBuild' as it has no actions.
[        ] Resolve mutations for :firebase_auth:preReleaseBuild (Thread[Execution worker Thread 3,5,main]) started.
[        ] :firebase_auth:preReleaseBuild (Thread[Execution worker Thread 10,5,main]) started.
[        ] > Task :firebase_auth:preReleaseBuild UP-TO-DATE
[        ] Skipping task ':firebase_auth:preReleaseBuild' as it has no actions.
[        ] Resolve mutations for :firebase_core:preBuild (Thread[Execution worker Thread 10,5,main]) started.
[        ] :firebase_core:preBuild (Thread[Execution worker Thread 10,5,main]) started.
[        ] > Task :firebase_core:preBuild UP-TO-DATE
[        ] Skipping task ':firebase_core:preBuild' as it has no actions.
[        ] Resolve mutations for :firebase_core:preReleaseBuild (Thread[Execution worker Thread 10,5,main]) started.
[        ] :firebase_core:preReleaseBuild (Thread[Execution worker Thread 9,5,main]) started.
[        ] > Task :firebase_core:preReleaseBuild UP-TO-DATE
[        ] Skipping task ':firebase_core:preReleaseBuild' as it has no actions.
[        ] Resolve mutations for :firebase_core:compileReleaseAidl (Thread[Execution worker Thread 9,5,main]) started.
[        ] :firebase_core:compileReleaseAidl (Thread[Execution worker Thread 9,5,main]) started.
[        ] > Task :firebase_core:compileReleaseAidl NO-SOURCE
[        ] Skipping task ':firebase_core:compileReleaseAidl' as it has no source files and no previous output files.
[        ] work action resolve out (project :firebase_core) (Thread[Execution worker Thread 9,5,main]) started.
[        ] Resolve mutations for :firebase_auth:compileReleaseAidl (Thread[Execution worker Thread 9,5,main]) started.
[        ] :firebase_auth:compileReleaseAidl (Thread[Execution worker Thread 8,5,main]) started.
[        ] > Task :firebase_auth:compileReleaseAidl NO-SOURCE
[        ] Skipping task ':firebase_auth:compileReleaseAidl' as it has no source files and no previous output files.
[        ] work action resolve out (project :firebase_auth) (Thread[Execution worker Thread 8,5,main]) started.
[        ] Resolve mutations for :firebase_auth:mergeReleaseJniLibFolders (Thread[Execution worker Thread 8,5,main]) started.
[        ] :firebase_auth:mergeReleaseJniLibFolders (Thread[Execution worker Thread 8,5,main]) started.
[        ] > Task :firebase_auth:mergeReleaseJniLibFolders UP-TO-DATE
[        ] Caching disabled for task ':firebase_auth:mergeReleaseJniLibFolders' because:
[        ]   Build cache is disabled
[        ] Skipping task ':firebase_auth:mergeReleaseJniLibFolders' as it is up-to-date.
[        ] Resolve mutations for :firebase_auth:mergeReleaseNativeLibs (Thread[Execution worker Thread 8,5,main]) started.
[        ] :firebase_auth:mergeReleaseNativeLibs (Thread[Execution worker Thread 8,5,main]) started.
[        ] > Task :firebase_auth:mergeReleaseNativeLibs NO-SOURCE
[        ] Skipping task ':firebase_auth:mergeReleaseNativeLibs' as it has no source files and no previous output files.
[        ] Resolve mutations for :firebase_auth:stripReleaseDebugSymbols (Thread[Execution worker Thread 8,5,main]) started.
[        ] :firebase_auth:stripReleaseDebugSymbols (Thread[Execution worker Thread 8,5,main]) started.
[        ] > Task :firebase_auth:stripReleaseDebugSymbols NO-SOURCE
[        ] Skipping task ':firebase_auth:stripReleaseDebugSymbols' as it has no source files and no previous output files.
[        ] Resolve mutations for :firebase_auth:copyReleaseJniLibsProjectAndLocalJars (Thread[Execution worker Thread 8,5,main]) started.
[        ] :firebase_auth:copyReleaseJniLibsProjectAndLocalJars (Thread[Execution worker Thread 8,5,main]) started.
[        ] > Task :firebase_auth:copyReleaseJniLibsProjectAndLocalJars UP-TO-DATE
[        ] Caching disabled for task ':firebase_auth:copyReleaseJniLibsProjectAndLocalJars' because:
[        ]   Build cache is disabled
[        ] Skipping task ':firebase_auth:copyReleaseJniLibsProjectAndLocalJars' as it is up-to-date.
[        ] Resolve mutations for :firebase_core:packageReleaseRenderscript (Thread[Execution worker Thread 8,5,main]) started.
[        ] :firebase_core:packageReleaseRenderscript (Thread[Execution worker Thread 8,5,main]) started.
[        ] > Task :firebase_core:packageReleaseRenderscript NO-SOURCE
[        ] Skipping task ':firebase_core:packageReleaseRenderscript' as it has no source files and no previous output files.
[        ] work action resolve out (project :firebase_core) (Thread[Execution worker Thread 8,5,main]) started.
[        ] Resolve mutations for :firebase_auth:compileReleaseRenderscript (Thread[Execution worker Thread 8,5,main]) started.
[        ] :firebase_auth:compileReleaseRenderscript (Thread[Execution worker Thread 8,5,main]) started.
[        ] > Task :firebase_auth:compileReleaseRenderscript NO-SOURCE
[        ] Skipping task ':firebase_auth:compileReleaseRenderscript' as it has no source files and no previous output files.
[        ] Resolve mutations for :firebase_auth:generateReleaseResValues (Thread[Execution worker Thread 8,5,main]) started.
[        ] :firebase_auth:generateReleaseResValues (Thread[Execution worker Thread 8,5,main]) started.
[        ] > Task :firebase_auth:generateReleaseResValues UP-TO-DATE
[        ] Caching disabled for task ':firebase_auth:generateReleaseResValues' because:
[        ]   Build cache is disabled
[        ] Skipping task ':firebase_auth:generateReleaseResValues' as it is up-to-date.
[        ] Resolve mutations for :firebase_auth:extractDeepLinksForAarRelease (Thread[Execution worker Thread 8,5,main]) started.
[        ] :firebase_auth:extractDeepLinksForAarRelease (Thread[Execution worker Thread 8,5,main]) started.
[        ] > Task :firebase_auth:extractDeepLinksForAarRelease UP-TO-DATE
[        ] Caching disabled for task ':firebase_auth:extractDeepLinksForAarRelease' because:
[        ]   Build cache is disabled
[        ] Skipping task ':firebase_auth:extractDeepLinksForAarRelease' as it is up-to-date.
[        ] Resolve mutations for :firebase_auth:generateReleaseBuildConfig (Thread[Execution worker Thread 8,5,main]) started.
[        ] :firebase_auth:generateReleaseBuildConfig (Thread[Execution worker Thread 8,5,main]) started.
[        ] > Task :firebase_auth:generateReleaseBuildConfig UP-TO-DATE
[        ] Caching disabled for task ':firebase_auth:generateReleaseBuildConfig' because:
[        ]   Build cache is disabled
[        ] Skipping task ':firebase_auth:generateReleaseBuildConfig' as it is up-to-date.
[        ] Resolve mutations for :firebase_auth:generateReleaseResources (Thread[Execution worker Thread 8,5,main]) started.
[        ] :firebase_auth:generateReleaseResources (Thread[Execution worker Thread 8,5,main]) started.
[        ] > Task :firebase_auth:generateReleaseResources UP-TO-DATE
[        ] Skipping task ':firebase_auth:generateReleaseResources' as it has no actions.
[        ] Resolve mutations for :firebase_auth:packageReleaseResources (Thread[Execution worker Thread 8,5,main]) started.
[        ] :firebase_auth:packageReleaseResources (Thread[Execution worker Thread 8,5,main]) started.
[        ] > Task :firebase_auth:packageReleaseResources UP-TO-DATE
[        ] Caching disabled for task ':firebase_auth:packageReleaseResources' because:
[        ]   Build cache is disabled
[        ] Skipping task ':firebase_auth:packageReleaseResources' as it is up-to-date.
[        ] work action resolve release (project :firebase_auth) (Thread[Execution worker Thread 8,5,main]) started.
[        ] Resolve mutations for :firebase_auth:parseReleaseLocalResources (Thread[Execution worker Thread 8,5,main]) started.
[        ] :firebase_auth:parseReleaseLocalResources (Thread[Execution worker Thread 8,5,main]) started.
[        ] > Task :firebase_auth:parseReleaseLocalResources UP-TO-DATE
[        ] Transforming android.jar with PlatformAttrTransform
[        ] Transforming android.jar with PlatformAttrTransform
[        ] Caching disabled for task ':firebase_auth:parseReleaseLocalResources' because:
[        ]   Build cache is disabled
[        ] Skipping task ':firebase_auth:parseReleaseLocalResources' as it is up-to-date.
[        ] Resolve mutations for :firebase_auth:processReleaseManifest (Thread[Execution worker Thread 8,5,main]) started.
[        ] :firebase_auth:processReleaseManifest (Thread[Execution worker Thread 8,5,main]) started.
[        ] > Task :firebase_auth:processReleaseManifest UP-TO-DATE
[        ] Caching disabled for task ':firebase_auth:processReleaseManifest' because:
[        ]   Build cache is disabled
[        ] Skipping task ':firebase_auth:processReleaseManifest' as it is up-to-date.
[        ] work action resolve AndroidManifest.xml (project :firebase_auth) (Thread[Execution worker Thread 8,5,main]) started.
[        ] work action resolve AndroidManifest.xml (project :firebase_auth) (Thread[Execution worker Thread 8,5,main]) started.
[        ] Resolve mutations for :firebase_core:compileReleaseRenderscript (Thread[Execution worker Thread 8,5,main]) started.
[        ] :firebase_core:compileReleaseRenderscript (Thread[Execution worker Thread 8,5,main]) started.
[        ] > Task :firebase_core:compileReleaseRenderscript NO-SOURCE
[        ] Skipping task ':firebase_core:compileReleaseRenderscript' as it has no source files and no previous output files.
[        ] Resolve mutations for :firebase_core:generateReleaseResValues (Thread[Execution worker Thread 8,5,main]) started.
[        ] :firebase_core:generateReleaseResValues (Thread[Execution worker Thread 8,5,main]) started.
[        ] > Task :firebase_core:generateReleaseResValues UP-TO-DATE
[        ] Caching disabled for task ':firebase_core:generateReleaseResValues' because:
[        ]   Build cache is disabled
[        ] Skipping task ':firebase_core:generateReleaseResValues' as it is up-to-date.
[        ] Resolve mutations for :firebase_core:generateReleaseResources (Thread[Execution worker Thread 8,5,main]) started.
[        ] :firebase_core:generateReleaseResources (Thread[Execution worker Thread 8,5,main]) started.
[        ] > Task :firebase_core:generateReleaseResources UP-TO-DATE
[        ] Skipping task ':firebase_core:generateReleaseResources' as it has no actions.
[        ] Resolve mutations for :firebase_core:packageReleaseResources (Thread[Execution worker Thread 8,5,main]) started.
[        ] :firebase_core:packageReleaseResources (Thread[Execution worker Thread 8,5,main]) started.
[        ] > Task :firebase_core:packageReleaseResources UP-TO-DATE
[        ] Caching disabled for task ':firebase_core:packageReleaseResources' because:
[        ]   Build cache is disabled
[        ] Skipping task ':firebase_core:packageReleaseResources' as it is up-to-date.
[        ] work action resolve release (project :firebase_core) (Thread[Execution worker Thread 8,5,main]) started.
[        ] Resolve mutations for :firebase_core:parseReleaseLocalResources (Thread[Execution worker Thread 8,5,main]) started.
[        ] :firebase_core:parseReleaseLocalResources (Thread[Execution worker Thread 8,5,main]) started.
[        ] > Task :firebase_core:parseReleaseLocalResources UP-TO-DATE
[        ] Transforming android.jar with PlatformAttrTransform
[        ] Transforming android.jar with PlatformAttrTransform
[        ] Caching disabled for task ':firebase_core:parseReleaseLocalResources' because:
[        ]   Build cache is disabled
[        ] Skipping task ':firebase_core:parseReleaseLocalResources' as it is up-to-date.
[        ] Resolve mutations for :firebase_core:processReleaseManifest (Thread[Execution worker Thread 8,5,main]) started.
[        ] :firebase_core:processReleaseManifest (Thread[Execution worker Thread 8,5,main]) started.
[        ] > Task :firebase_core:processReleaseManifest UP-TO-DATE
[        ] Caching disabled for task ':firebase_core:processReleaseManifest' because:
[        ]   Build cache is disabled
[        ] Skipping task ':firebase_core:processReleaseManifest' as it is up-to-date.
[        ] work action resolve AndroidManifest.xml (project :firebase_core) (Thread[Execution worker Thread 8,5,main]) started.
[        ] work action resolve AndroidManifest.xml (project :firebase_core) (Thread[Execution worker Thread 8,5,main]) started.
[        ] Resolve mutations for :firebase_core:generateReleaseRFile (Thread[Execution worker Thread 8,5,main]) started.
[        ] :firebase_core:generateReleaseRFile (Thread[Execution worker Thread 8,5,main]) started.
[  +79 ms] > Task :firebase_core:generateReleaseRFile UP-TO-DATE
[        ] Transforming firebase-common-21.0.0.aar (com.google.firebase:firebase-common:21.0.0) with JetifyTransform
[        ] Transforming firebase-common-21.0.0.aar (com.google.firebase:firebase-common:21.0.0) with ExtractAarTransform
[        ] Transforming firebase-common-21.0.0.aar (com.google.firebase:firebase-common:21.0.0) with LibrarySymbolTableTransform
[        ] Transforming viewpager-1.0.0.aar (androidx.viewpager:viewpager:1.0.0) with JetifyTransform
[        ] Transforming viewpager-1.0.0.aar (androidx.viewpager:viewpager:1.0.0) with ExtractAarTransform
[        ] Transforming viewpager-1.0.0.aar (androidx.viewpager:viewpager:1.0.0) with LibrarySymbolTableTransform
[        ] Transforming window-java-1.0.0-beta04.aar (androidx.window:window-java:1.0.0-beta04) with JetifyTransform
[        ] Transforming window-java-1.0.0-beta04.aar (androidx.window:window-java:1.0.0-beta04) with ExtractAarTransform
[        ] Transforming window-java-1.0.0-beta04.aar (androidx.window:window-java:1.0.0-beta04) with LibrarySymbolTableTransform
[        ] Transforming window-1.0.0-beta04.aar (androidx.window:window:1.0.0-beta04) with JetifyTransform
[        ] Transforming window-1.0.0-beta04.aar (androidx.window:window:1.0.0-beta04) with ExtractAarTransform
[        ] Transforming window-1.0.0-beta04.aar (androidx.window:window:1.0.0-beta04) with LibrarySymbolTableTransform
[        ] Transforming loader-1.0.0.aar (androidx.loader:loader:1.0.0) with JetifyTransform
[        ] Transforming loader-1.0.0.aar (androidx.loader:loader:1.0.0) with ExtractAarTransform
[        ] Transforming loader-1.0.0.aar (androidx.loader:loader:1.0.0) with LibrarySymbolTableTransform
[        ] Transforming firebase-components-18.0.0.aar (com.google.firebase:firebase-components:18.0.0) with JetifyTransform
[        ] Transforming firebase-components-18.0.0.aar (com.google.firebase:firebase-components:18.0.0) with ExtractAarTransform
[        ] Transforming firebase-components-18.0.0.aar (com.google.firebase:firebase-components:18.0.0) with LibrarySymbolTableTransform
[        ] Transforming play-services-tasks-18.1.0.aar (com.google.android.gms:play-services-tasks:18.1.0) with JetifyTransform
[        ] Transforming play-services-tasks-18.1.0.aar (com.google.android.gms:play-services-tasks:18.1.0) with ExtractAarTransform
[        ] Transforming play-services-tasks-18.1.0.aar (com.google.android.gms:play-services-tasks:18.1.0) with LibrarySymbolTableTransform
[        ] Transforming play-services-basement-18.3.0.aar (com.google.android.gms:play-services-basement:18.3.0) with JetifyTransform
[        ] Transforming play-services-basement-18.3.0.aar (com.google.android.gms:play-services-basement:18.3.0) with ExtractAarTransform
[        ] Transforming play-services-basement-18.3.0.aar (com.google.android.gms:play-services-basement:18.3.0) with LibrarySymbolTableTransform
[        ] Transforming lifecycle-runtime-2.2.0.aar (androidx.lifecycle:lifecycle-runtime:2.2.0) with JetifyTransform
[        ] Transforming lifecycle-runtime-2.2.0.aar (androidx.lifecycle:lifecycle-runtime:2.2.0) with ExtractAarTransform
[        ] Transforming lifecycle-runtime-2.2.0.aar (androidx.lifecycle:lifecycle-runtime:2.2.0) with LibrarySymbolTableTransform
[        ] Transforming fragment-1.1.0.aar (androidx.fragment:fragment:1.1.0) with JetifyTransform
[        ] Transforming fragment-1.1.0.aar (androidx.fragment:fragment:1.1.0) with ExtractAarTransform
[        ] Transforming fragment-1.1.0.aar (androidx.fragment:fragment:1.1.0) with LibrarySymbolTableTransform
[        ] Transforming fragment-1.1.0.aar (androidx.fragment:fragment:1.1.0) with JetifyTransform
[        ] Transforming fragment-1.1.0.aar (androidx.fragment:fragment:1.1.0) with ExtractAarTransform
[        ] Transforming fragment-1.1.0.aar (androidx.fragment:fragment:1.1.0) with LibrarySymbolTableTransform
[        ] Transforming core-1.6.0.aar (androidx.core:core:1.6.0) with JetifyTransform
[        ] Transforming core-1.6.0.aar (androidx.core:core:1.6.0) with JetifyTransform
[        ] Transforming core-1.6.0.aar (androidx.core:core:1.6.0) with ExtractAarTransform
[        ] Transforming core-1.6.0.aar (androidx.core:core:1.6.0) with ExtractAarTransform
[        ] Transforming core-1.6.0.aar (androidx.core:core:1.6.0) with LibrarySymbolTableTransform
[        ] Transforming core-1.6.0.aar (androidx.core:core:1.6.0) with LibrarySymbolTableTransform
[        ] Transforming lifecycle-livedata-core-2.0.0.aar (androidx.lifecycle:lifecycle-livedata-core:2.0.0) with JetifyTransform
[        ] Transforming lifecycle-livedata-core-2.0.0.aar (androidx.lifecycle:lifecycle-livedata-core:2.0.0) with ExtractAarTransform
[        ] Transforming lifecycle-livedata-core-2.0.0.aar (androidx.lifecycle:lifecycle-livedata-core:2.0.0) with LibrarySymbolTableTransform
[        ] Transforming lifecycle-runtime-2.2.0.aar (androidx.lifecycle:lifecycle-runtime:2.2.0) with JetifyTransform
[        ] Transforming core-1.6.0.aar (androidx.core:core:1.6.0) with JetifyTransform
[        ] Transforming tracing-1.0.0.aar (androidx.tracing:tracing:1.0.0) with JetifyTransform
[        ] Transforming core-1.6.0.aar (androidx.core:core:1.6.0) with ExtractAarTransform
[        ] Transforming tracing-1.0.0.aar (androidx.tracing:tracing:1.0.0) with ExtractAarTransform
[        ] Transforming lifecycle-runtime-2.2.0.aar (androidx.lifecycle:lifecycle-runtime:2.2.0) with ExtractAarTransform
[        ] Transforming core-1.6.0.aar (androidx.core:core:1.6.0) with JetifyTransform
[        ] Transforming tracing-1.0.0.aar (androidx.tracing:tracing:1.0.0) with LibrarySymbolTableTransform
[        ] Transforming core-1.6.0.aar (androidx.core:core:1.6.0) with LibrarySymbolTableTransform
[        ] Transforming core-1.6.0.aar (androidx.core:core:1.6.0) with ExtractAarTransform
[        ] Transforming lifecycle-runtime-2.2.0.aar (androidx.lifecycle:lifecycle-runtime:2.2.0) with LibrarySymbolTableTransform
[        ] Transforming core-1.6.0.aar (androidx.core:core:1.6.0) with LibrarySymbolTableTransform
[        ] Transforming customview-1.0.0.aar (androidx.customview:customview:1.0.0) with JetifyTransform
[        ] Transforming customview-1.0.0.aar (androidx.customview:customview:1.0.0) with ExtractAarTransform
[        ] Transforming core-1.6.0.aar (androidx.core:core:1.6.0) with JetifyTransform
[        ] Transforming core-1.6.0.aar (androidx.core:core:1.6.0) with JetifyTransform
[        ] Transforming activity-1.0.0.aar (androidx.activity:activity:1.0.0) with JetifyTransform
[        ] Transforming customview-1.0.0.aar (androidx.customview:customview:1.0.0) with LibrarySymbolTableTransform
[        ] Transforming core-1.6.0.aar (androidx.core:core:1.6.0) with JetifyTransform
[        ] Transforming core-1.6.0.aar (androidx.core:core:1.6.0) with ExtractAarTransform
[        ] Transforming activity-1.0.0.aar (androidx.activity:activity:1.0.0) with ExtractAarTransform
[        ] Transforming core-1.6.0.aar (androidx.core:core:1.6.0) with ExtractAarTransform
[        ] Transforming core-1.6.0.aar (androidx.core:core:1.6.0) with ExtractAarTransform
[        ] Transforming core-1.6.0.aar (androidx.core:core:1.6.0) with LibrarySymbolTableTransform
[        ] Transforming lifecycle-viewmodel-2.1.0.aar (androidx.lifecycle:lifecycle-viewmodel:2.1.0) with JetifyTransform
[        ] Transforming activity-1.0.0.aar (androidx.activity:activity:1.0.0) with LibrarySymbolTableTransform
[        ] Transforming lifecycle-viewmodel-2.1.0.aar (androidx.lifecycle:lifecycle-viewmodel:2.1.0) with JetifyTransform
[        ] Transforming lifecycle-viewmodel-2.1.0.aar (androidx.lifecycle:lifecycle-viewmodel:2.1.0) with JetifyTransform
[        ] Transforming core-1.6.0.aar (androidx.core:core:1.6.0) with LibrarySymbolTableTransform
[        ] Transforming lifecycle-viewmodel-2.1.0.aar (androidx.lifecycle:lifecycle-viewmodel:2.1.0) with ExtractAarTransform
[        ] Transforming lifecycle-viewmodel-2.1.0.aar (androidx.lifecycle:lifecycle-viewmodel:2.1.0) with ExtractAarTransform
[        ] Transforming versionedparcelable-1.1.1.aar (androidx.versionedparcelable:versionedparcelable:1.1.1) with JetifyTransform
[        ] Transforming versionedparcelable-1.1.1.aar (androidx.versionedparcelable:versionedparcelable:1.1.1) with ExtractAarTransform
[        ] Transforming core-runtime-2.0.0.aar (androidx.arch.core:core-runtime:2.0.0) with JetifyTransform
[        ] Transforming core-runtime-2.0.0.aar (androidx.arch.core:core-runtime:2.0.0) with JetifyTransform
[        ] Transforming lifecycle-viewmodel-2.1.0.aar (androidx.lifecycle:lifecycle-viewmodel:2.1.0) with ExtractAarTransform
[        ] Transforming core-1.6.0.aar (androidx.core:core:1.6.0) with LibrarySymbolTableTransform
[        ] Transforming lifecycle-viewmodel-2.1.0.aar (androidx.lifecycle:lifecycle-viewmodel:2.1.0) with LibrarySymbolTableTransform
[        ] Transforming savedstate-1.0.0.aar (androidx.savedstate:savedstate:1.0.0) with JetifyTransform
[        ] Transforming core-runtime-2.0.0.aar (androidx.arch.core:core-runtime:2.0.0) with ExtractAarTransform
[        ] Transforming core-runtime-2.0.0.aar (androidx.arch.core:core-runtime:2.0.0) with ExtractAarTransform
[        ] Transforming versionedparcelable-1.1.1.aar (androidx.versionedparcelable:versionedparcelable:1.1.1) with LibrarySymbolTableTransform
[        ] Transforming lifecycle-viewmodel-2.1.0.aar (androidx.lifecycle:lifecycle-viewmodel:2.1.0) with LibrarySymbolTableTransform
[        ] Transforming lifecycle-viewmodel-2.1.0.aar (androidx.lifecycle:lifecycle-viewmodel:2.1.0) with LibrarySymbolTableTransform
[        ] Transforming core-runtime-2.0.0.aar (androidx.arch.core:core-runtime:2.0.0) with LibrarySymbolTableTransform
[        ] Transforming core-runtime-2.0.0.aar (androidx.arch.core:core-runtime:2.0.0) with LibrarySymbolTableTransform
[        ] Transforming lifecycle-livedata-2.0.0.aar (androidx.lifecycle:lifecycle-livedata:2.0.0) with JetifyTransform
[        ] Transforming savedstate-1.0.0.aar (androidx.savedstate:savedstate:1.0.0) with ExtractAarTransform
[        ] Transforming lifecycle-livedata-2.0.0.aar (androidx.lifecycle:lifecycle-livedata:2.0.0) with ExtractAarTransform
[        ] Transforming savedstate-1.0.0.aar (androidx.savedstate:savedstate:1.0.0) with LibrarySymbolTableTransform
[        ] Transforming annotation-experimental-1.1.0.aar (androidx.annotation:annotation-experimental:1.1.0) with JetifyTransform
[        ] Transforming lifecycle-livedata-2.0.0.aar (androidx.lifecycle:lifecycle-livedata:2.0.0) with LibrarySymbolTableTransform
[        ] Transforming annotation-experimental-1.1.0.aar (androidx.annotation:annotation-experimental:1.1.0) with ExtractAarTransform
[        ] Transforming annotation-experimental-1.1.0.aar (androidx.annotation:annotation-experimental:1.1.0) with LibrarySymbolTableTransform
[        ] Transforming android.jar with PlatformAttrTransform
[        ] Caching disabled for task ':firebase_core:generateReleaseRFile' because:
[        ]   Build cache is disabled
[        ] Skipping task ':firebase_core:generateReleaseRFile' as it is up-to-date.
[        ] work action resolve package-aware-r.txt (project :firebase_core) (Thread[Execution worker Thread 8,5,main]) started.
[        ] work action resolve package-aware-r.txt (project :firebase_core) (Thread[Execution worker Thread 11,5,main]) started.
[        ] Resolve mutations for :firebase_auth:generateReleaseRFile (Thread[Execution worker Thread 3,5,main]) started.
[        ] :firebase_auth:generateReleaseRFile (Thread[Execution worker Thread 3,5,main]) started.
[        ] > Task :firebase_auth:generateReleaseRFile UP-TO-DATE
[        ] Transforming firebase-common-21.0.0.aar (com.google.firebase:firebase-common:21.0.0) with JetifyTransform
[        ] Transforming firebase-common-21.0.0.aar (com.google.firebase:firebase-common:21.0.0) with ExtractAarTransform
[        ] Transforming firebase-common-21.0.0.aar (com.google.firebase:firebase-common:21.0.0) with LibrarySymbolTableTransform
[        ] Transforming window-java-1.0.0-beta04.aar (androidx.window:window-java:1.0.0-beta04) with JetifyTransform
[        ] Transforming window-java-1.0.0-beta04.aar (androidx.window:window-java:1.0.0-beta04) with ExtractAarTransform
[        ] Transforming window-java-1.0.0-beta04.aar (androidx.window:window-java:1.0.0-beta04) with LibrarySymbolTableTransform
[        ] Transforming window-1.0.0-beta04.aar (androidx.window:window:1.0.0-beta04) with JetifyTransform
[        ] Transforming window-1.0.0-beta04.aar (androidx.window:window:1.0.0-beta04) with ExtractAarTransform
[        ] Transforming window-1.0.0-beta04.aar (androidx.window:window:1.0.0-beta04) with LibrarySymbolTableTransform
[        ] Transforming play-services-tasks-18.1.0.aar (com.google.android.gms:play-services-tasks:18.1.0) with JetifyTransform
[        ] Transforming play-services-tasks-18.1.0.aar (com.google.android.gms:play-services-tasks:18.1.0) with ExtractAarTransform
[        ] Transforming play-services-tasks-18.1.0.aar (com.google.android.gms:play-services-tasks:18.1.0) with LibrarySymbolTableTransform
[        ] Transforming play-services-tasks-18.1.0.aar (com.google.android.gms:play-services-tasks:18.1.0) with JetifyTransform
[        ] Transforming play-services-tasks-18.1.0.aar (com.google.android.gms:play-services-tasks:18.1.0) with ExtractAarTransform
[        ] Transforming play-services-tasks-18.1.0.aar (com.google.android.gms:play-services-tasks:18.1.0) with LibrarySymbolTableTransform
[        ] Transforming firebase-auth-23.0.0.aar (com.google.firebase:firebase-auth:23.0.0) with JetifyTransform
[        ] Transforming play-services-basement-18.3.0.aar (com.google.android.gms:play-services-basement:18.3.0) with JetifyTransform
[        ] Transforming play-services-basement-18.3.0.aar (com.google.android.gms:play-services-basement:18.3.0) with ExtractAarTransform
[        ] Transforming firebase-auth-23.0.0.aar (com.google.firebase:firebase-auth:23.0.0) with ExtractAarTransform
[        ] Transforming play-services-basement-18.3.0.aar (com.google.android.gms:play-services-basement:18.3.0) with LibrarySymbolTableTransform
[        ] Transforming browser-1.4.0.aar (androidx.browser:browser:1.4.0) with JetifyTransform
[        ] Transforming firebase-auth-23.0.0.aar (com.google.firebase:firebase-auth:23.0.0) with LibrarySymbolTableTransform
[        ] Transforming browser-1.4.0.aar (androidx.browser:browser:1.4.0) with ExtractAarTransform
[        ] Transforming fragment-1.1.0.aar (androidx.fragment:fragment:1.1.0) with JetifyTransform
[        ] Transforming browser-1.4.0.aar (androidx.browser:browser:1.4.0) with LibrarySymbolTableTransform
[        ] Transforming fragment-1.1.0.aar (androidx.fragment:fragment:1.1.0) with ExtractAarTransform
[        ] Transforming fragment-1.1.0.aar (androidx.fragment:fragment:1.1.0) with LibrarySymbolTableTransform
[        ] Transforming fragment-1.1.0.aar (androidx.fragment:fragment:1.1.0) with JetifyTransform
[        ] Transforming fragment-1.1.0.aar (androidx.fragment:fragment:1.1.0) with ExtractAarTransform
[        ] Transforming fragment-1.1.0.aar (androidx.fragment:fragment:1.1.0) with LibrarySymbolTableTransform
[        ] Transforming viewpager-1.0.0.aar (androidx.viewpager:viewpager:1.0.0) with JetifyTransform
[        ] Transforming viewpager-1.0.0.aar (androidx.viewpager:viewpager:1.0.0) with ExtractAarTransform
[        ] Transforming viewpager-1.0.0.aar (androidx.viewpager:viewpager:1.0.0) with LibrarySymbolTableTransform
[        ] Transforming loader-1.0.0.aar (androidx.loader:loader:1.0.0) with JetifyTransform
[        ] Transforming play-services-auth-api-phone-18.0.2.aar (com.google.android.gms:play-services-auth-api-phone:18.0.2) with JetifyTransform
[        ] Transforming loader-1.0.0.aar (androidx.loader:loader:1.0.0) with ExtractAarTransform
[        ] Transforming loader-1.0.0.aar (androidx.loader:loader:1.0.0) with LibrarySymbolTableTransform
[        ] Transforming play-services-auth-api-phone-18.0.2.aar (com.google.android.gms:play-services-auth-api-phone:18.0.2) with ExtractAarTransform
[        ] Transforming activity-1.0.0.aar (androidx.activity:activity:1.0.0) with JetifyTransform
[        ] Transforming play-services-auth-api-phone-18.0.2.aar (com.google.android.gms:play-services-auth-api-phone:18.0.2) with LibrarySymbolTableTransform
[        ] Transforming activity-1.0.0.aar (androidx.activity:activity:1.0.0) with ExtractAarTransform
[        ] Transforming activity-1.0.0.aar (androidx.activity:activity:1.0.0) with LibrarySymbolTableTransform
[        ] Transforming customview-1.0.0.aar (androidx.customview:customview:1.0.0) with JetifyTransform
[        ] Transforming customview-1.0.0.aar (androidx.customview:customview:1.0.0) with ExtractAarTransform
[        ] Transforming customview-1.0.0.aar (androidx.customview:customview:1.0.0) with LibrarySymbolTableTransform
[        ] Transforming recaptcha-18.4.0.aar (com.google.android.recaptcha:recaptcha:18.4.0) with JetifyTransform
[        ] Transforming core-1.6.0.aar (androidx.core:core:1.6.0) with JetifyTransform
[        ] Transforming recaptcha-18.4.0.aar (com.google.android.recaptcha:recaptcha:18.4.0) with ExtractAarTransform
[        ] Transforming core-1.6.0.aar (androidx.core:core:1.6.0) with ExtractAarTransform
[        ] Transforming integrity-1.2.0.aar (com.google.android.play:integrity:1.2.0) with JetifyTransform
[        ] Transforming recaptcha-18.4.0.aar (com.google.android.recaptcha:recaptcha:18.4.0) with LibrarySymbolTableTransform
[        ] Transforming integrity-1.2.0.aar (com.google.android.play:integrity:1.2.0) with JetifyTransform
[        ] Transforming firebase-appcheck-interop-17.0.0.aar (com.google.firebase:firebase-appcheck-interop:17.0.0) with JetifyTransform
[        ] Transforming integrity-1.2.0.aar (com.google.android.play:integrity:1.2.0) with ExtractAarTransform
[        ] Transforming core-1.6.0.aar (androidx.core:core:1.6.0) with LibrarySymbolTableTransform
[        ] Transforming integrity-1.2.0.aar (com.google.android.play:integrity:1.2.0) with LibrarySymbolTableTransform
[        ] Transforming firebase-appcheck-interop-17.0.0.aar (com.google.firebase:firebase-appcheck-interop:17.0.0) with ExtractAarTransform
[        ] Transforming integrity-1.2.0.aar (com.google.android.play:integrity:1.2.0) with ExtractAarTransform
[        ] Transforming firebase-appcheck-interop-17.0.0.aar (com.google.firebase:firebase-appcheck-interop:17.0.0) with LibrarySymbolTableTransform
[        ] Transforming integrity-1.2.0.aar (com.google.android.play:integrity:1.2.0) with LibrarySymbolTableTransform
[        ] Transforming core-1.6.0.aar (androidx.core:core:1.6.0) with JetifyTransform
[        ] Transforming firebase-auth-interop-20.0.0.aar (com.google.firebase:firebase-auth-interop:20.0.0) with JetifyTransform
[        ] Transforming core-1.6.0.aar (androidx.core:core:1.6.0) with ExtractAarTransform
[        ] Transforming firebase-auth-interop-20.0.0.aar (com.google.firebase:firebase-auth-interop:20.0.0) with ExtractAarTransform
[        ] Transforming core-1.6.0.aar (androidx.core:core:1.6.0) with LibrarySymbolTableTransform
[        ] Transforming firebase-auth-interop-20.0.0.aar (com.google.firebase:firebase-auth-interop:20.0.0) with LibrarySymbolTableTransform
[        ] Transforming versionedparcelable-1.1.1.aar (androidx.versionedparcelable:versionedparcelable:1.1.1) with JetifyTransform
[        ] Transforming versionedparcelable-1.1.1.aar (androidx.versionedparcelable:versionedparcelable:1.1.1) with ExtractAarTransform
[        ] Transforming versionedparcelable-1.1.1.aar (androidx.versionedparcelable:versionedparcelable:1.1.1) with LibrarySymbolTableTransform
[        ] Transforming lifecycle-runtime-2.2.0.aar (androidx.lifecycle:lifecycle-runtime:2.2.0) with JetifyTransform
[        ] Transforming lifecycle-runtime-2.2.0.aar (androidx.lifecycle:lifecycle-runtime:2.2.0) with ExtractAarTransform
[        ] Transforming lifecycle-runtime-2.2.0.aar (androidx.lifecycle:lifecycle-runtime:2.2.0) with LibrarySymbolTableTransform
[        ] Transforming lifecycle-runtime-2.2.0.aar (androidx.lifecycle:lifecycle-runtime:2.2.0) with JetifyTransform
[        ] Transforming lifecycle-runtime-2.2.0.aar (androidx.lifecycle:lifecycle-runtime:2.2.0) with ExtractAarTransform
[        ] Transforming firebase-common-ktx-21.0.0.aar (com.google.firebase:firebase-common-ktx:21.0.0) with JetifyTransform
[        ] Transforming lifecycle-runtime-2.2.0.aar (androidx.lifecycle:lifecycle-runtime:2.2.0) with LibrarySymbolTableTransform
[        ] Transforming firebase-common-ktx-21.0.0.aar (com.google.firebase:firebase-common-ktx:21.0.0) with ExtractAarTransform
[        ] Transforming savedstate-1.0.0.aar (androidx.savedstate:savedstate:1.0.0) with JetifyTransform
[        ] Transforming savedstate-1.0.0.aar (androidx.savedstate:savedstate:1.0.0) with ExtractAarTransform
[        ] Transforming savedstate-1.0.0.aar (androidx.savedstate:savedstate:1.0.0) with LibrarySymbolTableTransform
[        ] Transforming firebase-common-ktx-21.0.0.aar (com.google.firebase:firebase-common-ktx:21.0.0) with LibrarySymbolTableTransform
[        ] Transforming lifecycle-livedata-2.0.0.aar (androidx.lifecycle:lifecycle-livedata:2.0.0) with JetifyTransform
[        ] Transforming play-services-base-18.0.1.aar (com.google.android.gms:play-services-base:18.0.1) with JetifyTransform
[        ] Transforming play-services-base-18.0.1.aar (com.google.android.gms:play-services-base:18.0.1) with JetifyTransform
[        ] Transforming play-services-base-18.0.1.aar (com.google.android.gms:play-services-base:18.0.1) with ExtractAarTransform
[        ] Transforming lifecycle-livedata-2.0.0.aar (androidx.lifecycle:lifecycle-livedata:2.0.0) with ExtractAarTransform
[        ] Transforming credentials-play-services-auth-1.2.0-rc01.aar (androidx.credentials:credentials-play-services-auth:1.2.0-rc01) with JetifyTransform
[        ] Transforming play-services-base-18.0.1.aar (com.google.android.gms:play-services-base:18.0.1) with ExtractAarTransform
[        ] Transforming credentials-play-services-auth-1.2.0-rc01.aar (androidx.credentials:credentials-play-services-auth:1.2.0-rc01) with ExtractAarTransform
[        ] Transforming lifecycle-livedata-2.0.0.aar (androidx.lifecycle:lifecycle-livedata:2.0.0) with LibrarySymbolTableTransform
[        ] Transforming credentials-play-services-auth-1.2.0-rc01.aar (androidx.credentials:credentials-play-services-auth:1.2.0-rc01) with LibrarySymbolTableTransform
[        ] Transforming play-services-base-18.0.1.aar (com.google.android.gms:play-services-base:18.0.1) with LibrarySymbolTableTransform
[        ] Transforming lifecycle-livedata-core-2.0.0.aar (androidx.lifecycle:lifecycle-livedata-core:2.0.0) with JetifyTransform
[        ] Transforming play-services-base-18.0.1.aar (com.google.android.gms:play-services-base:18.0.1) with LibrarySymbolTableTransform
[        ] Transforming lifecycle-livedata-core-2.0.0.aar (androidx.lifecycle:lifecycle-livedata-core:2.0.0) with ExtractAarTransform
[        ] Transforming credentials-1.2.0-rc01.aar (androidx.credentials:credentials:1.2.0-rc01) with JetifyTransform
[        ] Transforming lifecycle-livedata-core-2.0.0.aar (androidx.lifecycle:lifecycle-livedata-core:2.0.0) with LibrarySymbolTableTransform
[        ] Transforming credentials-1.2.0-rc01.aar (androidx.credentials:credentials:1.2.0-rc01) with ExtractAarTransform
[        ] Transforming lifecycle-viewmodel-2.1.0.aar (androidx.lifecycle:lifecycle-viewmodel:2.1.0) with JetifyTransform
[        ] Transforming credentials-1.2.0-rc01.aar (androidx.credentials:credentials:1.2.0-rc01) with LibrarySymbolTableTransform
[        ] Transforming credentials-1.2.0-rc01.aar (androidx.credentials:credentials:1.2.0-rc01) with JetifyTransform
[        ] Transforming credentials-1.2.0-rc01.aar (androidx.credentials:credentials:1.2.0-rc01) with ExtractAarTransform
[        ] Transforming credentials-1.2.0-rc01.aar (androidx.credentials:credentials:1.2.0-rc01) with LibrarySymbolTableTransform
[        ] Transforming lifecycle-viewmodel-2.1.0.aar (androidx.lifecycle:lifecycle-viewmodel:2.1.0) with ExtractAarTransform
[        ] Transforming lifecycle-viewmodel-2.1.0.aar (androidx.lifecycle:lifecycle-viewmodel:2.1.0) with LibrarySymbolTableTransform
[        ] Transforming core-runtime-2.0.0.aar (androidx.arch.core:core-runtime:2.0.0) with JetifyTransform
[        ] Transforming core-runtime-2.0.0.aar (androidx.arch.core:core-runtime:2.0.0) with ExtractAarTransform
[        ] Transforming core-runtime-2.0.0.aar (androidx.arch.core:core-runtime:2.0.0) with LibrarySymbolTableTransform
[        ] Transforming annotation-experimental-1.1.0.aar (androidx.annotation:annotation-experimental:1.1.0) with JetifyTransform
[        ] Transforming annotation-experimental-1.1.0.aar (androidx.annotation:annotation-experimental:1.1.0) with ExtractAarTransform
[        ] Transforming annotation-experimental-1.1.0.aar (androidx.annotation:annotation-experimental:1.1.0) with LibrarySymbolTableTransform
[        ] Transforming localbroadcastmanager-1.0.0.aar (androidx.localbroadcastmanager:localbroadcastmanager:1.0.0) with JetifyTransform
[        ] Transforming firebase-components-18.0.0.aar (com.google.firebase:firebase-components:18.0.0) with JetifyTransform
[        ] Transforming localbroadcastmanager-1.0.0.aar (androidx.localbroadcastmanager:localbroadcastmanager:1.0.0) with ExtractAarTransform
[        ] Transforming firebase-components-18.0.0.aar (com.google.firebase:firebase-components:18.0.0) with ExtractAarTransform
[        ] Transforming localbroadcastmanager-1.0.0.aar (androidx.localbroadcastmanager:localbroadcastmanager:1.0.0) with LibrarySymbolTableTransform
[        ] Transforming firebase-components-18.0.0.aar (com.google.firebase:firebase-components:18.0.0) with LibrarySymbolTableTransform
[        ] Transforming tracing-1.0.0.aar (androidx.tracing:tracing:1.0.0) with JetifyTransform
[        ] Transforming tracing-1.0.0.aar (androidx.tracing:tracing:1.0.0) with ExtractAarTransform
[        ] Transforming tracing-1.0.0.aar (androidx.tracing:tracing:1.0.0) with LibrarySymbolTableTransform
[        ] Transforming android.jar with PlatformAttrTransform
[        ] Caching disabled for task ':firebase_auth:generateReleaseRFile' because:
[        ]   Build cache is disabled
[        ] Skipping task ':firebase_auth:generateReleaseRFile' as it is up-to-date.
[        ] work action resolve package-aware-r.txt (project :firebase_auth) (Thread[Execution worker Thread 3,5,main]) started.
[        ] Resolve mutations for :firebase_core:generateReleaseBuildConfig (Thread[Execution worker Thread 3,5,main]) started.
[        ] :firebase_core:generateReleaseBuildConfig (Thread[Execution worker Thread 3,5,main]) started.
[        ] > Task :firebase_core:generateReleaseBuildConfig UP-TO-DATE
[        ] Caching disabled for task ':firebase_core:generateReleaseBuildConfig' because:
[        ]   Build cache is disabled
[        ] Skipping task ':firebase_core:generateReleaseBuildConfig' as it is up-to-date.
[        ] Resolve mutations for :firebase_core:javaPreCompileRelease (Thread[Execution worker Thread 3,5,main]) started.
[        ] :firebase_core:javaPreCompileRelease (Thread[Execution worker Thread 3,5,main]) started.
[        ] > Task :firebase_core:javaPreCompileRelease UP-TO-DATE
[        ] Caching disabled for task ':firebase_core:javaPreCompileRelease' because:
[        ]   Build cache is disabled
[        ] Skipping task ':firebase_core:javaPreCompileRelease' as it is up-to-date.
[        ] Resolve mutations for :firebase_core:compileReleaseJavaWithJavac (Thread[Execution worker Thread 3,5,main]) started.
[        ] :firebase_core:compileReleaseJavaWithJavac (Thread[Execution worker Thread 3,5,main]) started.
[        ] > Task :firebase_core:compileReleaseJavaWithJavac UP-TO-DATE
[        ] Transforming firebase-common-21.0.0.aar (com.google.firebase:firebase-common:21.0.0) with JetifyTransform
[        ] Transforming firebase-common-21.0.0.aar (com.google.firebase:firebase-common:21.0.0) with AarToClassTransform
[        ] Transforming window-java-1.0.0-beta04.aar (androidx.window:window-java:1.0.0-beta04) with JetifyTransform
[        ] Transforming window-java-1.0.0-beta04.aar (androidx.window:window-java:1.0.0-beta04) with AarToClassTransform
[        ] Transforming window-1.0.0-beta04.aar (androidx.window:window:1.0.0-beta04) with JetifyTransform
[        ] Transforming window-1.0.0-beta04.aar (androidx.window:window:1.0.0-beta04) with AarToClassTransform
[        ] Transforming play-services-tasks-18.1.0.aar (com.google.android.gms:play-services-tasks:18.1.0) with JetifyTransform
[        ] Transforming play-services-tasks-18.1.0.aar (com.google.android.gms:play-services-tasks:18.1.0) with AarToClassTransform
[        ] Transforming play-services-basement-18.3.0.aar (com.google.android.gms:play-services-basement:18.3.0) with JetifyTransform
[        ] Transforming play-services-basement-18.3.0.aar (com.google.android.gms:play-services-basement:18.3.0) with AarToClassTransform
[        ] Transforming fragment-1.1.0.aar (androidx.fragment:fragment:1.1.0) with JetifyTransform
[        ] Transforming fragment-1.1.0.aar (androidx.fragment:fragment:1.1.0) with AarToClassTransform
[        ] Transforming fragment-1.1.0.aar (androidx.fragment:fragment:1.1.0) with JetifyTransform
[        ] Transforming fragment-1.1.0.aar (androidx.fragment:fragment:1.1.0) with AarToClassTransform
[        ] Transforming viewpager-1.0.0.aar (androidx.viewpager:viewpager:1.0.0) with JetifyTransform
[        ] Transforming viewpager-1.0.0.aar (androidx.viewpager:viewpager:1.0.0) with AarToClassTransform
[        ] Transforming loader-1.0.0.aar (androidx.loader:loader:1.0.0) with JetifyTransform
[        ] Transforming flutter_embedding_release-1.0.0-edd8546116457bdf1c5bdfb13ecb9463d2bb5ed4.jar (io.flutter:flutter_embedding_release:1.0.0-edd8546116457bdf1c5bdfb13ecb9463d2bb5ed4) with JetifyTransform
[        ] Transforming loader-1.0.0.aar (androidx.loader:loader:1.0.0) with AarToClassTransform
[        ] Transforming flutter_embedding_release-1.0.0-edd8546116457bdf1c5bdfb13ecb9463d2bb5ed4.jar (io.flutter:flutter_embedding_release:1.0.0-edd8546116457bdf1c5bdfb13ecb9463d2bb5ed4) with IdentityTransform
[        ] Transforming activity-1.0.0.aar (androidx.activity:activity:1.0.0) with JetifyTransform
[        ] Transforming lifecycle-common-java8-2.2.0.jar (androidx.lifecycle:lifecycle-common-java8:2.2.0) with JetifyTransform
[        ] Transforming lifecycle-common-java8-2.2.0.jar (androidx.lifecycle:lifecycle-common-java8:2.2.0) with IdentityTransform
[        ] Transforming activity-1.0.0.aar (androidx.activity:activity:1.0.0) with AarToClassTransform
[        ] Transforming customview-1.0.0.aar (androidx.customview:customview:1.0.0) with JetifyTransform
[        ] Transforming customview-1.0.0.aar (androidx.customview:customview:1.0.0) with AarToClassTransform
[        ] Transforming core-1.6.0.aar (androidx.core:core:1.6.0) with JetifyTransform
[        ] Transforming core-1.6.0.aar (androidx.core:core:1.6.0) with AarToClassTransform
[        ] Transforming core-1.6.0.aar (androidx.core:core:1.6.0) with JetifyTransform
[        ] Transforming core-1.6.0.aar (androidx.core:core:1.6.0) with AarToClassTransform
[        ] Transforming lifecycle-runtime-2.2.0.aar (androidx.lifecycle:lifecycle-runtime:2.2.0) with JetifyTransform
[        ] Transforming lifecycle-runtime-2.2.0.aar (androidx.lifecycle:lifecycle-runtime:2.2.0) with AarToClassTransform
[        ] Transforming lifecycle-runtime-2.2.0.aar (androidx.lifecycle:lifecycle-runtime:2.2.0) with JetifyTransform
[        ] Transforming kotlinx-coroutines-play-services-1.6.4.jar (org.jetbrains.kotlinx:kotlinx-coroutines-play-services:1.6.4) with JetifyTransform
[        ] Transforming kotlinx-coroutines-play-services-1.6.4.jar (org.jetbrains.kotlinx:kotlinx-coroutines-play-services:1.6.4) with IdentityTransform
[        ] Transforming lifecycle-runtime-2.2.0.aar (androidx.lifecycle:lifecycle-runtime:2.2.0) with AarToClassTransform
[        ] Transforming kotlinx-coroutines-core-jvm-1.6.4.jar (org.jetbrains.kotlinx:kotlinx-coroutines-core-jvm:1.6.4) with JetifyTransform
[        ] Transforming savedstate-1.0.0.aar (androidx.savedstate:savedstate:1.0.0) with JetifyTransform
[        ] Transforming kotlinx-coroutines-core-jvm-1.6.4.jar (org.jetbrains.kotlinx:kotlinx-coroutines-core-jvm:1.6.4) with IdentityTransform
[        ] Transforming savedstate-1.0.0.aar (androidx.savedstate:savedstate:1.0.0) with AarToClassTransform
[        ] Transforming lifecycle-livedata-2.0.0.aar (androidx.lifecycle:lifecycle-livedata:2.0.0) with JetifyTransform
[        ] Transforming lifecycle-livedata-2.0.0.aar (androidx.lifecycle:lifecycle-livedata:2.0.0) with AarToClassTransform
[        ] Transforming lifecycle-livedata-core-2.0.0.aar (androidx.lifecycle:lifecycle-livedata-core:2.0.0) with JetifyTransform
[        ] Transforming kotlinx-coroutines-android-1.6.4.jar (org.jetbrains.kotlinx:kotlinx-coroutines-android:1.6.4) with JetifyTransform
[        ] Transforming kotlinx-coroutines-android-1.6.4.jar (org.jetbrains.kotlinx:kotlinx-coroutines-android:1.6.4) with IdentityTransform
[        ] Transforming lifecycle-livedata-core-2.0.0.aar (androidx.lifecycle:lifecycle-livedata-core:2.0.0) with AarToClassTransform
[        ] Transforming core-runtime-2.0.0.aar (androidx.arch.core:core-runtime:2.0.0) with JetifyTransform
[        ] Transforming core-runtime-2.0.0.aar (androidx.arch.core:core-runtime:2.0.0) with AarToClassTransform
[        ] Transforming versionedparcelable-1.1.1.aar (androidx.versionedparcelable:versionedparcelable:1.1.1) with JetifyTransform
[        ] Transforming versionedparcelable-1.1.1.aar (androidx.versionedparcelable:versionedparcelable:1.1.1) with AarToClassTransform
[        ] Transforming lifecycle-viewmodel-2.1.0.aar (androidx.lifecycle:lifecycle-viewmodel:2.1.0) with JetifyTransform
[        ] Transforming lifecycle-viewmodel-2.1.0.aar (androidx.lifecycle:lifecycle-viewmodel:2.1.0) with AarToClassTransform
[        ] Transforming annotations-13.0.jar (org.jetbrains:annotations:13.0) with JetifyTransform
[        ] Transforming annotations-13.0.jar (org.jetbrains:annotations:13.0) with IdentityTransform
[        ] Transforming annotation-experimental-1.1.0.aar (androidx.annotation:annotation-experimental:1.1.0) with JetifyTransform
[        ] Transforming annotation-experimental-1.1.0.aar (androidx.annotation:annotation-experimental:1.1.0) with AarToClassTransform
[        ] Transforming firebase-components-18.0.0.aar (com.google.firebase:firebase-components:18.0.0) with JetifyTransform
[        ] Transforming firebase-components-18.0.0.aar (com.google.firebase:firebase-components:18.0.0) with AarToClassTransform
[        ] Transforming javax.inject-1.jar (javax.inject:javax.inject:1) with JetifyTransform
[        ] Transforming lifecycle-common-2.2.0.jar (androidx.lifecycle:lifecycle-common:2.2.0) with JetifyTransform
[        ] Transforming lifecycle-common-2.2.0.jar (androidx.lifecycle:lifecycle-common:2.2.0) with IdentityTransform
[        ] Transforming javax.inject-1.jar (javax.inject:javax.inject:1) with IdentityTransform
[        ] Transforming tracing-1.0.0.aar (androidx.tracing:tracing:1.0.0) with JetifyTransform
[        ] Transforming tracing-1.0.0.aar (androidx.tracing:tracing:1.0.0) with AarToClassTransform
[        ] Transforming core-common-2.1.0.jar (androidx.arch.core:core-common:2.1.0) with JetifyTransform
[        ] Transforming core-common-2.1.0.jar (androidx.arch.core:core-common:2.1.0) with IdentityTransform
[        ] Transforming kotlin-stdlib-common-1.8.22.jar (org.jetbrains.kotlin:kotlin-stdlib-common:1.8.22) with JetifyTransform
[        ] Transforming kotlin-stdlib-common-1.8.22.jar (org.jetbrains.kotlin:kotlin-stdlib-common:1.8.22) with IdentityTransform
[        ] Transforming firebase-annotations-16.2.0.jar (com.google.firebase:firebase-annotations:16.2.0) with JetifyTransform
[        ] Transforming firebase-annotations-16.2.0.jar (com.google.firebase:firebase-annotations:16.2.0) with IdentityTransform
[        ] Transforming collection-1.1.0.jar (androidx.collection:collection:1.1.0) with JetifyTransform
[        ] Transforming collection-1.1.0.jar (androidx.collection:collection:1.1.0) with IdentityTransform
[        ] Transforming kotlin-stdlib-jdk7-1.6.21.jar (org.jetbrains.kotlin:kotlin-stdlib-jdk7:1.6.21) with JetifyTransform
[        ] Transforming kotlin-stdlib-jdk7-1.6.21.jar (org.jetbrains.kotlin:kotlin-stdlib-jdk7:1.6.21) with IdentityTransform
[        ] Transforming annotation-jvm-1.7.0.jar (androidx.annotation:annotation-jvm:1.7.0) with JetifyTransform
[        ] Transforming annotation-jvm-1.7.0.jar (androidx.annotation:annotation-jvm:1.7.0) with IdentityTransform
[        ] Transforming kotlin-stdlib-jdk8-1.6.21.jar (org.jetbrains.kotlin:kotlin-stdlib-jdk8:1.6.21) with JetifyTransform
[        ] Transforming kotlin-stdlib-jdk8-1.6.21.jar (org.jetbrains.kotlin:kotlin-stdlib-jdk8:1.6.21) with IdentityTransform
[        ] Transforming kotlin-stdlib-1.8.22.jar (org.jetbrains.kotlin:kotlin-stdlib:1.8.22) with JetifyTransform
[        ] Transforming kotlin-stdlib-1.8.22.jar (org.jetbrains.kotlin:kotlin-stdlib:1.8.22) with IdentityTransform
[        ] Caching disabled for task ':firebase_core:compileReleaseJavaWithJavac' because:
[        ]   Build cache is disabled
[        ] Skipping task ':firebase_core:compileReleaseJavaWithJavac' as it is up-to-date.
[        ] Resolve mutations for :firebase_core:bundleLibCompileToJarRelease (Thread[Execution worker Thread 3,5,main]) started.
[        ] :firebase_core:bundleLibCompileToJarRelease (Thread[Execution worker Thread 3,5,main]) started.
[        ] > Task :firebase_core:bundleLibCompileToJarRelease UP-TO-DATE
[        ] Caching disabled for task ':firebase_core:bundleLibCompileToJarRelease' because:
[        ]   Build cache is disabled
[        ] Skipping task ':firebase_core:bundleLibCompileToJarRelease' as it is up-to-date.
[        ] work action resolve classes.jar (project :firebase_core) (Thread[Execution worker Thread 3,5,main]) started.
[        ] Resolve mutations for :firebase_auth:extractReleaseAnnotations (Thread[Execution worker Thread 3,5,main]) started.
[        ] :firebase_auth:extractReleaseAnnotations (Thread[Execution worker Thread 3,5,main]) started.
[        ] > Task :firebase_auth:extractReleaseAnnotations UP-TO-DATE
[        ] Transforming firebase-auth-23.0.0.aar (com.google.firebase:firebase-auth:23.0.0) with JetifyTransform
[        ] Transforming firebase-auth-23.0.0.aar (com.google.firebase:firebase-auth:23.0.0) with AarToClassTransform
[        ] Transforming flutter_embedding_release-1.0.0-edd8546116457bdf1c5bdfb13ecb9463d2bb5ed4.jar (io.flutter:flutter_embedding_release:1.0.0-edd8546116457bdf1c5bdfb13ecb9463d2bb5ed4) with JetifyTransform
[        ] Transforming flutter_embedding_release-1.0.0-edd8546116457bdf1c5bdfb13ecb9463d2bb5ed4.jar (io.flutter:flutter_embedding_release:1.0.0-edd8546116457bdf1c5bdfb13ecb9463d2bb5ed4) with IdentityTransform
[        ] Transforming browser-1.4.0.aar (androidx.browser:browser:1.4.0) with JetifyTransform
[        ] Transforming browser-1.4.0.aar (androidx.browser:browser:1.4.0) with AarToClassTransform
[        ] Transforming play-services-auth-api-phone-18.0.2.aar (com.google.android.gms:play-services-auth-api-phone:18.0.2) with JetifyTransform
[        ] Transforming play-services-auth-api-phone-18.0.2.aar (com.google.android.gms:play-services-auth-api-phone:18.0.2) with AarToClassTransform
[        ] Transforming recaptcha-18.4.0.aar (com.google.android.recaptcha:recaptcha:18.4.0) with JetifyTransform
[        ] Transforming recaptcha-18.4.0.aar (com.google.android.recaptcha:recaptcha:18.4.0) with AarToClassTransform
[        ] Transforming integrity-1.2.0.aar (com.google.android.play:integrity:1.2.0) with JetifyTransform
[        ] Transforming integrity-1.2.0.aar (com.google.android.play:integrity:1.2.0) with AarToClassTransform
[        ] Transforming firebase-appcheck-interop-17.0.0.aar (com.google.firebase:firebase-appcheck-interop:17.0.0) with JetifyTransform
[        ] Transforming firebase-appcheck-interop-17.0.0.aar (com.google.firebase:firebase-appcheck-interop:17.0.0) with AarToClassTransform
[        ] Transforming firebase-auth-interop-20.0.0.aar (com.google.firebase:firebase-auth-interop:20.0.0) with JetifyTransform
[        ] Transforming firebase-auth-interop-20.0.0.aar (com.google.firebase:firebase-auth-interop:20.0.0) with AarToClassTransform
[        ] Transforming firebase-common-ktx-21.0.0.aar (com.google.firebase:firebase-common-ktx:21.0.0) with JetifyTransform
[        ] Transforming firebase-common-ktx-21.0.0.aar (com.google.firebase:firebase-common-ktx:21.0.0) with AarToClassTransform
[        ] Transforming firebase-common-21.0.0.aar (com.google.firebase:firebase-common:21.0.0) with JetifyTransform
[        ] Transforming firebase-common-21.0.0.aar (com.google.firebase:firebase-common:21.0.0) with AarToClassTransform
[        ] Transforming window-java-1.0.0-beta04.aar (androidx.window:window-java:1.0.0-beta04) with JetifyTransform
[        ] Transforming window-java-1.0.0-beta04.aar (androidx.window:window-java:1.0.0-beta04) with AarToClassTransform
[        ] Transforming window-1.0.0-beta04.aar (androidx.window:window:1.0.0-beta04) with JetifyTransform
[        ] Transforming window-1.0.0-beta04.aar (androidx.window:window:1.0.0-beta04) with AarToClassTransform
[        ] Transforming play-services-base-18.0.1.aar (com.google.android.gms:play-services-base:18.0.1) with JetifyTransform
[        ] Transforming play-services-base-18.0.1.aar (com.google.android.gms:play-services-base:18.0.1) with AarToClassTransform
[        ] Transforming play-services-tasks-18.1.0.aar (com.google.android.gms:play-services-tasks:18.1.0) with JetifyTransform
[        ] Transforming play-services-tasks-18.1.0.aar (com.google.android.gms:play-services-tasks:18.1.0) with AarToClassTransform
[        ] Transforming play-services-tasks-18.1.0.aar (com.google.android.gms:play-services-tasks:18.1.0) with JetifyTransform
[        ] Transforming play-services-tasks-18.1.0.aar (com.google.android.gms:play-services-tasks:18.1.0) with AarToClassTransform
[        ] Transforming play-services-basement-18.3.0.aar (com.google.android.gms:play-services-basement:18.3.0) with JetifyTransform
[        ] Transforming play-services-basement-18.3.0.aar (com.google.android.gms:play-services-basement:18.3.0) with AarToClassTransform
[        ] Transforming fragment-1.1.0.aar (androidx.fragment:fragment:1.1.0) with JetifyTransform
[        ] Transforming fragment-1.1.0.aar (androidx.fragment:fragment:1.1.0) with AarToClassTransform
[        ] Transforming fragment-1.1.0.aar (androidx.fragment:fragment:1.1.0) with JetifyTransform
[        ] Transforming fragment-1.1.0.aar (androidx.fragment:fragment:1.1.0) with AarToClassTransform
[        ] Transforming viewpager-1.0.0.aar (androidx.viewpager:viewpager:1.0.0) with JetifyTransform
[        ] Transforming viewpager-1.0.0.aar (androidx.viewpager:viewpager:1.0.0) with AarToClassTransform
[        ] Transforming kotlinx-coroutines-core-jvm-1.7.3.jar (org.jetbrains.kotlinx:kotlinx-coroutines-core-jvm:1.7.3) with JetifyTransform
[        ] Transforming kotlinx-coroutines-core-jvm-1.7.3.jar (org.jetbrains.kotlinx:kotlinx-coroutines-core-jvm:1.7.3) with IdentityTransform
[        ] Transforming loader-1.0.0.aar (androidx.loader:loader:1.0.0) with JetifyTransform
[        ] Transforming kotlinx-coroutines-play-services-1.7.3.jar (org.jetbrains.kotlinx:kotlinx-coroutines-play-services:1.7.3) with JetifyTransform
[        ] Transforming loader-1.0.0.aar (androidx.loader:loader:1.0.0) with AarToClassTransform
[        ] Transforming kotlinx-coroutines-play-services-1.7.3.jar (org.jetbrains.kotlinx:kotlinx-coroutines-play-services:1.7.3) with IdentityTransform
[        ] Transforming activity-1.0.0.aar (androidx.activity:activity:1.0.0) with JetifyTransform
[        ] Transforming activity-1.0.0.aar (androidx.activity:activity:1.0.0) with AarToClassTransform
[        ] Transforming customview-1.0.0.aar (androidx.customview:customview:1.0.0) with JetifyTransform
[        ] Transforming customview-1.0.0.aar (androidx.customview:customview:1.0.0) with AarToClassTransform
[        ] Transforming core-1.6.0.aar (androidx.core:core:1.6.0) with JetifyTransform
[        ] Transforming core-1.6.0.aar (androidx.core:core:1.6.0) with AarToClassTransform
[        ] Transforming core-1.6.0.aar (androidx.core:core:1.6.0) with JetifyTransform
[        ] Transforming core-1.6.0.aar (androidx.core:core:1.6.0) with AarToClassTransform
[        ] Transforming kotlinx-coroutines-android-1.7.3.jar (org.jetbrains.kotlinx:kotlinx-coroutines-android:1.7.3) with JetifyTransform
[        ] Transforming versionedparcelable-1.1.1.aar (androidx.versionedparcelable:versionedparcelable:1.1.1) with JetifyTransform
[        ] Transforming kotlinx-coroutines-android-1.7.3.jar (org.jetbrains.kotlinx:kotlinx-coroutines-android:1.7.3) with IdentityTransform
[        ] Transforming versionedparcelable-1.1.1.aar (androidx.versionedparcelable:versionedparcelable:1.1.1) with AarToClassTransform
[        ] Transforming collection-1.1.0.jar (androidx.collection:collection:1.1.0) with JetifyTransform
[        ] Transforming collection-1.1.0.jar (androidx.collection:collection:1.1.0) with IdentityTransform
[        ] Transforming credentials-play-services-auth-1.2.0-rc01.aar (androidx.credentials:credentials-play-services-auth:1.2.0-rc01) with JetifyTransform
[        ] Transforming credentials-play-services-auth-1.2.0-rc01.aar (androidx.credentials:credentials-play-services-auth:1.2.0-rc01) with AarToClassTransform
[        ] Transforming credentials-1.2.0-rc01.aar (androidx.credentials:credentials:1.2.0-rc01) with JetifyTransform
[        ] Transforming credentials-1.2.0-rc01.aar (androidx.credentials:credentials:1.2.0-rc01) with AarToClassTransform
[        ] Transforming credentials-1.2.0-rc01.aar (androidx.credentials:credentials:1.2.0-rc01) with JetifyTransform
[        ] Transforming credentials-1.2.0-rc01.aar (androidx.credentials:credentials:1.2.0-rc01) with AarToClassTransform
[        ] Transforming localbroadcastmanager-1.0.0.aar (androidx.localbroadcastmanager:localbroadcastmanager:1.0.0) with JetifyTransform
[        ] Transforming localbroadcastmanager-1.0.0.aar (androidx.localbroadcastmanager:localbroadcastmanager:1.0.0) with AarToClassTransform
[        ] Transforming lifecycle-common-java8-2.2.0.jar (androidx.lifecycle:lifecycle-common-java8:2.2.0) with JetifyTransform
[        ] Transforming lifecycle-common-java8-2.2.0.jar (androidx.lifecycle:lifecycle-common-java8:2.2.0) with IdentityTransform
[        ] Transforming lifecycle-runtime-2.2.0.aar (androidx.lifecycle:lifecycle-runtime:2.2.0) with JetifyTransform
[        ] Transforming lifecycle-runtime-2.2.0.aar (androidx.lifecycle:lifecycle-runtime:2.2.0) with AarToClassTransform
[        ] Transforming lifecycle-runtime-2.2.0.aar (androidx.lifecycle:lifecycle-runtime:2.2.0) with JetifyTransform
[        ] Transforming lifecycle-runtime-2.2.0.aar (androidx.lifecycle:lifecycle-runtime:2.2.0) with AarToClassTransform
[        ] Transforming savedstate-1.0.0.aar (androidx.savedstate:savedstate:1.0.0) with JetifyTransform
[        ] Transforming savedstate-1.0.0.aar (androidx.savedstate:savedstate:1.0.0) with AarToClassTransform
[        ] Transforming lifecycle-livedata-2.0.0.aar (androidx.lifecycle:lifecycle-livedata:2.0.0) with JetifyTransform
[        ] Transforming lifecycle-livedata-2.0.0.aar (androidx.lifecycle:lifecycle-livedata:2.0.0) with AarToClassTransform
[        ] Transforming lifecycle-livedata-core-2.0.0.aar (androidx.lifecycle:lifecycle-livedata-core:2.0.0) with JetifyTransform
[        ] Transforming lifecycle-livedata-core-2.0.0.aar (androidx.lifecycle:lifecycle-livedata-core:2.0.0) with AarToClassTransform
[        ] Transforming lifecycle-common-2.2.0.jar (androidx.lifecycle:lifecycle-common:2.2.0) with JetifyTransform
[        ] Transforming lifecycle-common-2.2.0.jar (androidx.lifecycle:lifecycle-common:2.2.0) with IdentityTransform
[        ] Transforming lifecycle-viewmodel-2.1.0.aar (androidx.lifecycle:lifecycle-viewmodel:2.1.0) with JetifyTransform
[        ] Transforming lifecycle-viewmodel-2.1.0.aar (androidx.lifecycle:lifecycle-viewmodel:2.1.0) with AarToClassTransform
[        ] Transforming core-runtime-2.0.0.aar (androidx.arch.core:core-runtime:2.0.0) with JetifyTransform
[        ] Transforming core-runtime-2.0.0.aar (androidx.arch.core:core-runtime:2.0.0) with AarToClassTransform
[        ] Transforming core-common-2.1.0.jar (androidx.arch.core:core-common:2.1.0) with JetifyTransform
[        ] Transforming core-common-2.1.0.jar (androidx.arch.core:core-common:2.1.0) with IdentityTransform
[        ] Transforming annotation-jvm-1.7.0.jar (androidx.annotation:annotation-jvm:1.7.0) with JetifyTransform
[        ] Transforming annotation-jvm-1.7.0.jar (androidx.annotation:annotation-jvm:1.7.0) with IdentityTransform
[        ] Transforming kotlin-stdlib-1.8.22.jar (org.jetbrains.kotlin:kotlin-stdlib:1.8.22) with JetifyTransform
[        ] Transforming kotlin-stdlib-1.8.22.jar (org.jetbrains.kotlin:kotlin-stdlib:1.8.22) with IdentityTransform
[        ] Transforming kotlin-stdlib-common-1.8.22.jar (org.jetbrains.kotlin:kotlin-stdlib-common:1.8.22) with JetifyTransform
[        ] Transforming kotlin-stdlib-common-1.8.22.jar (org.jetbrains.kotlin:kotlin-stdlib-common:1.8.22) with IdentityTransform
[        ] Transforming annotations-23.0.0.jar (org.jetbrains:annotations:23.0.0) with JetifyTransform
[        ] Transforming annotations-23.0.0.jar (org.jetbrains:annotations:23.0.0) with IdentityTransform
[        ] Transforming annotation-experimental-1.1.0.aar (androidx.annotation:annotation-experimental:1.1.0) with JetifyTransform
[        ] Transforming annotation-experimental-1.1.0.aar (androidx.annotation:annotation-experimental:1.1.0) with AarToClassTransform
[        ] Transforming firebase-components-18.0.0.aar (com.google.firebase:firebase-components:18.0.0) with JetifyTransform
[        ] Transforming firebase-components-18.0.0.aar (com.google.firebase:firebase-components:18.0.0) with AarToClassTransform
[        ] Transforming firebase-annotations-16.2.0.jar (com.google.firebase:firebase-annotations:16.2.0) with JetifyTransform
[        ] Transforming firebase-annotations-16.2.0.jar (com.google.firebase:firebase-annotations:16.2.0) with IdentityTransform
[        ] Transforming javax.inject-1.jar (javax.inject:javax.inject:1) with JetifyTransform
[        ] Transforming javax.inject-1.jar (javax.inject:javax.inject:1) with IdentityTransform
[        ] Transforming tracing-1.0.0.aar (androidx.tracing:tracing:1.0.0) with JetifyTransform
[        ] Transforming tracing-1.0.0.aar (androidx.tracing:tracing:1.0.0) with AarToClassTransform
[        ] Transforming kotlin-stdlib-jdk7-1.8.22.jar (org.jetbrains.kotlin:kotlin-stdlib-jdk7:1.8.22) with JetifyTransform
[        ] Transforming kotlin-stdlib-jdk7-1.8.22.jar (org.jetbrains.kotlin:kotlin-stdlib-jdk7:1.8.22) with IdentityTransform
[        ] Transforming kotlin-stdlib-jdk8-1.8.22.jar (org.jetbrains.kotlin:kotlin-stdlib-jdk8:1.8.22) with JetifyTransform
[        ] Transforming kotlin-stdlib-jdk8-1.8.22.jar (org.jetbrains.kotlin:kotlin-stdlib-jdk8:1.8.22) with IdentityTransform
[        ] Transforming listenablefuture-1.0.jar (com.google.guava:listenablefuture:1.0) with JetifyTransform
[        ] Transforming listenablefuture-1.0.jar (com.google.guava:listenablefuture:1.0) with IdentityTransform
[        ] Caching disabled for task ':firebase_auth:extractReleaseAnnotations' because:
[        ]   Build cache is disabled
[        ] Skipping task ':firebase_auth:extractReleaseAnnotations' as it is up-to-date.
[        ] Resolve mutations for :firebase_auth:javaPreCompileRelease (Thread[Execution worker Thread 3,5,main]) started.
[        ] :firebase_auth:javaPreCompileRelease (Thread[Execution worker Thread 3,5,main]) started.
[        ] > Task :firebase_auth:javaPreCompileRelease UP-TO-DATE
[        ] Caching disabled for task ':firebase_auth:javaPreCompileRelease' because:
[        ]   Build cache is disabled
[        ] Skipping task ':firebase_auth:javaPreCompileRelease' as it is up-to-date.
[        ] Resolve mutations for :firebase_auth:compileReleaseJavaWithJavac (Thread[Execution worker Thread 3,5,main]) started.
[        ] :firebase_auth:compileReleaseJavaWithJavac (Thread[Execution worker Thread 3,5,main]) started.
[        ] > Task :firebase_auth:compileReleaseJavaWithJavac UP-TO-DATE
[        ] Caching disabled for task ':firebase_auth:compileReleaseJavaWithJavac' because:
[        ]   Build cache is disabled
[        ] Skipping task ':firebase_auth:compileReleaseJavaWithJavac' as it is up-to-date.
[        ] Resolve mutations for :firebase_auth:mergeReleaseGeneratedProguardFiles (Thread[Execution worker Thread 3,5,main]) started.
[        ] :firebase_auth:mergeReleaseGeneratedProguardFiles (Thread[Execution worker Thread 3,5,main]) started.
[        ] > Task :firebase_auth:mergeReleaseGeneratedProguardFiles UP-TO-DATE
[        ] Caching disabled for task ':firebase_auth:mergeReleaseGeneratedProguardFiles' because:
[        ]   Build cache is disabled
[        ] Skipping task ':firebase_auth:mergeReleaseGeneratedProguardFiles' as it is up-to-date.
[        ] Resolve mutations for :firebase_auth:mergeReleaseConsumerProguardFiles (Thread[Execution worker Thread 11,5,main]) started.
[        ] :firebase_auth:mergeReleaseConsumerProguardFiles (Thread[Execution worker Thread 11,5,main]) started.
[        ] > Task :firebase_auth:mergeReleaseConsumerProguardFiles UP-TO-DATE
[        ] Caching disabled for task ':firebase_auth:mergeReleaseConsumerProguardFiles' because:
[        ]   Build cache is disabled
[        ] Skipping task ':firebase_auth:mergeReleaseConsumerProguardFiles' as it is up-to-date.
[        ] Resolve mutations for :firebase_auth:mergeReleaseShaders (Thread[Execution worker Thread 11,5,main]) started.
[        ] :firebase_auth:mergeReleaseShaders (Thread[Execution worker Thread 11,5,main]) started.
[        ] > Task :firebase_auth:mergeReleaseShaders UP-TO-DATE
[        ] Caching disabled for task ':firebase_auth:mergeReleaseShaders' because:
[        ]   Build cache is disabled
[        ] Skipping task ':firebase_auth:mergeReleaseShaders' as it is up-to-date.
[        ] Resolve mutations for :firebase_auth:compileReleaseShaders (Thread[Execution worker Thread 11,5,main]) started.
[        ] :firebase_auth:compileReleaseShaders (Thread[Execution worker Thread 11,5,main]) started.
[  +29 ms] > Task :firebase_auth:compileReleaseShaders NO-SOURCE
[        ] Skipping task ':firebase_auth:compileReleaseShaders' as it has no source files and no previous output files.
[        ] Resolve mutations for :firebase_auth:generateReleaseAssets (Thread[Execution worker Thread 11,5,main]) started.
[        ] :firebase_auth:generateReleaseAssets (Thread[Execution worker Thread 11,5,main]) started.
[        ] > Task :firebase_auth:generateReleaseAssets UP-TO-DATE
[        ] Skipping task ':firebase_auth:generateReleaseAssets' as it has no actions.
[        ] Resolve mutations for :firebase_auth:packageReleaseAssets (Thread[Execution worker Thread 11,5,main]) started.
[        ] :firebase_auth:packageReleaseAssets (Thread[Execution worker Thread 11,5,main]) started.
[        ] > Task :firebase_auth:packageReleaseAssets UP-TO-DATE
[        ] Caching disabled for task ':firebase_auth:packageReleaseAssets' because:
[        ]   Build cache is disabled
[        ] Skipping task ':firebase_auth:packageReleaseAssets' as it is up-to-date.
[        ] work action resolve out (project :firebase_auth) (Thread[Execution worker Thread 11,5,main]) started.
[        ] Resolve mutations for :firebase_auth:packageReleaseRenderscript (Thread[Execution worker Thread 11,5,main]) started.
[        ] :firebase_auth:packageReleaseRenderscript (Thread[Execution worker Thread 11,5,main]) started.
[        ] > Task :firebase_auth:packageReleaseRenderscript NO-SOURCE
[        ] Skipping task ':firebase_auth:packageReleaseRenderscript' as it has no source files and no previous output files.
[        ] work action resolve out (project :firebase_auth) (Thread[Execution worker Thread 11,5,main]) started.
[        ] Resolve mutations for :firebase_auth:prepareLintJarForPublish (Thread[Execution worker Thread 11,5,main]) started.
[        ] :firebase_auth:prepareLintJarForPublish (Thread[Execution worker Thread 11,5,main]) started.
[        ] > Task :firebase_auth:prepareLintJarForPublish UP-TO-DATE
[        ] Caching disabled for task ':firebase_auth:prepareLintJarForPublish' because:
[        ]   Build cache is disabled
[        ] Skipping task ':firebase_auth:prepareLintJarForPublish' as it is up-to-date.
[        ] work action resolve lint.jar (project :firebase_auth) (Thread[Execution worker Thread 11,5,main]) started.
[        ] work action resolve lint.jar (project :firebase_auth) (Thread[Execution worker Thread 11,5,main]) started.
[        ] Resolve mutations for :firebase_auth:prepareReleaseArtProfile (Thread[Execution worker Thread 11,5,main]) started.
[        ] :firebase_auth:prepareReleaseArtProfile (Thread[Execution worker Thread 11,5,main]) started.
[        ] > Task :firebase_auth:prepareReleaseArtProfile UP-TO-DATE
[        ] Caching disabled for task ':firebase_auth:prepareReleaseArtProfile' because:
[        ]   Build cache is disabled
[        ] Skipping task ':firebase_auth:prepareReleaseArtProfile' as it is up-to-date.
[        ] work action resolve baseline-prof.txt (project :firebase_auth) (Thread[Execution worker Thread 11,5,main]) started.
[        ] Resolve mutations for :firebase_auth:processReleaseJavaRes (Thread[Execution worker Thread 11,5,main]) started.
[        ] :firebase_auth:processReleaseJavaRes (Thread[Execution worker Thread 11,5,main]) started.
[        ] > Task :firebase_auth:processReleaseJavaRes NO-SOURCE
[        ] Skipping task ':firebase_auth:processReleaseJavaRes' as it has no source files and no previous output files.
[        ] Resolve mutations for :firebase_auth:mergeReleaseJavaResource (Thread[Execution worker Thread 11,5,main]) started.
[        ] :firebase_auth:mergeReleaseJavaResource (Thread[Execution worker Thread 11,5,main]) started.
[        ] > Task :firebase_auth:mergeReleaseJavaResource UP-TO-DATE
[        ] Caching disabled for task ':firebase_auth:mergeReleaseJavaResource' because:
[        ]   Build cache is disabled
[        ] Skipping task ':firebase_auth:mergeReleaseJavaResource' as it is up-to-date.
[        ] Resolve mutations for :firebase_auth:syncReleaseLibJars (Thread[Execution worker Thread 11,5,main]) started.
[        ] :firebase_auth:syncReleaseLibJars (Thread[Execution worker Thread 11,5,main]) started.
[        ] > Task :firebase_auth:syncReleaseLibJars UP-TO-DATE
[        ] Caching disabled for task ':firebase_auth:syncReleaseLibJars' because:
[        ]   Build cache is disabled
[        ] Skipping task ':firebase_auth:syncReleaseLibJars' as it is up-to-date.
[        ] Resolve mutations for :firebase_auth:writeReleaseAarMetadata (Thread[Execution worker Thread 11,5,main]) started.
[        ] :firebase_auth:writeReleaseAarMetadata (Thread[Execution worker Thread 11,5,main]) started.
[        ] > Task :firebase_auth:writeReleaseAarMetadata UP-TO-DATE
[        ] Caching disabled for task ':firebase_auth:writeReleaseAarMetadata' because:
[        ]   Build cache is disabled
[        ] Skipping task ':firebase_auth:writeReleaseAarMetadata' as it is up-to-date.
[        ] work action resolve aar-metadata.properties (project :firebase_auth) (Thread[Execution worker Thread 11,5,main]) started.
[        ] Resolve mutations for :firebase_auth:bundleReleaseLocalLintAar (Thread[Execution worker Thread 11,5,main]) started.
[        ] :firebase_auth:bundleReleaseLocalLintAar (Thread[Execution worker Thread 11,5,main]) started.
[        ] > Task :firebase_auth:bundleReleaseLocalLintAar UP-TO-DATE
[        ] Caching disabled for task ':firebase_auth:bundleReleaseLocalLintAar' because:
[        ]   Build cache is disabled
[        ] Skipping task ':firebase_auth:bundleReleaseLocalLintAar' as it is up-to-date.
[        ] work action resolve out.aar (project :firebase_auth) (Thread[Execution worker Thread 11,5,main]) started.
[        ] work action resolve out.aar (project :firebase_auth) (Thread[Execution worker Thread 11,5,main]) started.
[        ] Resolve mutations for :firebase_core:mergeReleaseJniLibFolders (Thread[Execution worker Thread 8,5,main]) started.
[        ] :firebase_core:mergeReleaseJniLibFolders (Thread[Execution worker Thread 8,5,main]) started.
[        ] > Task :firebase_core:mergeReleaseJniLibFolders UP-TO-DATE
[        ] Caching disabled for task ':firebase_core:mergeReleaseJniLibFolders' because:
[        ]   Build cache is disabled
[        ] Skipping task ':firebase_core:mergeReleaseJniLibFolders' as it is up-to-date.
[        ] Resolve mutations for :firebase_core:mergeReleaseNativeLibs (Thread[Execution worker Thread 8,5,main]) started.
[        ] :firebase_core:mergeReleaseNativeLibs (Thread[Execution worker Thread 8,5,main]) started.
[        ] > Task :firebase_core:mergeReleaseNativeLibs NO-SOURCE
[        ] Skipping task ':firebase_core:mergeReleaseNativeLibs' as it has no source files and no previous output files.
[        ] Resolve mutations for :firebase_core:stripReleaseDebugSymbols (Thread[Execution worker Thread 8,5,main]) started.
[        ] :firebase_core:stripReleaseDebugSymbols (Thread[Execution worker Thread 8,5,main]) started.
[        ] ExtractAarTransform (Thread[Execution worker Thread 3,5,main]) started.
[        ] ExtractAarTransform (Thread[Execution worker Thread 7,5,main]) started.
[        ] > Transform out.aar (project :firebase_auth) with ExtractAarTransform
[        ] Transforming out.aar (project :firebase_auth) with ExtractAarTransform
[        ] Caching disabled for ExtractAarTransform: C:\Users\User\Desktop\Codes Folder\fluttertest1\alhora_app\alhora_project\build\firebase_auth\intermediates\local_aar_for_lint\release\out.aar because:
[        ]   Build cache is disabled
[        ] Skipping ExtractAarTransform: C:\Users\User\Desktop\Codes Folder\fluttertest1\alhora_app\alhora_project\build\firebase_auth\intermediates\local_aar_for_lint\release\out.aar as it is up-to-date.
[        ] > Task :firebase_core:stripReleaseDebugSymbols NO-SOURCE
[        ] Skipping task ':firebase_core:stripReleaseDebugSymbols' as it has no source files and no previous output files.
[        ] Resolve mutations for :firebase_core:copyReleaseJniLibsProjectAndLocalJars (Thread[Execution worker Thread 8,5,main]) started.
[        ] > Transform out.aar (project :firebase_auth) with ExtractAarTransform
[        ] Transforming out.aar (project :firebase_auth) with ExtractAarTransform
[        ] :firebase_core:copyReleaseJniLibsProjectAndLocalJars (Thread[Execution worker Thread 8,5,main]) started.
[        ] > Task :firebase_core:copyReleaseJniLibsProjectAndLocalJars UP-TO-DATE
[        ] Caching disabled for task ':firebase_core:copyReleaseJniLibsProjectAndLocalJars' because:
[        ]   Build cache is disabled
[        ] Skipping task ':firebase_core:copyReleaseJniLibsProjectAndLocalJars' as it is up-to-date.
[        ] Resolve mutations for :firebase_core:extractDeepLinksForAarRelease (Thread[Execution worker Thread 8,5,main]) started.
[        ] :firebase_core:extractDeepLinksForAarRelease (Thread[Execution worker Thread 8,5,main]) started.
[        ] > Task :firebase_core:extractDeepLinksForAarRelease UP-TO-DATE
[        ] Caching disabled for task ':firebase_core:extractDeepLinksForAarRelease' because:
[        ]   Build cache is disabled
[        ] Skipping task ':firebase_core:extractDeepLinksForAarRelease' as it is up-to-date.
[        ] Resolve mutations for :firebase_core:extractReleaseAnnotations (Thread[Execution worker Thread 8,5,main]) started.
[        ] :firebase_core:extractReleaseAnnotations (Thread[Execution worker Thread 8,5,main]) started.
[        ] > Task :firebase_core:extractReleaseAnnotations UP-TO-DATE
[        ] Caching disabled for task ':firebase_core:extractReleaseAnnotations' because:
[        ]   Build cache is disabled
[        ] Skipping task ':firebase_core:extractReleaseAnnotations' as it is up-to-date.
[        ] Resolve mutations for :firebase_core:mergeReleaseGeneratedProguardFiles (Thread[Execution worker Thread 8,5,main]) started.
[        ] :firebase_core:mergeReleaseGeneratedProguardFiles (Thread[Execution worker Thread 8,5,main]) started.
[        ] > Task :firebase_core:mergeReleaseGeneratedProguardFiles UP-TO-DATE
[        ] Caching disabled for task ':firebase_core:mergeReleaseGeneratedProguardFiles' because:
[        ]   Build cache is disabled
[        ] Skipping task ':firebase_core:mergeReleaseGeneratedProguardFiles' as it is up-to-date.
[        ] Resolve mutations for :firebase_core:mergeReleaseConsumerProguardFiles (Thread[Execution worker Thread 8,5,main]) started.
[        ] :firebase_core:mergeReleaseConsumerProguardFiles (Thread[Execution worker Thread 8,5,main]) started.
[        ] > Task :firebase_core:mergeReleaseConsumerProguardFiles UP-TO-DATE
[        ] Caching disabled for task ':firebase_core:mergeReleaseConsumerProguardFiles' because:
[        ]   Build cache is disabled
[        ] Skipping task ':firebase_core:mergeReleaseConsumerProguardFiles' as it is up-to-date.
[        ] Resolve mutations for :firebase_core:mergeReleaseShaders (Thread[Execution worker Thread 8,5,main]) started.
[        ] :firebase_core:mergeReleaseShaders (Thread[Execution worker Thread 8,5,main]) started.
[        ] > Task :firebase_core:mergeReleaseShaders UP-TO-DATE
[        ] Caching disabled for task ':firebase_core:mergeReleaseShaders' because:
[        ]   Build cache is disabled
[        ] Skipping task ':firebase_core:mergeReleaseShaders' as it is up-to-date.
[        ] Resolve mutations for :firebase_core:compileReleaseShaders (Thread[Execution worker Thread 8,5,main]) started.
[        ] :firebase_core:compileReleaseShaders (Thread[Execution worker Thread 8,5,main]) started.
[        ] > Task :firebase_core:compileReleaseShaders NO-SOURCE
[        ] Skipping task ':firebase_core:compileReleaseShaders' as it has no source files and no previous output files.
[        ] Resolve mutations for :firebase_core:generateReleaseAssets (Thread[Execution worker Thread 8,5,main]) started.
[        ] :firebase_core:generateReleaseAssets (Thread[Execution worker Thread 8,5,main]) started.
[        ] > Task :firebase_core:generateReleaseAssets UP-TO-DATE
[        ] Skipping task ':firebase_core:generateReleaseAssets' as it has no actions.
[        ] Resolve mutations for :firebase_core:packageReleaseAssets (Thread[Execution worker Thread 8,5,main]) started.
[        ] :firebase_core:packageReleaseAssets (Thread[Execution worker Thread 8,5,main]) started.
[        ] > Task :firebase_core:packageReleaseAssets UP-TO-DATE
[        ] Caching disabled for task ':firebase_core:packageReleaseAssets' because:
[        ]   Build cache is disabled
[        ] Skipping task ':firebase_core:packageReleaseAssets' as it is up-to-date.
[        ] work action resolve out (project :firebase_core) (Thread[Execution worker Thread 8,5,main]) started.
[        ] Resolve mutations for :firebase_core:prepareLintJarForPublish (Thread[Execution worker Thread 9,5,main]) started.
[        ] :firebase_core:prepareLintJarForPublish (Thread[Execution worker Thread 9,5,main]) started.
[        ] > Task :firebase_core:prepareLintJarForPublish UP-TO-DATE
[        ] Caching disabled for task ':firebase_core:prepareLintJarForPublish' because:
[        ]   Build cache is disabled
[        ] Skipping task ':firebase_core:prepareLintJarForPublish' as it is up-to-date.
[        ] work action resolve lint.jar (project :firebase_core) (Thread[Execution worker Thread 9,5,main]) started.
[        ] work action resolve lint.jar (project :firebase_core) (Thread[Execution worker Thread 9,5,main]) started.
[        ] Resolve mutations for :firebase_core:prepareReleaseArtProfile (Thread[Execution worker Thread 9,5,main]) started.
[        ] :firebase_core:prepareReleaseArtProfile (Thread[Execution worker Thread 9,5,main]) started.
[        ] > Task :firebase_core:prepareReleaseArtProfile UP-TO-DATE
[        ] Caching disabled for task ':firebase_core:prepareReleaseArtProfile' because:
[        ]   Build cache is disabled
[        ] Skipping task ':firebase_core:prepareReleaseArtProfile' as it is up-to-date.
[        ] work action resolve baseline-prof.txt (project :firebase_core) (Thread[Execution worker Thread 9,5,main]) started.
[        ] Resolve mutations for :firebase_core:processReleaseJavaRes (Thread[Execution worker Thread 9,5,main]) started.
[        ] :firebase_core:processReleaseJavaRes (Thread[Execution worker Thread 9,5,main]) started.
[        ] > Task :firebase_core:processReleaseJavaRes NO-SOURCE
[        ] Skipping task ':firebase_core:processReleaseJavaRes' as it has no source files and no previous output files.
[        ] Resolve mutations for :firebase_core:mergeReleaseJavaResource (Thread[Execution worker Thread 9,5,main]) started.
[        ] :firebase_core:mergeReleaseJavaResource (Thread[Execution worker Thread 9,5,main]) started.
[        ] > Task :firebase_core:mergeReleaseJavaResource UP-TO-DATE
[        ] Caching disabled for task ':firebase_core:mergeReleaseJavaResource' because:
[        ]   Build cache is disabled
[        ] Skipping task ':firebase_core:mergeReleaseJavaResource' as it is up-to-date.
[        ] Resolve mutations for :firebase_core:syncReleaseLibJars (Thread[Execution worker Thread 9,5,main]) started.
[        ] :firebase_core:syncReleaseLibJars (Thread[Execution worker Thread 9,5,main]) started.
[        ] > Task :firebase_core:syncReleaseLibJars UP-TO-DATE
[        ] Caching disabled for task ':firebase_core:syncReleaseLibJars' because:
[        ]   Build cache is disabled
[        ] Skipping task ':firebase_core:syncReleaseLibJars' as it is up-to-date.
[        ] Resolve mutations for :firebase_core:writeReleaseAarMetadata (Thread[Execution worker Thread 9,5,main]) started.
[        ] :firebase_core:writeReleaseAarMetadata (Thread[Execution worker Thread 9,5,main]) started.
[        ] > Task :firebase_core:writeReleaseAarMetadata UP-TO-DATE
[        ] Caching disabled for task ':firebase_core:writeReleaseAarMetadata' because:
[        ]   Build cache is disabled
[        ] Skipping task ':firebase_core:writeReleaseAarMetadata' as it is up-to-date.
[        ] work action resolve aar-metadata.properties (project :firebase_core) (Thread[Execution worker Thread 9,5,main]) started.
[        ] Resolve mutations for :firebase_core:bundleReleaseLocalLintAar (Thread[Execution worker Thread 9,5,main]) started.
[        ] :firebase_core:bundleReleaseLocalLintAar (Thread[Execution worker Thread 9,5,main]) started.
[        ] > Task :firebase_core:bundleReleaseLocalLintAar UP-TO-DATE
[        ] Caching disabled for task ':firebase_core:bundleReleaseLocalLintAar' because:
[        ]   Build cache is disabled
[        ] Skipping task ':firebase_core:bundleReleaseLocalLintAar' as it is up-to-date.
[        ] work action resolve out.aar (project :firebase_core) (Thread[Execution worker Thread 9,5,main]) started.
[        ] work action resolve out.aar (project :firebase_core) (Thread[Execution worker Thread 9,5,main]) started.
[        ] ExtractAarTransform (Thread[Execution worker Thread 6,5,main]) started.
[        ] ExtractAarTransform (Thread[Execution worker Thread 4,5,main]) started.
[        ] Resolve mutations for :path_provider_android:preBuild (Thread[Execution worker Thread 9,5,main]) started.
[        ] :path_provider_android:preBuild (Thread[Execution worker Thread 9,5,main]) started.
[        ] > Task :path_provider_android:preBuild UP-TO-DATE
[        ] Skipping task ':path_provider_android:preBuild' as it has no actions.
[        ] Resolve mutations for :path_provider_android:preReleaseBuild (Thread[Execution worker Thread 9,5,main]) started.
[        ] :path_provider_android:preReleaseBuild (Thread[Execution worker Thread 9,5,main]) started.
[        ] > Task :path_provider_android:preReleaseBuild UP-TO-DATE
[        ] Skipping task ':path_provider_android:preReleaseBuild' as it has no actions.
[        ] Resolve mutations for :path_provider_android:compileReleaseAidl (Thread[Execution worker Thread 9,5,main]) started.
[        ] :path_provider_android:compileReleaseAidl (Thread[Execution worker Thread 9,5,main]) started.
[        ] > Task :path_provider_android:compileReleaseAidl NO-SOURCE
[        ] Skipping task ':path_provider_android:compileReleaseAidl' as it has no source files and no previous output files.
[        ] work action resolve out (project :path_provider_android) (Thread[Execution worker Thread 9,5,main]) started.
[        ] Resolve mutations for :path_provider_android:mergeReleaseJniLibFolders (Thread[Execution worker Thread 9,5,main]) started.
[        ] :path_provider_android:mergeReleaseJniLibFolders (Thread[Execution worker Thread 9,5,main]) started.
[        ] > Transform out.aar (project :firebase_core) with ExtractAarTransform
[        ] Transforming out.aar (project :firebase_core) with ExtractAarTransform
[        ] Caching disabled for ExtractAarTransform: C:\Users\User\Desktop\Codes Folder\fluttertest1\alhora_app\alhora_project\build\firebase_core\intermediates\local_aar_for_lint\release\out.aar because:
[        ]   Build cache is disabled
[        ] Skipping ExtractAarTransform: C:\Users\User\Desktop\Codes Folder\fluttertest1\alhora_app\alhora_project\build\firebase_core\intermediates\local_aar_for_lint\release\out.aar as it is up-to-date.
[        ] > Transform out.aar (project :firebase_core) with ExtractAarTransform
[        ] Transforming out.aar (project :firebase_core) with ExtractAarTransform
[  +78 ms] > Task :path_provider_android:mergeReleaseJniLibFolders UP-TO-DATE
[        ] Caching disabled for task ':path_provider_android:mergeReleaseJniLibFolders' because:
[        ]   Build cache is disabled
[        ] Skipping task ':path_provider_android:mergeReleaseJniLibFolders' as it is up-to-date.
[        ] Resolve mutations for :path_provider_android:mergeReleaseNativeLibs (Thread[Execution worker Thread 9,5,main]) started.
[        ] :path_provider_android:mergeReleaseNativeLibs (Thread[Execution worker Thread 9,5,main]) started.
[        ] > Task :path_provider_android:mergeReleaseNativeLibs NO-SOURCE
[        ] Skipping task ':path_provider_android:mergeReleaseNativeLibs' as it has no source files and no previous output files.
[        ] Resolve mutations for :path_provider_android:stripReleaseDebugSymbols (Thread[Execution worker Thread 9,5,main]) started.
[        ] :path_provider_android:stripReleaseDebugSymbols (Thread[Execution worker Thread 9,5,main]) started.
[        ] > Task :path_provider_android:stripReleaseDebugSymbols NO-SOURCE
[        ] Skipping task ':path_provider_android:stripReleaseDebugSymbols' as it has no source files and no previous output files.
[        ] Resolve mutations for :path_provider_android:copyReleaseJniLibsProjectAndLocalJars (Thread[Execution worker Thread 9,5,main]) started.
[        ] :path_provider_android:copyReleaseJniLibsProjectAndLocalJars (Thread[Execution worker Thread 9,5,main]) started.
[        ] > Task :path_provider_android:copyReleaseJniLibsProjectAndLocalJars UP-TO-DATE
[        ] Caching disabled for task ':path_provider_android:copyReleaseJniLibsProjectAndLocalJars' because:
[        ]   Build cache is disabled
[        ] Skipping task ':path_provider_android:copyReleaseJniLibsProjectAndLocalJars' as it is up-to-date.
[        ] Resolve mutations for :path_provider_android:compileReleaseRenderscript (Thread[Execution worker Thread 9,5,main]) started.
[        ] :path_provider_android:compileReleaseRenderscript (Thread[Execution worker Thread 9,5,main]) started.
[        ] > Task :path_provider_android:compileReleaseRenderscript NO-SOURCE
[        ] Skipping task ':path_provider_android:compileReleaseRenderscript' as it has no source files and no previous output files.
[        ] Resolve mutations for :path_provider_android:generateReleaseResValues (Thread[Execution worker Thread 9,5,main]) started.
[        ] :path_provider_android:generateReleaseResValues (Thread[Execution worker Thread 9,5,main]) started.
[        ] > Task :path_provider_android:generateReleaseResValues UP-TO-DATE
[        ] Caching disabled for task ':path_provider_android:generateReleaseResValues' because:
[        ]   Build cache is disabled
[        ] Skipping task ':path_provider_android:generateReleaseResValues' as it is up-to-date.
[        ] Resolve mutations for :path_provider_android:extractDeepLinksForAarRelease (Thread[Execution worker Thread 9,5,main]) started.
[        ] :path_provider_android:extractDeepLinksForAarRelease (Thread[Execution worker Thread 9,5,main]) started.
[        ] > Task :path_provider_android:extractDeepLinksForAarRelease UP-TO-DATE
[        ] Caching disabled for task ':path_provider_android:extractDeepLinksForAarRelease' because:
[        ]   Build cache is disabled
[        ] Skipping task ':path_provider_android:extractDeepLinksForAarRelease' as it is up-to-date.
[        ] Resolve mutations for :path_provider_android:generateReleaseBuildConfig (Thread[Execution worker Thread 9,5,main]) started.
[        ] :path_provider_android:generateReleaseBuildConfig (Thread[Execution worker Thread 9,5,main]) started.
[        ] > Task :path_provider_android:generateReleaseBuildConfig UP-TO-DATE
[        ] Caching disabled for task ':path_provider_android:generateReleaseBuildConfig' because:
[        ]   Build cache is disabled
[        ] Skipping task ':path_provider_android:generateReleaseBuildConfig' as it is up-to-date.
[        ] Resolve mutations for :path_provider_android:generateReleaseResources (Thread[Execution worker Thread 9,5,main]) started.
[        ] :path_provider_android:generateReleaseResources (Thread[Execution worker Thread 9,5,main]) started.
[        ] > Task :path_provider_android:generateReleaseResources UP-TO-DATE
[        ] Skipping task ':path_provider_android:generateReleaseResources' as it has no actions.
[        ] Resolve mutations for :path_provider_android:packageReleaseResources (Thread[Execution worker Thread 9,5,main]) started.
[        ] :path_provider_android:packageReleaseResources (Thread[Execution worker Thread 9,5,main]) started.
[        ] > Task :path_provider_android:packageReleaseResources UP-TO-DATE
[        ] Caching disabled for task ':path_provider_android:packageReleaseResources' because:
[        ]   Build cache is disabled
[        ] Skipping task ':path_provider_android:packageReleaseResources' as it is up-to-date.
[        ] work action resolve release (project :path_provider_android) (Thread[Execution worker Thread 9,5,main]) started.
[        ] Resolve mutations for :path_provider_android:parseReleaseLocalResources (Thread[Execution worker Thread 9,5,main]) started.
[        ] :path_provider_android:parseReleaseLocalResources (Thread[Execution worker Thread 9,5,main]) started.
[        ] > Task :path_provider_android:parseReleaseLocalResources UP-TO-DATE
[        ] Transforming android.jar with PlatformAttrTransform
[        ] Transforming android.jar with PlatformAttrTransform
[        ] Caching disabled for task ':path_provider_android:parseReleaseLocalResources' because:
[        ]   Build cache is disabled
[        ] Skipping task ':path_provider_android:parseReleaseLocalResources' as it is up-to-date.
[        ] Resolve mutations for :path_provider_android:processReleaseManifest (Thread[Execution worker Thread 9,5,main]) started.
[        ] :path_provider_android:processReleaseManifest (Thread[Execution worker Thread 9,5,main]) started.
[        ] > Task :path_provider_android:processReleaseManifest UP-TO-DATE
[        ] Caching disabled for task ':path_provider_android:processReleaseManifest' because:
[        ]   Build cache is disabled
[        ] Skipping task ':path_provider_android:processReleaseManifest' as it is up-to-date.
[        ] work action resolve AndroidManifest.xml (project :path_provider_android) (Thread[Execution worker Thread 9,5,main]) started.
[        ] work action resolve AndroidManifest.xml (project :path_provider_android) (Thread[Execution worker Thread 9,5,main]) started.
[        ] Resolve mutations for :path_provider_android:generateReleaseRFile (Thread[Execution worker Thread 9,5,main]) started.
[        ] :path_provider_android:generateReleaseRFile (Thread[Execution worker Thread 9,5,main]) started.
[        ] > Task :path_provider_android:generateReleaseRFile UP-TO-DATE
[        ] Transforming fragment-1.1.0.aar (androidx.fragment:fragment:1.1.0) with JetifyTransform
[        ] Transforming fragment-1.1.0.aar (androidx.fragment:fragment:1.1.0) with ExtractAarTransform
[        ] Transforming fragment-1.1.0.aar (androidx.fragment:fragment:1.1.0) with LibrarySymbolTableTransform
[        ] Transforming viewpager-1.0.0.aar (androidx.viewpager:viewpager:1.0.0) with JetifyTransform
[        ] Transforming viewpager-1.0.0.aar (androidx.viewpager:viewpager:1.0.0) with ExtractAarTransform
[        ] Transforming viewpager-1.0.0.aar (androidx.viewpager:viewpager:1.0.0) with LibrarySymbolTableTransform
[        ] Transforming loader-1.0.0.aar (androidx.loader:loader:1.0.0) with JetifyTransform
[        ] Transforming loader-1.0.0.aar (androidx.loader:loader:1.0.0) with ExtractAarTransform
[        ] Transforming loader-1.0.0.aar (androidx.loader:loader:1.0.0) with LibrarySymbolTableTransform
[        ] Transforming activity-1.0.0.aar (androidx.activity:activity:1.0.0) with JetifyTransform
[        ] Transforming activity-1.0.0.aar (androidx.activity:activity:1.0.0) with ExtractAarTransform
[        ] Transforming activity-1.0.0.aar (androidx.activity:activity:1.0.0) with LibrarySymbolTableTransform
[        ] Transforming customview-1.0.0.aar (androidx.customview:customview:1.0.0) with JetifyTransform
[        ] Transforming customview-1.0.0.aar (androidx.customview:customview:1.0.0) with ExtractAarTransform
[        ] Transforming customview-1.0.0.aar (androidx.customview:customview:1.0.0) with LibrarySymbolTableTransform
[        ] Transforming core-1.6.0.aar (androidx.core:core:1.6.0) with JetifyTransform
[        ] Transforming core-1.6.0.aar (androidx.core:core:1.6.0) with ExtractAarTransform
[        ] Transforming core-1.6.0.aar (androidx.core:core:1.6.0) with LibrarySymbolTableTransform
[        ] Transforming core-1.6.0.aar (androidx.core:core:1.6.0) with JetifyTransform
[        ] Transforming core-1.6.0.aar (androidx.core:core:1.6.0) with ExtractAarTransform
[        ] Transforming core-1.6.0.aar (androidx.core:core:1.6.0) with LibrarySymbolTableTransform
[        ] Transforming lifecycle-runtime-2.2.0.aar (androidx.lifecycle:lifecycle-runtime:2.2.0) with JetifyTransform
[        ] Transforming lifecycle-runtime-2.2.0.aar (androidx.lifecycle:lifecycle-runtime:2.2.0) with ExtractAarTransform
[        ] Transforming lifecycle-runtime-2.2.0.aar (androidx.lifecycle:lifecycle-runtime:2.2.0) with LibrarySymbolTableTransform
[        ] Transforming lifecycle-runtime-2.2.0.aar (androidx.lifecycle:lifecycle-runtime:2.2.0) with JetifyTransform
[        ] Transforming lifecycle-runtime-2.2.0.aar (androidx.lifecycle:lifecycle-runtime:2.2.0) with ExtractAarTransform
[        ] Transforming lifecycle-runtime-2.2.0.aar (androidx.lifecycle:lifecycle-runtime:2.2.0) with LibrarySymbolTableTransform
[        ] Transforming savedstate-1.0.0.aar (androidx.savedstate:savedstate:1.0.0) with JetifyTransform
[        ] Transforming savedstate-1.0.0.aar (androidx.savedstate:savedstate:1.0.0) with ExtractAarTransform
[        ] Transforming savedstate-1.0.0.aar (androidx.savedstate:savedstate:1.0.0) with LibrarySymbolTableTransform
[        ] Transforming lifecycle-livedata-2.0.0.aar (androidx.lifecycle:lifecycle-livedata:2.0.0) with JetifyTransform
[        ] Transforming lifecycle-livedata-2.0.0.aar (androidx.lifecycle:lifecycle-livedata:2.0.0) with ExtractAarTransform
[        ] Transforming lifecycle-livedata-2.0.0.aar (androidx.lifecycle:lifecycle-livedata:2.0.0) with LibrarySymbolTableTransform
[        ] Transforming lifecycle-livedata-core-2.0.0.aar (androidx.lifecycle:lifecycle-livedata-core:2.0.0) with JetifyTransform
[        ] Transforming lifecycle-livedata-core-2.0.0.aar (androidx.lifecycle:lifecycle-livedata-core:2.0.0) with ExtractAarTransform
[        ] Transforming lifecycle-livedata-core-2.0.0.aar (androidx.lifecycle:lifecycle-livedata-core:2.0.0) with LibrarySymbolTableTransform
[        ] Transforming core-runtime-2.0.0.aar (androidx.arch.core:core-runtime:2.0.0) with JetifyTransform
[        ] Transforming core-runtime-2.0.0.aar (androidx.arch.core:core-runtime:2.0.0) with ExtractAarTransform
[        ] Transforming core-runtime-2.0.0.aar (androidx.arch.core:core-runtime:2.0.0) with LibrarySymbolTableTransform
[        ] Transforming versionedparcelable-1.1.1.aar (androidx.versionedparcelable:versionedparcelable:1.1.1) with JetifyTransform
[        ] Transforming versionedparcelable-1.1.1.aar (androidx.versionedparcelable:versionedparcelable:1.1.1) with ExtractAarTransform
[        ] Transforming versionedparcelable-1.1.1.aar (androidx.versionedparcelable:versionedparcelable:1.1.1) with LibrarySymbolTableTransform
[        ] Transforming lifecycle-viewmodel-2.1.0.aar (androidx.lifecycle:lifecycle-viewmodel:2.1.0) with JetifyTransform
[        ] Transforming lifecycle-viewmodel-2.1.0.aar (androidx.lifecycle:lifecycle-viewmodel:2.1.0) with ExtractAarTransform
[        ] Transforming lifecycle-viewmodel-2.1.0.aar (androidx.lifecycle:lifecycle-viewmodel:2.1.0) with LibrarySymbolTableTransform
[        ] Transforming window-java-1.0.0-beta04.aar (androidx.window:window-java:1.0.0-beta04) with JetifyTransform
[        ] Transforming window-java-1.0.0-beta04.aar (androidx.window:window-java:1.0.0-beta04) with ExtractAarTransform
[        ] Transforming window-java-1.0.0-beta04.aar (androidx.window:window-java:1.0.0-beta04) with LibrarySymbolTableTransform
[        ] Transforming window-1.0.0-beta04.aar (androidx.window:window:1.0.0-beta04) with JetifyTransform
[        ] Transforming window-1.0.0-beta04.aar (androidx.window:window:1.0.0-beta04) with ExtractAarTransform
[        ] Transforming window-1.0.0-beta04.aar (androidx.window:window:1.0.0-beta04) with LibrarySymbolTableTransform
[        ] Transforming annotation-experimental-1.1.0.aar (androidx.annotation:annotation-experimental:1.1.0) with JetifyTransform
[        ] Transforming annotation-experimental-1.1.0.aar (androidx.annotation:annotation-experimental:1.1.0) with ExtractAarTransform
[        ] Transforming annotation-experimental-1.1.0.aar (androidx.annotation:annotation-experimental:1.1.0) with LibrarySymbolTableTransform
[        ] Transforming tracing-1.0.0.aar (androidx.tracing:tracing:1.0.0) with JetifyTransform
[        ] Transforming tracing-1.0.0.aar (androidx.tracing:tracing:1.0.0) with ExtractAarTransform
[        ] Transforming tracing-1.0.0.aar (androidx.tracing:tracing:1.0.0) with LibrarySymbolTableTransform
[        ] Transforming android.jar with PlatformAttrTransform
[        ] Caching disabled for task ':path_provider_android:generateReleaseRFile' because:
[        ]   Build cache is disabled
[        ] Skipping task ':path_provider_android:generateReleaseRFile' as it is up-to-date.
[        ] work action resolve package-aware-r.txt (project :path_provider_android) (Thread[Execution worker Thread 9,5,main]) started.
[        ] Resolve mutations for :path_provider_android:extractReleaseAnnotations (Thread[Execution worker Thread 9,5,main]) started.
[        ] :path_provider_android:extractReleaseAnnotations (Thread[Execution worker Thread 9,5,main]) started.
[        ] > Task :path_provider_android:extractReleaseAnnotations UP-TO-DATE
[        ] Transforming flutter_embedding_release-1.0.0-edd8546116457bdf1c5bdfb13ecb9463d2bb5ed4.jar (io.flutter:flutter_embedding_release:1.0.0-edd8546116457bdf1c5bdfb13ecb9463d2bb5ed4) with JetifyTransform
[        ] Transforming flutter_embedding_release-1.0.0-edd8546116457bdf1c5bdfb13ecb9463d2bb5ed4.jar (io.flutter:flutter_embedding_release:1.0.0-edd8546116457bdf1c5bdfb13ecb9463d2bb5ed4) with IdentityTransform
[        ] Transforming lifecycle-common-java8-2.2.0.jar (androidx.lifecycle:lifecycle-common-java8:2.2.0) with JetifyTransform
[        ] Transforming lifecycle-common-java8-2.2.0.jar (androidx.lifecycle:lifecycle-common-java8:2.2.0) with IdentityTransform
[        ] Transforming fragment-1.1.0.aar (androidx.fragment:fragment:1.1.0) with JetifyTransform
[        ] Transforming fragment-1.1.0.aar (androidx.fragment:fragment:1.1.0) with AarToClassTransform
[        ] Transforming viewpager-1.0.0.aar (androidx.viewpager:viewpager:1.0.0) with JetifyTransform
[        ] Transforming viewpager-1.0.0.aar (androidx.viewpager:viewpager:1.0.0) with AarToClassTransform
[        ] Transforming loader-1.0.0.aar (androidx.loader:loader:1.0.0) with JetifyTransform
[        ] Transforming loader-1.0.0.aar (androidx.loader:loader:1.0.0) with AarToClassTransform
[        ] Transforming activity-1.0.0.aar (androidx.activity:activity:1.0.0) with JetifyTransform
[        ] Transforming activity-1.0.0.aar (androidx.activity:activity:1.0.0) with AarToClassTransform
[        ] Transforming customview-1.0.0.aar (androidx.customview:customview:1.0.0) with JetifyTransform
[        ] Transforming customview-1.0.0.aar (androidx.customview:customview:1.0.0) with AarToClassTransform
[        ] Transforming core-1.6.0.aar (androidx.core:core:1.6.0) with JetifyTransform
[        ] Transforming core-1.6.0.aar (androidx.core:core:1.6.0) with AarToClassTransform
[        ] Transforming core-1.6.0.aar (androidx.core:core:1.6.0) with JetifyTransform
[        ] Transforming core-1.6.0.aar (androidx.core:core:1.6.0) with AarToClassTransform
[        ] Transforming lifecycle-runtime-2.2.0.aar (androidx.lifecycle:lifecycle-runtime:2.2.0) with JetifyTransform
[        ] Transforming lifecycle-runtime-2.2.0.aar (androidx.lifecycle:lifecycle-runtime:2.2.0) with AarToClassTransform
[        ] Transforming lifecycle-runtime-2.2.0.aar (androidx.lifecycle:lifecycle-runtime:2.2.0) with JetifyTransform
[        ] Transforming lifecycle-runtime-2.2.0.aar (androidx.lifecycle:lifecycle-runtime:2.2.0) with AarToClassTransform
[        ] Transforming savedstate-1.0.0.aar (androidx.savedstate:savedstate:1.0.0) with JetifyTransform
[        ] Transforming savedstate-1.0.0.aar (androidx.savedstate:savedstate:1.0.0) with AarToClassTransform
[        ] Transforming lifecycle-livedata-2.0.0.aar (androidx.lifecycle:lifecycle-livedata:2.0.0) with JetifyTransform
[        ] Transforming lifecycle-livedata-2.0.0.aar (androidx.lifecycle:lifecycle-livedata:2.0.0) with AarToClassTransform
[        ] Transforming lifecycle-livedata-core-2.0.0.aar (androidx.lifecycle:lifecycle-livedata-core:2.0.0) with JetifyTransform
[        ] Transforming lifecycle-livedata-core-2.0.0.aar (androidx.lifecycle:lifecycle-livedata-core:2.0.0) with AarToClassTransform
[        ] Transforming lifecycle-common-2.2.0.jar (androidx.lifecycle:lifecycle-common:2.2.0) with JetifyTransform
[        ] Transforming lifecycle-common-2.2.0.jar (androidx.lifecycle:lifecycle-common:2.2.0) with IdentityTransform
[        ] Transforming core-runtime-2.0.0.aar (androidx.arch.core:core-runtime:2.0.0) with JetifyTransform
[        ] Transforming core-runtime-2.0.0.aar (androidx.arch.core:core-runtime:2.0.0) with AarToClassTransform
[        ] Transforming core-common-2.1.0.jar (androidx.arch.core:core-common:2.1.0) with JetifyTransform
[        ] Transforming core-common-2.1.0.jar (androidx.arch.core:core-common:2.1.0) with IdentityTransform
[        ] Transforming versionedparcelable-1.1.1.aar (androidx.versionedparcelable:versionedparcelable:1.1.1) with JetifyTransform
[        ] Transforming versionedparcelable-1.1.1.aar (androidx.versionedparcelable:versionedparcelable:1.1.1) with AarToClassTransform
[        ] Transforming collection-1.1.0.jar (androidx.collection:collection:1.1.0) with JetifyTransform
[        ] Transforming collection-1.1.0.jar (androidx.collection:collection:1.1.0) with IdentityTransform
[        ] Transforming lifecycle-viewmodel-2.1.0.aar (androidx.lifecycle:lifecycle-viewmodel:2.1.0) with JetifyTransform
[        ] Transforming lifecycle-viewmodel-2.1.0.aar (androidx.lifecycle:lifecycle-viewmodel:2.1.0) with AarToClassTransform
[        ] Transforming window-java-1.0.0-beta04.aar (androidx.window:window-java:1.0.0-beta04) with JetifyTransform
[        ] Transforming window-java-1.0.0-beta04.aar (androidx.window:window-java:1.0.0-beta04) with AarToClassTransform
[        ] Transforming window-1.0.0-beta04.aar (androidx.window:window:1.0.0-beta04) with JetifyTransform
[        ] Transforming window-1.0.0-beta04.aar (androidx.window:window:1.0.0-beta04) with AarToClassTransform
[        ] Transforming kotlin-stdlib-1.7.10.jar (org.jetbrains.kotlin:kotlin-stdlib:1.7.10) with JetifyTransform
[        ] Transforming kotlin-stdlib-1.7.10.jar (org.jetbrains.kotlin:kotlin-stdlib:1.7.10) with IdentityTransform
[        ] Transforming kotlin-stdlib-common-1.7.10.jar (org.jetbrains.kotlin:kotlin-stdlib-common:1.7.10) with JetifyTransform
[        ] Transforming kotlin-stdlib-common-1.7.10.jar (org.jetbrains.kotlin:kotlin-stdlib-common:1.7.10) with IdentityTransform
[        ] Transforming annotations-13.0.jar (org.jetbrains:annotations:13.0) with JetifyTransform
[        ] Transforming annotations-13.0.jar (org.jetbrains:annotations:13.0) with IdentityTransform
[        ] Transforming annotation-experimental-1.1.0.aar (androidx.annotation:annotation-experimental:1.1.0) with JetifyTransform
[        ] Transforming annotation-jvm-1.8.2.jar (androidx.annotation:annotation-jvm:1.8.2) with JetifyTransform
[        ] Transforming annotation-jvm-1.8.2.jar (androidx.annotation:annotation-jvm:1.8.2) with IdentityTransform
[        ] Transforming annotation-experimental-1.1.0.aar (androidx.annotation:annotation-experimental:1.1.0) with AarToClassTransform
[        ] Transforming tracing-1.0.0.aar (androidx.tracing:tracing:1.0.0) with JetifyTransform
[        ] Transforming tracing-1.0.0.aar (androidx.tracing:tracing:1.0.0) with AarToClassTransform
[        ] Transforming kotlinx-coroutines-core-jvm-1.5.2.jar (org.jetbrains.kotlinx:kotlinx-coroutines-core-jvm:1.5.2) with JetifyTransform
[        ] Transforming kotlinx-coroutines-core-jvm-1.5.2.jar (org.jetbrains.kotlinx:kotlinx-coroutines-core-jvm:1.5.2) with IdentityTransform
[        ] Transforming kotlin-stdlib-jdk7-1.5.30.jar (org.jetbrains.kotlin:kotlin-stdlib-jdk7:1.5.30) with JetifyTransform
[        ] Transforming kotlin-stdlib-jdk7-1.5.30.jar (org.jetbrains.kotlin:kotlin-stdlib-jdk7:1.5.30) with IdentityTransform
[        ] Transforming kotlinx-coroutines-android-1.5.2.jar (org.jetbrains.kotlinx:kotlinx-coroutines-android:1.5.2) with JetifyTransform
[        ] Transforming kotlinx-coroutines-android-1.5.2.jar (org.jetbrains.kotlinx:kotlinx-coroutines-android:1.5.2) with IdentityTransform
[        ] Transforming kotlin-stdlib-jdk8-1.5.30.jar (org.jetbrains.kotlin:kotlin-stdlib-jdk8:1.5.30) with JetifyTransform
[        ] Transforming kotlin-stdlib-jdk8-1.5.30.jar (org.jetbrains.kotlin:kotlin-stdlib-jdk8:1.5.30) with IdentityTransform
[        ] Caching disabled for task ':path_provider_android:extractReleaseAnnotations' because:
[        ]   Build cache is disabled
[        ] Skipping task ':path_provider_android:extractReleaseAnnotations' as it is up-to-date.
[        ] Resolve mutations for :path_provider_android:javaPreCompileRelease (Thread[Execution worker Thread 9,5,main]) started.
[        ] :path_provider_android:javaPreCompileRelease (Thread[Execution worker Thread 9,5,main]) started.
[        ] > Task :path_provider_android:javaPreCompileRelease UP-TO-DATE
[        ] Caching disabled for task ':path_provider_android:javaPreCompileRelease' because:
[        ]   Build cache is disabled
[        ] Skipping task ':path_provider_android:javaPreCompileRelease' as it is up-to-date.
[        ] Resolve mutations for :path_provider_android:compileReleaseJavaWithJavac (Thread[Execution worker Thread 9,5,main]) started.
[        ] :path_provider_android:compileReleaseJavaWithJavac (Thread[Execution worker Thread 9,5,main]) started.
[        ] > Task :path_provider_android:compileReleaseJavaWithJavac UP-TO-DATE
[        ] Caching disabled for task ':path_provider_android:compileReleaseJavaWithJavac' because:
[        ]   Build cache is disabled
[        ] Skipping task ':path_provider_android:compileReleaseJavaWithJavac' as it is up-to-date.
[        ] Resolve mutations for :path_provider_android:mergeReleaseGeneratedProguardFiles (Thread[Execution worker Thread 9,5,main]) started.
[        ] :path_provider_android:mergeReleaseGeneratedProguardFiles (Thread[Execution worker Thread 9,5,main]) started.
[        ] > Task :path_provider_android:mergeReleaseGeneratedProguardFiles UP-TO-DATE
[        ] Caching disabled for task ':path_provider_android:mergeReleaseGeneratedProguardFiles' because:
[        ]   Build cache is disabled
[        ] Skipping task ':path_provider_android:mergeReleaseGeneratedProguardFiles' as it is up-to-date.
[        ] Resolve mutations for :path_provider_android:mergeReleaseConsumerProguardFiles (Thread[Execution worker Thread 9,5,main]) started.
[        ] :path_provider_android:mergeReleaseConsumerProguardFiles (Thread[Execution worker Thread 9,5,main]) started.
[        ] > Task :path_provider_android:mergeReleaseConsumerProguardFiles UP-TO-DATE
[        ] Caching disabled for task ':path_provider_android:mergeReleaseConsumerProguardFiles' because:
[        ]   Build cache is disabled
[        ] Skipping task ':path_provider_android:mergeReleaseConsumerProguardFiles' as it is up-to-date.
[        ] Resolve mutations for :path_provider_android:mergeReleaseShaders (Thread[Execution worker Thread 9,5,main]) started.
[        ] :path_provider_android:mergeReleaseShaders (Thread[Execution worker Thread 9,5,main]) started.
[        ] > Task :path_provider_android:mergeReleaseShaders UP-TO-DATE
[        ] Caching disabled for task ':path_provider_android:mergeReleaseShaders' because:
[        ]   Build cache is disabled
[        ] Skipping task ':path_provider_android:mergeReleaseShaders' as it is up-to-date.
[        ] Resolve mutations for :path_provider_android:compileReleaseShaders (Thread[Execution worker Thread 9,5,main]) started.
[        ] :path_provider_android:compileReleaseShaders (Thread[Execution worker Thread 9,5,main]) started.
[        ] > Task :path_provider_android:compileReleaseShaders NO-SOURCE
[        ] Skipping task ':path_provider_android:compileReleaseShaders' as it has no source files and no previous output files.
[        ] Resolve mutations for :path_provider_android:generateReleaseAssets (Thread[Execution worker Thread 9,5,main]) started.
[        ] :path_provider_android:generateReleaseAssets (Thread[Execution worker Thread 9,5,main]) started.
[        ] > Task :path_provider_android:generateReleaseAssets UP-TO-DATE
[        ] Skipping task ':path_provider_android:generateReleaseAssets' as it has no actions.
[        ] Resolve mutations for :path_provider_android:packageReleaseAssets (Thread[Execution worker Thread 9,5,main]) started.
[        ] :path_provider_android:packageReleaseAssets (Thread[Execution worker Thread 9,5,main]) started.
[        ] > Task :path_provider_android:packageReleaseAssets UP-TO-DATE
[        ] Caching disabled for task ':path_provider_android:packageReleaseAssets' because:
[        ]   Build cache is disabled
[        ] Skipping task ':path_provider_android:packageReleaseAssets' as it is up-to-date.
[        ] work action resolve out (project :path_provider_android) (Thread[Execution worker Thread 9,5,main]) started.
[        ] Resolve mutations for :path_provider_android:packageReleaseRenderscript (Thread[Execution worker Thread 9,5,main]) started.
[        ] :path_provider_android:packageReleaseRenderscript (Thread[Execution worker Thread 9,5,main]) started.
[        ] > Task :path_provider_android:packageReleaseRenderscript NO-SOURCE
[        ] Skipping task ':path_provider_android:packageReleaseRenderscript' as it has no source files and no previous output files.
[        ] work action resolve out (project :path_provider_android) (Thread[Execution worker Thread 9,5,main]) started.
[        ] Resolve mutations for :path_provider_android:prepareLintJarForPublish (Thread[Execution worker Thread 9,5,main]) started.
[        ] :path_provider_android:prepareLintJarForPublish (Thread[Execution worker Thread 9,5,main]) started.
[        ] > Task :path_provider_android:prepareLintJarForPublish UP-TO-DATE
[        ] Caching disabled for task ':path_provider_android:prepareLintJarForPublish' because:
[        ]   Build cache is disabled
[        ] Skipping task ':path_provider_android:prepareLintJarForPublish' as it is up-to-date.
[        ] work action resolve lint.jar (project :path_provider_android) (Thread[Execution worker Thread 9,5,main]) started.
[        ] work action resolve lint.jar (project :path_provider_android) (Thread[Execution worker Thread 9,5,main]) started.
[        ] Resolve mutations for :path_provider_android:prepareReleaseArtProfile (Thread[Execution worker Thread 9,5,main]) started.
[        ] :path_provider_android:prepareReleaseArtProfile (Thread[Execution worker Thread 9,5,main]) started.
[        ] > Task :path_provider_android:prepareReleaseArtProfile UP-TO-DATE
[        ] Caching disabled for task ':path_provider_android:prepareReleaseArtProfile' because:
[        ]   Build cache is disabled
[        ] Skipping task ':path_provider_android:prepareReleaseArtProfile' as it is up-to-date.
[        ] work action resolve baseline-prof.txt (project :path_provider_android) (Thread[Execution worker Thread 9,5,main]) started.
[        ] Resolve mutations for :path_provider_android:processReleaseJavaRes (Thread[Execution worker Thread 9,5,main]) started.
[        ] :path_provider_android:processReleaseJavaRes (Thread[Execution worker Thread 9,5,main]) started.
[        ] > Task :path_provider_android:processReleaseJavaRes NO-SOURCE
[        ] Skipping task ':path_provider_android:processReleaseJavaRes' as it has no source files and no previous output files.
[        ] Resolve mutations for :path_provider_android:mergeReleaseJavaResource (Thread[Execution worker Thread 9,5,main]) started.
[        ] :path_provider_android:mergeReleaseJavaResource (Thread[Execution worker Thread 9,5,main]) started.
[        ] > Task :path_provider_android:mergeReleaseJavaResource UP-TO-DATE
[        ] Caching disabled for task ':path_provider_android:mergeReleaseJavaResource' because:
[        ]   Build cache is disabled
[        ] Skipping task ':path_provider_android:mergeReleaseJavaResource' as it is up-to-date.
[        ] Resolve mutations for :path_provider_android:syncReleaseLibJars (Thread[Execution worker Thread 10,5,main]) started.
[        ] :path_provider_android:syncReleaseLibJars (Thread[Execution worker Thread 10,5,main]) started.
[        ] > Task :path_provider_android:syncReleaseLibJars UP-TO-DATE
[        ] Caching disabled for task ':path_provider_android:syncReleaseLibJars' because:
[        ]   Build cache is disabled
[        ] Skipping task ':path_provider_android:syncReleaseLibJars' as it is up-to-date.
[        ] Resolve mutations for :path_provider_android:writeReleaseAarMetadata (Thread[Execution worker Thread 10,5,main]) started.
[        ] :path_provider_android:writeReleaseAarMetadata (Thread[Execution worker Thread 10,5,main]) started.
[        ] > Task :path_provider_android:writeReleaseAarMetadata UP-TO-DATE
[        ] Caching disabled for task ':path_provider_android:writeReleaseAarMetadata' because:
[        ]   Build cache is disabled
[        ] Skipping task ':path_provider_android:writeReleaseAarMetadata' as it is up-to-date.
[        ] work action resolve aar-metadata.properties (project :path_provider_android) (Thread[Execution worker Thread 10,5,main]) started.
[        ] Resolve mutations for :path_provider_android:bundleReleaseLocalLintAar (Thread[Execution worker Thread 10,5,main]) started.
[        ] :path_provider_android:bundleReleaseLocalLintAar (Thread[Execution worker Thread 10,5,main]) started.
[        ] > Task :path_provider_android:bundleReleaseLocalLintAar UP-TO-DATE
[        ] Caching disabled for task ':path_provider_android:bundleReleaseLocalLintAar' because:
[        ]   Build cache is disabled
[        ] Skipping task ':path_provider_android:bundleReleaseLocalLintAar' as it is up-to-date.
[        ] work action resolve out.aar (project :path_provider_android) (Thread[Execution worker Thread 10,5,main]) started.
[        ] work action resolve out.aar (project :path_provider_android) (Thread[Execution worker Thread 10,5,main]) started.
[        ] ExtractAarTransform (Thread[Execution worker Thread 8,5,main]) started.
[        ] ExtractAarTransform (Thread[Execution worker Thread 10,5,main]) started.
[        ] Resolve mutations for :app:buildKotlinToolingMetadata (Thread[included builds,5,main]) started.
[        ] :app:buildKotlinToolingMetadata (Thread[included builds,5,main]) started.
[        ] > Task :app:buildKotlinToolingMetadata UP-TO-DATE
[        ] Caching disabled for task ':app:buildKotlinToolingMetadata' because:
[        ]   Build cache is disabled
[        ] Skipping task ':app:buildKotlinToolingMetadata' as it is up-to-date.
[        ] Resolve mutations for :app:compileFlutterBuildRelease (Thread[included builds,5,main]) started.
[        ] > Transform out.aar (project :path_provider_android) with ExtractAarTransform
[        ] Transforming out.aar (project :path_provider_android) with ExtractAarTransform
[        ] Caching disabled for ExtractAarTransform: C:\Users\User\Desktop\Codes Folder\fluttertest1\alhora_app\alhora_project\build\path_provider_android\intermediates\local_aar_for_lint\release\out.aar because:
[        ]   Build cache is disabled
[        ] Skipping ExtractAarTransform: C:\Users\User\Desktop\Codes Folder\fluttertest1\alhora_app\alhora_project\build\path_provider_android\intermediates\local_aar_for_lint\release\out.aar as it is up-to-date.
[        ] > Transform out.aar (project :path_provider_android) with ExtractAarTransform
[        ] Transforming out.aar (project :path_provider_android) with ExtractAarTransform
[  +76 ms] :app:compileFlutterBuildRelease (Thread[included builds,5,main]) started.
[ +101 ms] > Task :app:compileFlutterBuildRelease UP-TO-DATE
[        ] Caching disabled for task ':app:compileFlutterBuildRelease' because:
[        ]   Build cache is disabled
[        ] Skipping task ':app:compileFlutterBuildRelease' as it is up-to-date.
[        ] Resolve mutations for :app:packJniLibsflutterBuildRelease (Thread[included builds,5,main]) started.
[        ] :app:packJniLibsflutterBuildRelease (Thread[included builds,5,main]) started.
[        ] > Task :app:packJniLibsflutterBuildRelease UP-TO-DATE
[        ] Caching disabled for task ':app:packJniLibsflutterBuildRelease' because:
[        ]   Build cache is disabled
[        ] Skipping task ':app:packJniLibsflutterBuildRelease' as it is up-to-date.
[        ] Resolve mutations for :app:preBuild (Thread[included builds,5,main]) started.
[        ] :app:preBuild (Thread[included builds,5,main]) started.
[        ] > Task :app:preBuild UP-TO-DATE
[        ] Skipping task ':app:preBuild' as it has no actions.
[        ] Resolve mutations for :app:preReleaseBuild (Thread[included builds,5,main]) started.
[        ] :app:preReleaseBuild (Thread[Execution worker Thread 6,5,main]) started.
[        ] > Task :app:preReleaseBuild UP-TO-DATE
[        ] Skipping task ':app:preReleaseBuild' as it has no actions.
[        ] Resolve mutations for :app:compileReleaseAidl (Thread[Execution worker Thread 6,5,main]) started.
[        ] :app:compileReleaseAidl (Thread[Execution worker Thread 6,5,main]) started.
[        ] > Task :app:compileReleaseAidl NO-SOURCE
[        ] Skipping task ':app:compileReleaseAidl' as it has no source files and no previous output files.
[        ] Resolve mutations for :app:compileReleaseRenderscript (Thread[Execution worker Thread 6,5,main]) started.
[        ] :app:compileReleaseRenderscript (Thread[Execution worker Thread 6,5,main]) started.
[        ] > Task :app:compileReleaseRenderscript NO-SOURCE
[        ] Skipping task ':app:compileReleaseRenderscript' as it has no source files and no previous output files.
[        ] Resolve mutations for :app:generateReleaseBuildConfig (Thread[Execution worker Thread 6,5,main]) started.
[        ] :app:generateReleaseBuildConfig (Thread[Execution worker Thread 6,5,main]) started.
[        ] > Task :app:generateReleaseBuildConfig UP-TO-DATE
[        ] Caching disabled for task ':app:generateReleaseBuildConfig' because:
[        ]   Build cache is disabled
[        ] Skipping task ':app:generateReleaseBuildConfig' as it is up-to-date.
[        ] Resolve mutations for :app:checkReleaseAarMetadata (Thread[Execution worker Thread 6,5,main]) started.
[        ] :app:checkReleaseAarMetadata (Thread[Execution worker Thread 6,5,main]) started.
[        ] > Task :app:checkReleaseAarMetadata UP-TO-DATE
[        ] Transforming firebase-auth-23.0.0.aar (com.google.firebase:firebase-auth:23.0.0) with JetifyTransform
[        ] Transforming firebase-auth-23.0.0.aar (com.google.firebase:firebase-auth:23.0.0) with ExtractAarTransform
[        ] Transforming firebase-auth-23.0.0.aar (com.google.firebase:firebase-auth:23.0.0) with AarTransform
[        ] Transforming firebase-common-ktx-21.0.0.aar (com.google.firebase:firebase-common-ktx:21.0.0) with JetifyTransform
[        ] Transforming firebase-common-ktx-21.0.0.aar (com.google.firebase:firebase-common-ktx:21.0.0) with ExtractAarTransform
[        ] Transforming firebase-common-ktx-21.0.0.aar (com.google.firebase:firebase-common-ktx:21.0.0) with AarTransform
[        ] Transforming credentials-1.2.0-rc01.aar (androidx.credentials:credentials:1.2.0-rc01) with JetifyTransform
[        ] Transforming credentials-1.2.0-rc01.aar (androidx.credentials:credentials:1.2.0-rc01) with ExtractAarTransform
[        ] Transforming credentials-1.2.0-rc01.aar (androidx.credentials:credentials:1.2.0-rc01) with AarTransform
[        ] Transforming credentials-1.2.0-rc01.aar (androidx.credentials:credentials:1.2.0-rc01) with JetifyTransform
[        ] Transforming credentials-1.2.0-rc01.aar (androidx.credentials:credentials:1.2.0-rc01) with ExtractAarTransform
[        ] Transforming credentials-1.2.0-rc01.aar (androidx.credentials:credentials:1.2.0-rc01) with AarTransform
[        ] Transforming credentials-play-services-auth-1.2.0-rc01.aar (androidx.credentials:credentials-play-services-auth:1.2.0-rc01) with JetifyTransform
[        ] Transforming credentials-play-services-auth-1.2.0-rc01.aar (androidx.credentials:credentials-play-services-auth:1.2.0-rc01) with ExtractAarTransform
[        ] Transforming credentials-play-services-auth-1.2.0-rc01.aar (androidx.credentials:credentials-play-services-auth:1.2.0-rc01) with AarTransform
[        ] Transforming firebase-auth-interop-20.0.0.aar (com.google.firebase:firebase-auth-interop:20.0.0) with JetifyTransform
[        ] Transforming firebase-auth-interop-20.0.0.aar (com.google.firebase:firebase-auth-interop:20.0.0) with ExtractAarTransform
[        ] Transforming firebase-auth-interop-20.0.0.aar (com.google.firebase:firebase-auth-interop:20.0.0) with AarTransform
[        ] Transforming firebase-common-21.0.0.aar (com.google.firebase:firebase-common:21.0.0) with JetifyTransform
[        ] Transforming firebase-common-21.0.0.aar (com.google.firebase:firebase-common:21.0.0) with ExtractAarTransform
[        ] Transforming firebase-common-21.0.0.aar (com.google.firebase:firebase-common:21.0.0) with AarTransform
[        ] Transforming firebase-common-21.0.0.aar (com.google.firebase:firebase-common:21.0.0) with JetifyTransform
[        ] Transforming firebase-common-21.0.0.aar (com.google.firebase:firebase-common:21.0.0) with ExtractAarTransform
[        ] Transforming firebase-common-21.0.0.aar (com.google.firebase:firebase-common:21.0.0) with AarTransform
[        ] Transforming recaptcha-18.4.0.aar (com.google.android.recaptcha:recaptcha:18.4.0) with JetifyTransform
[        ] Transforming recaptcha-18.4.0.aar (com.google.android.recaptcha:recaptcha:18.4.0) with ExtractAarTransform
[        ] Transforming recaptcha-18.4.0.aar (com.google.android.recaptcha:recaptcha:18.4.0) with AarTransform
[        ] Transforming window-java-1.0.0-beta04.aar (androidx.window:window-java:1.0.0-beta04) with JetifyTransform
[        ] Transforming window-java-1.0.0-beta04.aar (androidx.window:window-java:1.0.0-beta04) with ExtractAarTransform
[        ] Transforming window-java-1.0.0-beta04.aar (androidx.window:window-java:1.0.0-beta04) with AarTransform
[        ] Transforming window-1.0.0-beta04.aar (androidx.window:window:1.0.0-beta04) with JetifyTransform
[        ] Transforming window-1.0.0-beta04.aar (androidx.window:window:1.0.0-beta04) with ExtractAarTransform
[        ] Transforming window-1.0.0-beta04.aar (androidx.window:window:1.0.0-beta04) with AarTransform
[        ] Transforming googleid-1.1.0.aar (com.google.android.libraries.identity.googleid:googleid:1.1.0) with JetifyTransform
[        ] Transforming play-services-auth-api-phone-18.0.2.aar (com.google.android.gms:play-services-auth-api-phone:18.0.2) with JetifyTransform
[        ] Transforming googleid-1.1.0.aar (com.google.android.libraries.identity.googleid:googleid:1.1.0) with ExtractAarTransform
[        ] Transforming googleid-1.1.0.aar (com.google.android.libraries.identity.googleid:googleid:1.1.0) with AarTransform
[        ] Transforming play-services-auth-api-phone-18.0.2.aar (com.google.android.gms:play-services-auth-api-phone:18.0.2) with ExtractAarTransform
[        ] Transforming play-services-auth-api-phone-18.0.2.aar (com.google.android.gms:play-services-auth-api-phone:18.0.2) with AarTransform
[        ] Transforming integrity-1.2.0.aar (com.google.android.play:integrity:1.2.0) with JetifyTransform
[        ] Transforming play-services-auth-20.7.0.aar (com.google.android.gms:play-services-auth:20.7.0) with JetifyTransform
[        ] Transforming integrity-1.2.0.aar (com.google.android.play:integrity:1.2.0) with ExtractAarTransform
[        ] Transforming play-services-auth-20.7.0.aar (com.google.android.gms:play-services-auth:20.7.0) with ExtractAarTransform
[        ] Transforming play-services-auth-20.7.0.aar (com.google.android.gms:play-services-auth:20.7.0) with AarTransform
[        ] Transforming integrity-1.2.0.aar (com.google.android.play:integrity:1.2.0) with AarTransform
[        ] Transforming firebase-appcheck-interop-17.0.0.aar (com.google.firebase:firebase-appcheck-interop:17.0.0) with JetifyTransform
[        ] Transforming firebase-appcheck-interop-17.0.0.aar (com.google.firebase:firebase-appcheck-interop:17.0.0) with ExtractAarTransform
[        ] Transforming firebase-appcheck-interop-17.0.0.aar (com.google.firebase:firebase-appcheck-interop:17.0.0) with AarTransform
[        ] Transforming play-services-base-18.0.1.aar (com.google.android.gms:play-services-base:18.0.1) with JetifyTransform
[        ] Transforming play-services-base-18.0.1.aar (com.google.android.gms:play-services-base:18.0.1) with ExtractAarTransform
[        ] Transforming play-services-base-18.0.1.aar (com.google.android.gms:play-services-base:18.0.1) with AarTransform
[        ] Transforming play-services-tasks-18.1.0.aar (com.google.android.gms:play-services-tasks:18.1.0) with JetifyTransform
[        ] Transforming play-services-tasks-18.1.0.aar (com.google.android.gms:play-services-tasks:18.1.0) with ExtractAarTransform
[        ] Transforming play-services-tasks-18.1.0.aar (com.google.android.gms:play-services-tasks:18.1.0) with AarTransform
[        ] Transforming play-services-tasks-18.1.0.aar (com.google.android.gms:play-services-tasks:18.1.0) with JetifyTransform
[        ] Transforming play-services-tasks-18.1.0.aar (com.google.android.gms:play-services-tasks:18.1.0) with ExtractAarTransform
[        ] Transforming play-services-tasks-18.1.0.aar (com.google.android.gms:play-services-tasks:18.1.0) with AarTransform
[        ] Transforming play-services-basement-18.3.0.aar (com.google.android.gms:play-services-basement:18.3.0) with JetifyTransform
[        ] Transforming play-services-fido-20.1.0.aar (com.google.android.gms:play-services-fido:20.1.0) with JetifyTransform
[        ] Transforming play-services-fido-20.1.0.aar (com.google.android.gms:play-services-fido:20.1.0) with JetifyTransform
[        ] Transforming play-services-fido-20.1.0.aar (com.google.android.gms:play-services-fido:20.1.0) with ExtractAarTransform
[        ] Transforming play-services-fido-20.1.0.aar (com.google.android.gms:play-services-fido:20.1.0) with ExtractAarTransform
[        ] Transforming play-services-basement-18.3.0.aar (com.google.android.gms:play-services-basement:18.3.0) with ExtractAarTransform
[        ] Transforming play-services-fido-20.1.0.aar (com.google.android.gms:play-services-fido:20.1.0) with AarTransform
[        ] Transforming play-services-fido-20.1.0.aar (com.google.android.gms:play-services-fido:20.1.0) with AarTransform
[        ] Transforming play-services-auth-base-18.0.4.aar (com.google.android.gms:play-services-auth-base:18.0.4) with JetifyTransform
[        ] Transforming play-services-basement-18.3.0.aar (com.google.android.gms:play-services-basement:18.3.0) with AarTransform
[        ] Transforming play-services-auth-base-18.0.4.aar (com.google.android.gms:play-services-auth-base:18.0.4) with ExtractAarTransform
[        ] Transforming fragment-1.1.0.aar (androidx.fragment:fragment:1.1.0) with JetifyTransform
[        ] Transforming play-services-auth-base-18.0.4.aar (com.google.android.gms:play-services-auth-base:18.0.4) with AarTransform
[        ] Transforming fragment-1.1.0.aar (androidx.fragment:fragment:1.1.0) with ExtractAarTransform
[        ] Transforming fragment-1.1.0.aar (androidx.fragment:fragment:1.1.0) with AarTransform
[        ] Transforming fragment-1.1.0.aar (androidx.fragment:fragment:1.1.0) with JetifyTransform
[        ] Transforming fragment-1.1.0.aar (androidx.fragment:fragment:1.1.0) with ExtractAarTransform
[        ] Transforming fragment-1.1.0.aar (androidx.fragment:fragment:1.1.0) with AarTransform
[        ] Transforming browser-1.4.0.aar (androidx.browser:browser:1.4.0) with JetifyTransform
[        ] Transforming browser-1.4.0.aar (androidx.browser:browser:1.4.0) with ExtractAarTransform
[        ] Transforming browser-1.4.0.aar (androidx.browser:browser:1.4.0) with AarTransform
[        ] Transforming viewpager-1.0.0.aar (androidx.viewpager:viewpager:1.0.0) with JetifyTransform
[        ] Transforming viewpager-1.0.0.aar (androidx.viewpager:viewpager:1.0.0) with ExtractAarTransform
[        ] Transforming viewpager-1.0.0.aar (androidx.viewpager:viewpager:1.0.0) with AarTransform
[        ] Transforming loader-1.0.0.aar (androidx.loader:loader:1.0.0) with JetifyTransform
[        ] Transforming loader-1.0.0.aar (androidx.loader:loader:1.0.0) with ExtractAarTransform
[        ] Transforming loader-1.0.0.aar (androidx.loader:loader:1.0.0) with AarTransform
[        ] Transforming activity-1.0.0.aar (androidx.activity:activity:1.0.0) with JetifyTransform
[        ] Transforming activity-1.0.0.aar (androidx.activity:activity:1.0.0) with ExtractAarTransform
[        ] Transforming activity-1.0.0.aar (androidx.activity:activity:1.0.0) with AarTransform
[        ] Transforming customview-1.0.0.aar (androidx.customview:customview:1.0.0) with JetifyTransform
[        ] Transforming customview-1.0.0.aar (androidx.customview:customview:1.0.0) with ExtractAarTransform
[        ] Transforming customview-1.0.0.aar (androidx.customview:customview:1.0.0) with AarTransform
[        ] Transforming core-1.6.0.aar (androidx.core:core:1.6.0) with JetifyTransform
[        ] Transforming core-1.6.0.aar (androidx.core:core:1.6.0) with ExtractAarTransform
[        ] Transforming core-1.6.0.aar (androidx.core:core:1.6.0) with AarTransform
[        ] Transforming core-1.6.0.aar (androidx.core:core:1.6.0) with JetifyTransform
[        ] Transforming core-1.6.0.aar (androidx.core:core:1.6.0) with ExtractAarTransform
[        ] Transforming core-1.6.0.aar (androidx.core:core:1.6.0) with AarTransform
[        ] Transforming lifecycle-runtime-2.2.0.aar (androidx.lifecycle:lifecycle-runtime:2.2.0) with JetifyTransform
[        ] Transforming lifecycle-runtime-2.2.0.aar (androidx.lifecycle:lifecycle-runtime:2.2.0) with ExtractAarTransform
[        ] Transforming lifecycle-runtime-2.2.0.aar (androidx.lifecycle:lifecycle-runtime:2.2.0) with AarTransform
[        ] Transforming lifecycle-runtime-2.2.0.aar (androidx.lifecycle:lifecycle-runtime:2.2.0) with JetifyTransform
[        ] Transforming lifecycle-runtime-2.2.0.aar (androidx.lifecycle:lifecycle-runtime:2.2.0) with ExtractAarTransform
[        ] Transforming lifecycle-runtime-2.2.0.aar (androidx.lifecycle:lifecycle-runtime:2.2.0) with AarTransform
[        ] Transforming savedstate-1.0.0.aar (androidx.savedstate:savedstate:1.0.0) with JetifyTransform
[        ] Transforming savedstate-1.0.0.aar (androidx.savedstate:savedstate:1.0.0) with ExtractAarTransform
[        ] Transforming savedstate-1.0.0.aar (androidx.savedstate:savedstate:1.0.0) with AarTransform
[        ] Transforming lifecycle-livedata-2.0.0.aar (androidx.lifecycle:lifecycle-livedata:2.0.0) with JetifyTransform
[        ] Transforming lifecycle-livedata-2.0.0.aar (androidx.lifecycle:lifecycle-livedata:2.0.0) with ExtractAarTransform
[        ] Transforming lifecycle-livedata-2.0.0.aar (androidx.lifecycle:lifecycle-livedata:2.0.0) with AarTransform
[        ] Transforming lifecycle-livedata-core-2.0.0.aar (androidx.lifecycle:lifecycle-livedata-core:2.0.0) with JetifyTransform
[        ] Transforming lifecycle-livedata-core-2.0.0.aar (androidx.lifecycle:lifecycle-livedata-core:2.0.0) with ExtractAarTransform
[        ] Transforming lifecycle-livedata-core-2.0.0.aar (androidx.lifecycle:lifecycle-livedata-core:2.0.0) with AarTransform
[        ] Transforming tracing-1.0.0.aar (androidx.tracing:tracing:1.0.0) with JetifyTransform
[        ] Transforming tracing-1.0.0.aar (androidx.tracing:tracing:1.0.0) with ExtractAarTransform
[        ] Transforming tracing-1.0.0.aar (androidx.tracing:tracing:1.0.0) with AarTransform
[        ] Transforming localbroadcastmanager-1.0.0.aar (androidx.localbroadcastmanager:localbroadcastmanager:1.0.0) with JetifyTransform
[        ] Transforming localbroadcastmanager-1.0.0.aar (androidx.localbroadcastmanager:localbroadcastmanager:1.0.0) with ExtractAarTransform
[        ] Transforming localbroadcastmanager-1.0.0.aar (androidx.localbroadcastmanager:localbroadcastmanager:1.0.0) with AarTransform
[        ] Transforming firebase-components-18.0.0.aar (com.google.firebase:firebase-components:18.0.0) with JetifyTransform
[        ] Transforming firebase-components-18.0.0.aar (com.google.firebase:firebase-components:18.0.0) with ExtractAarTransform
[        ] Transforming firebase-components-18.0.0.aar (com.google.firebase:firebase-components:18.0.0) with AarTransform
[        ] Transforming core-runtime-2.0.0.aar (androidx.arch.core:core-runtime:2.0.0) with JetifyTransform
[        ] Transforming core-runtime-2.0.0.aar (androidx.arch.core:core-runtime:2.0.0) with ExtractAarTransform
[        ] Transforming core-runtime-2.0.0.aar (androidx.arch.core:core-runtime:2.0.0) with AarTransform
[        ] Transforming versionedparcelable-1.1.1.aar (androidx.versionedparcelable:versionedparcelable:1.1.1) with JetifyTransform
[        ] Transforming versionedparcelable-1.1.1.aar (androidx.versionedparcelable:versionedparcelable:1.1.1) with ExtractAarTransform
[        ] Transforming versionedparcelable-1.1.1.aar (androidx.versionedparcelable:versionedparcelable:1.1.1) with AarTransform
[        ] Transforming lifecycle-viewmodel-2.1.0.aar (androidx.lifecycle:lifecycle-viewmodel:2.1.0) with JetifyTransform
[        ] Transforming lifecycle-viewmodel-2.1.0.aar (androidx.lifecycle:lifecycle-viewmodel:2.1.0) with ExtractAarTransform
[        ] Transforming lifecycle-viewmodel-2.1.0.aar (androidx.lifecycle:lifecycle-viewmodel:2.1.0) with AarTransform
[        ] Transforming annotation-experimental-1.1.0.aar (androidx.annotation:annotation-experimental:1.1.0) with JetifyTransform
[        ] Transforming annotation-experimental-1.1.0.aar (androidx.annotation:annotation-experimental:1.1.0) with ExtractAarTransform
[        ] Transforming annotation-experimental-1.1.0.aar (androidx.annotation:annotation-experimental:1.1.0) with AarTransform
[        ] Transforming interpolator-1.0.0.aar (androidx.interpolator:interpolator:1.0.0) with JetifyTransform
[        ] Transforming interpolator-1.0.0.aar (androidx.interpolator:interpolator:1.0.0) with ExtractAarTransform
[        ] Transforming interpolator-1.0.0.aar (androidx.interpolator:interpolator:1.0.0) with AarTransform
[        ] Caching disabled for task ':app:checkReleaseAarMetadata' because:
[        ]   Build cache is disabled
[        ] Skipping task ':app:checkReleaseAarMetadata' as it is up-to-date.
[        ] Resolve mutations for :app:cleanMergeReleaseAssets (Thread[Execution worker Thread 6,5,main]) started.
[        ] :app:cleanMergeReleaseAssets (Thread[Execution worker Thread 6,5,main]) started.
[  +84 ms] > Task :app:cleanMergeReleaseAssets
[        ] Caching disabled for task ':app:cleanMergeReleaseAssets' because:
[        ]   Build cache is disabled
[        ] Task ':app:cleanMergeReleaseAssets' is not up-to-date because:
[        ]   Task has not declared any outputs despite executing actions.
[        ] Resolve mutations for :app:mergeReleaseShaders (Thread[Execution worker Thread 6,5,main]) started.
[        ] :app:mergeReleaseShaders (Thread[Execution worker Thread 6,5,main]) started.
[        ] > Task :app:mergeReleaseShaders UP-TO-DATE
[        ] Caching disabled for task ':app:mergeReleaseShaders' because:
[        ]   Build cache is disabled
[        ] Skipping task ':app:mergeReleaseShaders' as it is up-to-date.
[        ] Resolve mutations for :app:compileReleaseShaders (Thread[Execution worker Thread 6,5,main]) started.
[        ] :app:compileReleaseShaders (Thread[Execution worker Thread 6,5,main]) started.
[        ] > Task :app:compileReleaseShaders NO-SOURCE
[        ] Skipping task ':app:compileReleaseShaders' as it has no source files and no previous output files.
[        ] Resolve mutations for :app:generateReleaseAssets (Thread[Execution worker Thread 6,5,main]) started.
[        ] :app:generateReleaseAssets (Thread[Execution worker Thread 6,5,main]) started.
[        ] > Task :app:generateReleaseAssets UP-TO-DATE
[        ] Skipping task ':app:generateReleaseAssets' as it has no actions.
[        ] Resolve mutations for :app:mergeReleaseAssets (Thread[Execution worker Thread 6,5,main]) started.
[        ] :app:mergeReleaseAssets (Thread[Execution worker Thread 6,5,main]) started.
[        ] > Task :app:mergeReleaseAssets
[        ] Transforming firebase-auth-23.0.0.aar (com.google.firebase:firebase-auth:23.0.0) with JetifyTransform
[        ] Transforming firebase-auth-23.0.0.aar (com.google.firebase:firebase-auth:23.0.0) with ExtractAarTransform
[        ] Transforming firebase-auth-23.0.0.aar (com.google.firebase:firebase-auth:23.0.0) with AarTransform
[        ] Transforming firebase-common-ktx-21.0.0.aar (com.google.firebase:firebase-common-ktx:21.0.0) with JetifyTransform
[        ] Transforming firebase-common-ktx-21.0.0.aar (com.google.firebase:firebase-common-ktx:21.0.0) with ExtractAarTransform
[        ] Transforming firebase-common-ktx-21.0.0.aar (com.google.firebase:firebase-common-ktx:21.0.0) with AarTransform
[        ] Transforming credentials-1.2.0-rc01.aar (androidx.credentials:credentials:1.2.0-rc01) with JetifyTransform
[        ] Transforming credentials-1.2.0-rc01.aar (androidx.credentials:credentials:1.2.0-rc01) with ExtractAarTransform
[        ] Transforming credentials-1.2.0-rc01.aar (androidx.credentials:credentials:1.2.0-rc01) with AarTransform
[        ] Transforming credentials-1.2.0-rc01.aar (androidx.credentials:credentials:1.2.0-rc01) with JetifyTransform
[        ] Transforming credentials-1.2.0-rc01.aar (androidx.credentials:credentials:1.2.0-rc01) with ExtractAarTransform
[        ] Transforming credentials-1.2.0-rc01.aar (androidx.credentials:credentials:1.2.0-rc01) with AarTransform
[        ] Transforming credentials-play-services-auth-1.2.0-rc01.aar (androidx.credentials:credentials-play-services-auth:1.2.0-rc01) with JetifyTransform
[        ] Transforming credentials-play-services-auth-1.2.0-rc01.aar (androidx.credentials:credentials-play-services-auth:1.2.0-rc01) with ExtractAarTransform
[        ] Transforming credentials-play-services-auth-1.2.0-rc01.aar (androidx.credentials:credentials-play-services-auth:1.2.0-rc01) with AarTransform
[        ] Transforming googleid-1.1.0.aar (com.google.android.libraries.identity.googleid:googleid:1.1.0) with JetifyTransform
[        ] Transforming googleid-1.1.0.aar (com.google.android.libraries.identity.googleid:googleid:1.1.0) with ExtractAarTransform
[        ] Transforming googleid-1.1.0.aar (com.google.android.libraries.identity.googleid:googleid:1.1.0) with AarTransform
[        ] Transforming firebase-auth-interop-20.0.0.aar (com.google.firebase:firebase-auth-interop:20.0.0) with JetifyTransform
[        ] Transforming firebase-auth-interop-20.0.0.aar (com.google.firebase:firebase-auth-interop:20.0.0) with ExtractAarTransform
[        ] Transforming firebase-auth-interop-20.0.0.aar (com.google.firebase:firebase-auth-interop:20.0.0) with AarTransform
[        ] Transforming firebase-common-21.0.0.aar (com.google.firebase:firebase-common:21.0.0) with JetifyTransform
[        ] Transforming firebase-common-21.0.0.aar (com.google.firebase:firebase-common:21.0.0) with ExtractAarTransform
[        ] Transforming firebase-common-21.0.0.aar (com.google.firebase:firebase-common:21.0.0) with AarTransform
[        ] Transforming firebase-common-21.0.0.aar (com.google.firebase:firebase-common:21.0.0) with JetifyTransform
[        ] Transforming firebase-common-21.0.0.aar (com.google.firebase:firebase-common:21.0.0) with ExtractAarTransform
[        ] Transforming firebase-common-21.0.0.aar (com.google.firebase:firebase-common:21.0.0) with AarTransform
[        ] Transforming recaptcha-18.4.0.aar (com.google.android.recaptcha:recaptcha:18.4.0) with JetifyTransform
[        ] Transforming recaptcha-18.4.0.aar (com.google.android.recaptcha:recaptcha:18.4.0) with ExtractAarTransform
[        ] Transforming recaptcha-18.4.0.aar (com.google.android.recaptcha:recaptcha:18.4.0) with AarTransform
[        ] Transforming window-java-1.0.0-beta04.aar (androidx.window:window-java:1.0.0-beta04) with JetifyTransform
[        ] Transforming window-java-1.0.0-beta04.aar (androidx.window:window-java:1.0.0-beta04) with ExtractAarTransform
[        ] Transforming window-java-1.0.0-beta04.aar (androidx.window:window-java:1.0.0-beta04) with AarTransform
[        ] Transforming window-1.0.0-beta04.aar (androidx.window:window:1.0.0-beta04) with JetifyTransform
[        ] Transforming window-1.0.0-beta04.aar (androidx.window:window:1.0.0-beta04) with ExtractAarTransform
[        ] Transforming window-1.0.0-beta04.aar (androidx.window:window:1.0.0-beta04) with AarTransform
[        ] Transforming play-services-auth-20.7.0.aar (com.google.android.gms:play-services-auth:20.7.0) with JetifyTransform
[        ] Transforming play-services-auth-20.7.0.aar (com.google.android.gms:play-services-auth:20.7.0) with ExtractAarTransform
[        ] Transforming play-services-auth-20.7.0.aar (com.google.android.gms:play-services-auth:20.7.0) with AarTransform
[        ] Transforming play-services-auth-api-phone-18.0.2.aar (com.google.android.gms:play-services-auth-api-phone:18.0.2) with JetifyTransform
[        ] Transforming play-services-auth-api-phone-18.0.2.aar (com.google.android.gms:play-services-auth-api-phone:18.0.2) with ExtractAarTransform
[        ] Transforming play-services-auth-api-phone-18.0.2.aar (com.google.android.gms:play-services-auth-api-phone:18.0.2) with AarTransform
[        ] Transforming integrity-1.2.0.aar (com.google.android.play:integrity:1.2.0) with JetifyTransform
[        ] Transforming integrity-1.2.0.aar (com.google.android.play:integrity:1.2.0) with ExtractAarTransform
[        ] Transforming integrity-1.2.0.aar (com.google.android.play:integrity:1.2.0) with AarTransform
[        ] Transforming firebase-appcheck-interop-17.0.0.aar (com.google.firebase:firebase-appcheck-interop:17.0.0) with JetifyTransform
[        ] Transforming firebase-appcheck-interop-17.0.0.aar (com.google.firebase:firebase-appcheck-interop:17.0.0) with ExtractAarTransform
[        ] Transforming firebase-appcheck-interop-17.0.0.aar (com.google.firebase:firebase-appcheck-interop:17.0.0) with AarTransform
[        ] Transforming play-services-fido-20.1.0.aar (com.google.android.gms:play-services-fido:20.1.0) with JetifyTransform
[        ] Transforming play-services-fido-20.1.0.aar (com.google.android.gms:play-services-fido:20.1.0) with ExtractAarTransform
[        ] Transforming play-services-fido-20.1.0.aar (com.google.android.gms:play-services-fido:20.1.0) with AarTransform
[        ] Transforming play-services-fido-20.1.0.aar (com.google.android.gms:play-services-fido:20.1.0) with JetifyTransform
[        ] Transforming play-services-fido-20.1.0.aar (com.google.android.gms:play-services-fido:20.1.0) with ExtractAarTransform
[        ] Transforming play-services-fido-20.1.0.aar (com.google.android.gms:play-services-fido:20.1.0) with AarTransform
[        ] Transforming play-services-auth-base-18.0.4.aar (com.google.android.gms:play-services-auth-base:18.0.4) with JetifyTransform
[        ] Transforming play-services-auth-base-18.0.4.aar (com.google.android.gms:play-services-auth-base:18.0.4) with ExtractAarTransform
[        ] Transforming play-services-auth-base-18.0.4.aar (com.google.android.gms:play-services-auth-base:18.0.4) with AarTransform
[        ] Transforming play-services-base-18.0.1.aar (com.google.android.gms:play-services-base:18.0.1) with JetifyTransform
[        ] Transforming play-services-base-18.0.1.aar (com.google.android.gms:play-services-base:18.0.1) with ExtractAarTransform
[        ] Transforming play-services-base-18.0.1.aar (com.google.android.gms:play-services-base:18.0.1) with AarTransform
[        ] Transforming play-services-tasks-18.1.0.aar (com.google.android.gms:play-services-tasks:18.1.0) with JetifyTransform
[        ] Transforming play-services-tasks-18.1.0.aar (com.google.android.gms:play-services-tasks:18.1.0) with ExtractAarTransform
[        ] Transforming play-services-tasks-18.1.0.aar (com.google.android.gms:play-services-tasks:18.1.0) with AarTransform
[        ] Transforming play-services-tasks-18.1.0.aar (com.google.android.gms:play-services-tasks:18.1.0) with JetifyTransform
[        ] Transforming play-services-tasks-18.1.0.aar (com.google.android.gms:play-services-tasks:18.1.0) with ExtractAarTransform
[        ] Transforming play-services-tasks-18.1.0.aar (com.google.android.gms:play-services-tasks:18.1.0) with AarTransform
[        ] Transforming play-services-basement-18.3.0.aar (com.google.android.gms:play-services-basement:18.3.0) with JetifyTransform
[        ] Transforming play-services-basement-18.3.0.aar (com.google.android.gms:play-services-basement:18.3.0) with ExtractAarTransform
[        ] Transforming play-services-basement-18.3.0.aar (com.google.android.gms:play-services-basement:18.3.0) with AarTransform
[        ] Transforming fragment-1.1.0.aar (androidx.fragment:fragment:1.1.0) with JetifyTransform
[        ] Transforming fragment-1.1.0.aar (androidx.fragment:fragment:1.1.0) with ExtractAarTransform
[        ] Transforming fragment-1.1.0.aar (androidx.fragment:fragment:1.1.0) with AarTransform
[        ] Transforming fragment-1.1.0.aar (androidx.fragment:fragment:1.1.0) with JetifyTransform
[        ] Transforming fragment-1.1.0.aar (androidx.fragment:fragment:1.1.0) with ExtractAarTransform
[        ] Transforming fragment-1.1.0.aar (androidx.fragment:fragment:1.1.0) with AarTransform
[        ] Transforming browser-1.4.0.aar (androidx.browser:browser:1.4.0) with JetifyTransform
[        ] Transforming browser-1.4.0.aar (androidx.browser:browser:1.4.0) with ExtractAarTransform
[        ] Transforming browser-1.4.0.aar (androidx.browser:browser:1.4.0) with AarTransform
[        ] Transforming viewpager-1.0.0.aar (androidx.viewpager:viewpager:1.0.0) with JetifyTransform
[        ] Transforming viewpager-1.0.0.aar (androidx.viewpager:viewpager:1.0.0) with ExtractAarTransform
[        ] Transforming viewpager-1.0.0.aar (androidx.viewpager:viewpager:1.0.0) with AarTransform
[        ] Transforming loader-1.0.0.aar (androidx.loader:loader:1.0.0) with JetifyTransform
[        ] Transforming loader-1.0.0.aar (androidx.loader:loader:1.0.0) with ExtractAarTransform
[        ] Transforming loader-1.0.0.aar (androidx.loader:loader:1.0.0) with AarTransform
[        ] Transforming activity-1.0.0.aar (androidx.activity:activity:1.0.0) with JetifyTransform
[        ] Transforming activity-1.0.0.aar (androidx.activity:activity:1.0.0) with ExtractAarTransform
[        ] Transforming activity-1.0.0.aar (androidx.activity:activity:1.0.0) with AarTransform
[        ] Transforming customview-1.0.0.aar (androidx.customview:customview:1.0.0) with JetifyTransform
[        ] Transforming customview-1.0.0.aar (androidx.customview:customview:1.0.0) with ExtractAarTransform
[        ] Transforming customview-1.0.0.aar (androidx.customview:customview:1.0.0) with AarTransform
[        ] Transforming core-1.6.0.aar (androidx.core:core:1.6.0) with JetifyTransform
[        ] Transforming core-1.6.0.aar (androidx.core:core:1.6.0) with ExtractAarTransform
[        ] Transforming core-1.6.0.aar (androidx.core:core:1.6.0) with AarTransform
[        ] Transforming core-1.6.0.aar (androidx.core:core:1.6.0) with JetifyTransform
[        ] Transforming core-1.6.0.aar (androidx.core:core:1.6.0) with ExtractAarTransform
[        ] Transforming core-1.6.0.aar (androidx.core:core:1.6.0) with AarTransform
[        ] Transforming lifecycle-runtime-2.2.0.aar (androidx.lifecycle:lifecycle-runtime:2.2.0) with JetifyTransform
[        ] Transforming lifecycle-runtime-2.2.0.aar (androidx.lifecycle:lifecycle-runtime:2.2.0) with ExtractAarTransform
[        ] Transforming lifecycle-runtime-2.2.0.aar (androidx.lifecycle:lifecycle-runtime:2.2.0) with AarTransform
[        ] Transforming lifecycle-runtime-2.2.0.aar (androidx.lifecycle:lifecycle-runtime:2.2.0) with JetifyTransform
[        ] Transforming lifecycle-runtime-2.2.0.aar (androidx.lifecycle:lifecycle-runtime:2.2.0) with ExtractAarTransform
[        ] Transforming lifecycle-runtime-2.2.0.aar (androidx.lifecycle:lifecycle-runtime:2.2.0) with AarTransform
[        ] Transforming savedstate-1.0.0.aar (androidx.savedstate:savedstate:1.0.0) with JetifyTransform
[        ] Transforming savedstate-1.0.0.aar (androidx.savedstate:savedstate:1.0.0) with ExtractAarTransform
[        ] Transforming savedstate-1.0.0.aar (androidx.savedstate:savedstate:1.0.0) with AarTransform
[        ] Transforming lifecycle-livedata-2.0.0.aar (androidx.lifecycle:lifecycle-livedata:2.0.0) with JetifyTransform
[        ] Transforming lifecycle-livedata-2.0.0.aar (androidx.lifecycle:lifecycle-livedata:2.0.0) with ExtractAarTransform
[        ] Transforming lifecycle-livedata-2.0.0.aar (androidx.lifecycle:lifecycle-livedata:2.0.0) with AarTransform
[        ] Transforming lifecycle-livedata-core-2.0.0.aar (androidx.lifecycle:lifecycle-livedata-core:2.0.0) with JetifyTransform
[        ] Transforming lifecycle-livedata-core-2.0.0.aar (androidx.lifecycle:lifecycle-livedata-core:2.0.0) with ExtractAarTransform
[        ] Transforming lifecycle-livedata-core-2.0.0.aar (androidx.lifecycle:lifecycle-livedata-core:2.0.0) with AarTransform
[        ] Transforming tracing-1.0.0.aar (androidx.tracing:tracing:1.0.0) with JetifyTransform
[        ] Transforming tracing-1.0.0.aar (androidx.tracing:tracing:1.0.0) with ExtractAarTransform
[        ] Transforming tracing-1.0.0.aar (androidx.tracing:tracing:1.0.0) with AarTransform
[        ] Transforming localbroadcastmanager-1.0.0.aar (androidx.localbroadcastmanager:localbroadcastmanager:1.0.0) with JetifyTransform
[        ] Transforming localbroadcastmanager-1.0.0.aar (androidx.localbroadcastmanager:localbroadcastmanager:1.0.0) with ExtractAarTransform
[        ] Transforming localbroadcastmanager-1.0.0.aar (androidx.localbroadcastmanager:localbroadcastmanager:1.0.0) with AarTransform
[        ] Transforming firebase-components-18.0.0.aar (com.google.firebase:firebase-components:18.0.0) with JetifyTransform
[        ] Transforming firebase-components-18.0.0.aar (com.google.firebase:firebase-components:18.0.0) with ExtractAarTransform
[        ] Transforming firebase-components-18.0.0.aar (com.google.firebase:firebase-components:18.0.0) with AarTransform
[        ] Transforming core-runtime-2.0.0.aar (androidx.arch.core:core-runtime:2.0.0) with JetifyTransform
[        ] Transforming core-runtime-2.0.0.aar (androidx.arch.core:core-runtime:2.0.0) with ExtractAarTransform
[        ] Transforming core-runtime-2.0.0.aar (androidx.arch.core:core-runtime:2.0.0) with AarTransform
[        ] Transforming versionedparcelable-1.1.1.aar (androidx.versionedparcelable:versionedparcelable:1.1.1) with JetifyTransform
[        ] Transforming versionedparcelable-1.1.1.aar (androidx.versionedparcelable:versionedparcelable:1.1.1) with ExtractAarTransform
[        ] Transforming versionedparcelable-1.1.1.aar (androidx.versionedparcelable:versionedparcelable:1.1.1) with AarTransform
[        ] Transforming interpolator-1.0.0.aar (androidx.interpolator:interpolator:1.0.0) with JetifyTransform
[        ] Transforming interpolator-1.0.0.aar (androidx.interpolator:interpolator:1.0.0) with ExtractAarTransform
[        ] Transforming interpolator-1.0.0.aar (androidx.interpolator:interpolator:1.0.0) with AarTransform
[        ] Transforming lifecycle-viewmodel-2.1.0.aar (androidx.lifecycle:lifecycle-viewmodel:2.1.0) with JetifyTransform
[        ] Transforming lifecycle-viewmodel-2.1.0.aar (androidx.lifecycle:lifecycle-viewmodel:2.1.0) with ExtractAarTransform
[        ] Transforming lifecycle-viewmodel-2.1.0.aar (androidx.lifecycle:lifecycle-viewmodel:2.1.0) with AarTransform
[        ] Transforming annotation-experimental-1.1.0.aar (androidx.annotation:annotation-experimental:1.1.0) with JetifyTransform
[        ] Transforming annotation-experimental-1.1.0.aar (androidx.annotation:annotation-experimental:1.1.0) with ExtractAarTransform
[        ] Transforming annotation-experimental-1.1.0.aar (androidx.annotation:annotation-experimental:1.1.0) with AarTransform
[        ] Caching disabled for task ':app:mergeReleaseAssets' because:
[        ]   Build cache is disabled
[        ] Task ':app:mergeReleaseAssets' is not up-to-date because:
[        ]   Output property 'outputDir' file C:\Users\User\Desktop\Codes Folder\fluttertest1\alhora_app\alhora_project\build\app\intermediates\assets\release has been removed.
[        ] The input changes require a full rebuild for incremental task ':app:mergeReleaseAssets'.
[        ] Resolve mutations for :app:copyFlutterAssetsRelease (Thread[Execution worker Thread 6,5,main]) started.
[        ] :app:copyFlutterAssetsRelease (Thread[Execution worker Thread 6,5,main]) started.
[        ] > Task :app:copyFlutterAssetsRelease
[        ] Caching disabled for task ':app:copyFlutterAssetsRelease' because:
[        ]   Build cache is disabled
[        ] Task ':app:copyFlutterAssetsRelease' is not up-to-date because:
[        ]   Output property 'destinationDir' file C:\Users\User\Desktop\Codes Folder\fluttertest1\alhora_app\alhora_project\build\app\intermediates\assets\release\flutter_assets has been removed.
[        ]   Output property 'destinationDir' file C:\Users\User\Desktop\Codes Folder\fluttertest1\alhora_app\alhora_project\build\app\intermediates\assets\release\flutter_assets\AssetManifest.bin has been removed.
[        ]   Output property 'destinationDir' file C:\Users\User\Desktop\Codes Folder\fluttertest1\alhora_app\alhora_project\build\app\intermediates\assets\release\flutter_assets\AssetManifest.json has been removed.
[        ] Resolve mutations for :app:generateReleaseResValues (Thread[Execution worker Thread 6,5,main]) started.
[        ] :app:generateReleaseResValues (Thread[Execution worker Thread 4,5,main]) started.
[        ] > Task :app:generateReleaseResValues UP-TO-DATE
[        ] Caching disabled for task ':app:generateReleaseResValues' because:
[        ]   Build cache is disabled
[        ] Skipping task ':app:generateReleaseResValues' as it is up-to-date.
[        ] Resolve mutations for :app:processReleaseGoogleServices (Thread[Execution worker Thread 4,5,main]) started.
[        ] :app:processReleaseGoogleServices (Thread[Execution worker Thread 4,5,main]) started.
[        ] > Task :app:processReleaseGoogleServices UP-TO-DATE
[        ] Caching disabled for task ':app:processReleaseGoogleServices' because:
[        ]   Build cache is disabled
[        ] Skipping task ':app:processReleaseGoogleServices' as it is up-to-date.
[        ] Resolve mutations for :app:mapReleaseSourceSetPaths (Thread[Execution worker Thread 4,5,main]) started.
[        ] :app:mapReleaseSourceSetPaths (Thread[Execution worker Thread 4,5,main]) started.
[        ] > Task :app:mapReleaseSourceSetPaths UP-TO-DATE
[        ] Transforming firebase-auth-23.0.0.aar (com.google.firebase:firebase-auth:23.0.0) with JetifyTransform
[        ] Transforming firebase-auth-23.0.0.aar (com.google.firebase:firebase-auth:23.0.0) with ExtractAarTransform
[        ] Transforming firebase-auth-23.0.0.aar (com.google.firebase:firebase-auth:23.0.0) with AarTransform
[        ] Transforming firebase-common-ktx-21.0.0.aar (com.google.firebase:firebase-common-ktx:21.0.0) with JetifyTransform
[        ] Transforming firebase-common-ktx-21.0.0.aar (com.google.firebase:firebase-common-ktx:21.0.0) with ExtractAarTransform
[        ] Transforming firebase-common-ktx-21.0.0.aar (com.google.firebase:firebase-common-ktx:21.0.0) with AarTransform
[        ] Transforming credentials-1.2.0-rc01.aar (androidx.credentials:credentials:1.2.0-rc01) with JetifyTransform
[        ] Transforming credentials-1.2.0-rc01.aar (androidx.credentials:credentials:1.2.0-rc01) with ExtractAarTransform
[        ] Transforming credentials-1.2.0-rc01.aar (androidx.credentials:credentials:1.2.0-rc01) with AarTransform
[        ] Transforming credentials-1.2.0-rc01.aar (androidx.credentials:credentials:1.2.0-rc01) with JetifyTransform
[        ] Transforming credentials-1.2.0-rc01.aar (androidx.credentials:credentials:1.2.0-rc01) with ExtractAarTransform
[        ] Transforming credentials-1.2.0-rc01.aar (androidx.credentials:credentials:1.2.0-rc01) with AarTransform
[        ] Transforming credentials-play-services-auth-1.2.0-rc01.aar (androidx.credentials:credentials-play-services-auth:1.2.0-rc01) with JetifyTransform
[        ] Transforming credentials-play-services-auth-1.2.0-rc01.aar (androidx.credentials:credentials-play-services-auth:1.2.0-rc01) with ExtractAarTransform
[        ] Transforming credentials-play-services-auth-1.2.0-rc01.aar (androidx.credentials:credentials-play-services-auth:1.2.0-rc01) with AarTransform
[        ] Transforming googleid-1.1.0.aar (com.google.android.libraries.identity.googleid:googleid:1.1.0) with JetifyTransform
[        ] Transforming googleid-1.1.0.aar (com.google.android.libraries.identity.googleid:googleid:1.1.0) with ExtractAarTransform
[        ] Transforming googleid-1.1.0.aar (com.google.android.libraries.identity.googleid:googleid:1.1.0) with AarTransform
[        ] Transforming firebase-auth-interop-20.0.0.aar (com.google.firebase:firebase-auth-interop:20.0.0) with JetifyTransform
[        ] Transforming firebase-auth-interop-20.0.0.aar (com.google.firebase:firebase-auth-interop:20.0.0) with ExtractAarTransform
[        ] Transforming firebase-auth-interop-20.0.0.aar (com.google.firebase:firebase-auth-interop:20.0.0) with AarTransform
[        ] Transforming firebase-common-21.0.0.aar (com.google.firebase:firebase-common:21.0.0) with JetifyTransform
[        ] Transforming firebase-common-21.0.0.aar (com.google.firebase:firebase-common:21.0.0) with ExtractAarTransform
[        ] Transforming firebase-common-21.0.0.aar (com.google.firebase:firebase-common:21.0.0) with AarTransform
[        ] Transforming firebase-common-21.0.0.aar (com.google.firebase:firebase-common:21.0.0) with JetifyTransform
[        ] Transforming firebase-common-21.0.0.aar (com.google.firebase:firebase-common:21.0.0) with ExtractAarTransform
[        ] Transforming firebase-common-21.0.0.aar (com.google.firebase:firebase-common:21.0.0) with AarTransform
[        ] Transforming recaptcha-18.4.0.aar (com.google.android.recaptcha:recaptcha:18.4.0) with JetifyTransform
[        ] Transforming recaptcha-18.4.0.aar (com.google.android.recaptcha:recaptcha:18.4.0) with ExtractAarTransform
[        ] Transforming recaptcha-18.4.0.aar (com.google.android.recaptcha:recaptcha:18.4.0) with AarTransform
[        ] Transforming window-java-1.0.0-beta04.aar (androidx.window:window-java:1.0.0-beta04) with JetifyTransform
[        ] Transforming window-java-1.0.0-beta04.aar (androidx.window:window-java:1.0.0-beta04) with ExtractAarTransform
[        ] Transforming window-java-1.0.0-beta04.aar (androidx.window:window-java:1.0.0-beta04) with AarTransform
[        ] Transforming window-1.0.0-beta04.aar (androidx.window:window:1.0.0-beta04) with JetifyTransform
[        ] Transforming window-1.0.0-beta04.aar (androidx.window:window:1.0.0-beta04) with ExtractAarTransform
[        ] Transforming window-1.0.0-beta04.aar (androidx.window:window:1.0.0-beta04) with AarTransform
[        ] Transforming play-services-auth-20.7.0.aar (com.google.android.gms:play-services-auth:20.7.0) with JetifyTransform
[        ] Transforming play-services-auth-20.7.0.aar (com.google.android.gms:play-services-auth:20.7.0) with ExtractAarTransform
[        ] Transforming play-services-auth-20.7.0.aar (com.google.android.gms:play-services-auth:20.7.0) with AarTransform
[        ] Transforming play-services-auth-api-phone-18.0.2.aar (com.google.android.gms:play-services-auth-api-phone:18.0.2) with JetifyTransform
[        ] Transforming play-services-auth-api-phone-18.0.2.aar (com.google.android.gms:play-services-auth-api-phone:18.0.2) with ExtractAarTransform
[        ] Transforming play-services-auth-api-phone-18.0.2.aar (com.google.android.gms:play-services-auth-api-phone:18.0.2) with AarTransform
[        ] Transforming integrity-1.2.0.aar (com.google.android.play:integrity:1.2.0) with JetifyTransform
[        ] Transforming integrity-1.2.0.aar (com.google.android.play:integrity:1.2.0) with ExtractAarTransform
[        ] Transforming integrity-1.2.0.aar (com.google.android.play:integrity:1.2.0) with AarTransform
[        ] Transforming firebase-appcheck-interop-17.0.0.aar (com.google.firebase:firebase-appcheck-interop:17.0.0) with JetifyTransform
[        ] Transforming firebase-appcheck-interop-17.0.0.aar (com.google.firebase:firebase-appcheck-interop:17.0.0) with ExtractAarTransform
[        ] Transforming firebase-appcheck-interop-17.0.0.aar (com.google.firebase:firebase-appcheck-interop:17.0.0) with AarTransform
[        ] Transforming play-services-fido-20.1.0.aar (com.google.android.gms:play-services-fido:20.1.0) with JetifyTransform
[        ] Transforming play-services-fido-20.1.0.aar (com.google.android.gms:play-services-fido:20.1.0) with ExtractAarTransform
[        ] Transforming play-services-fido-20.1.0.aar (com.google.android.gms:play-services-fido:20.1.0) with AarTransform
[        ] Transforming play-services-fido-20.1.0.aar (com.google.android.gms:play-services-fido:20.1.0) with JetifyTransform
[        ] Transforming play-services-fido-20.1.0.aar (com.google.android.gms:play-services-fido:20.1.0) with ExtractAarTransform
[        ] Transforming play-services-fido-20.1.0.aar (com.google.android.gms:play-services-fido:20.1.0) with AarTransform
[        ] Transforming play-services-auth-base-18.0.4.aar (com.google.android.gms:play-services-auth-base:18.0.4) with JetifyTransform
[        ] Transforming play-services-auth-base-18.0.4.aar (com.google.android.gms:play-services-auth-base:18.0.4) with ExtractAarTransform
[        ] Transforming play-services-auth-base-18.0.4.aar (com.google.android.gms:play-services-auth-base:18.0.4) with AarTransform
[        ] Transforming play-services-base-18.0.1.aar (com.google.android.gms:play-services-base:18.0.1) with JetifyTransform
[        ] Transforming play-services-base-18.0.1.aar (com.google.android.gms:play-services-base:18.0.1) with ExtractAarTransform
[        ] Transforming play-services-base-18.0.1.aar (com.google.android.gms:play-services-base:18.0.1) with AarTransform
[        ] Transforming play-services-tasks-18.1.0.aar (com.google.android.gms:play-services-tasks:18.1.0) with JetifyTransform
[        ] Transforming play-services-tasks-18.1.0.aar (com.google.android.gms:play-services-tasks:18.1.0) with ExtractAarTransform
[        ] Transforming play-services-tasks-18.1.0.aar (com.google.android.gms:play-services-tasks:18.1.0) with AarTransform
[        ] Transforming play-services-tasks-18.1.0.aar (com.google.android.gms:play-services-tasks:18.1.0) with JetifyTransform
[        ] Transforming play-services-tasks-18.1.0.aar (com.google.android.gms:play-services-tasks:18.1.0) with ExtractAarTransform
[        ] Transforming play-services-tasks-18.1.0.aar (com.google.android.gms:play-services-tasks:18.1.0) with AarTransform
[        ] Transforming play-services-basement-18.3.0.aar (com.google.android.gms:play-services-basement:18.3.0) with JetifyTransform
[        ] Transforming play-services-basement-18.3.0.aar (com.google.android.gms:play-services-basement:18.3.0) with ExtractAarTransform
[        ] Transforming play-services-basement-18.3.0.aar (com.google.android.gms:play-services-basement:18.3.0) with AarTransform
[        ] Transforming fragment-1.1.0.aar (androidx.fragment:fragment:1.1.0) with JetifyTransform
[        ] Transforming fragment-1.1.0.aar (androidx.fragment:fragment:1.1.0) with ExtractAarTransform
[        ] Transforming fragment-1.1.0.aar (androidx.fragment:fragment:1.1.0) with AarTransform
[        ] Transforming fragment-1.1.0.aar (androidx.fragment:fragment:1.1.0) with JetifyTransform
[        ] Transforming fragment-1.1.0.aar (androidx.fragment:fragment:1.1.0) with ExtractAarTransform
[        ] Transforming fragment-1.1.0.aar (androidx.fragment:fragment:1.1.0) with AarTransform
[        ] Transforming browser-1.4.0.aar (androidx.browser:browser:1.4.0) with JetifyTransform
[        ] Transforming browser-1.4.0.aar (androidx.browser:browser:1.4.0) with ExtractAarTransform
[        ] Transforming browser-1.4.0.aar (androidx.browser:browser:1.4.0) with AarTransform
[        ] Transforming viewpager-1.0.0.aar (androidx.viewpager:viewpager:1.0.0) with JetifyTransform
[        ] Transforming viewpager-1.0.0.aar (androidx.viewpager:viewpager:1.0.0) with ExtractAarTransform
[        ] Transforming viewpager-1.0.0.aar (androidx.viewpager:viewpager:1.0.0) with AarTransform
[        ] Transforming loader-1.0.0.aar (androidx.loader:loader:1.0.0) with JetifyTransform
[        ] Transforming loader-1.0.0.aar (androidx.loader:loader:1.0.0) with ExtractAarTransform
[        ] Transforming loader-1.0.0.aar (androidx.loader:loader:1.0.0) with AarTransform
[        ] Transforming activity-1.0.0.aar (androidx.activity:activity:1.0.0) with JetifyTransform
[        ] Transforming activity-1.0.0.aar (androidx.activity:activity:1.0.0) with ExtractAarTransform
[        ] Transforming activity-1.0.0.aar (androidx.activity:activity:1.0.0) with AarTransform
[        ] Transforming customview-1.0.0.aar (androidx.customview:customview:1.0.0) with JetifyTransform
[        ] Transforming customview-1.0.0.aar (androidx.customview:customview:1.0.0) with ExtractAarTransform
[        ] Transforming customview-1.0.0.aar (androidx.customview:customview:1.0.0) with AarTransform
[        ] Transforming core-1.6.0.aar (androidx.core:core:1.6.0) with JetifyTransform
[        ] Transforming core-1.6.0.aar (androidx.core:core:1.6.0) with ExtractAarTransform
[        ] Transforming core-1.6.0.aar (androidx.core:core:1.6.0) with AarTransform
[        ] Transforming core-1.6.0.aar (androidx.core:core:1.6.0) with JetifyTransform
[        ] Transforming core-1.6.0.aar (androidx.core:core:1.6.0) with ExtractAarTransform
[        ] Transforming core-1.6.0.aar (androidx.core:core:1.6.0) with AarTransform
[        ] Transforming lifecycle-runtime-2.2.0.aar (androidx.lifecycle:lifecycle-runtime:2.2.0) with JetifyTransform
[        ] Transforming lifecycle-runtime-2.2.0.aar (androidx.lifecycle:lifecycle-runtime:2.2.0) with ExtractAarTransform
[        ] Transforming lifecycle-runtime-2.2.0.aar (androidx.lifecycle:lifecycle-runtime:2.2.0) with AarTransform
[        ] Transforming lifecycle-runtime-2.2.0.aar (androidx.lifecycle:lifecycle-runtime:2.2.0) with JetifyTransform
[        ] Transforming lifecycle-runtime-2.2.0.aar (androidx.lifecycle:lifecycle-runtime:2.2.0) with ExtractAarTransform
[        ] Transforming lifecycle-runtime-2.2.0.aar (androidx.lifecycle:lifecycle-runtime:2.2.0) with AarTransform
[        ] Transforming savedstate-1.0.0.aar (androidx.savedstate:savedstate:1.0.0) with JetifyTransform
[        ] Transforming savedstate-1.0.0.aar (androidx.savedstate:savedstate:1.0.0) with ExtractAarTransform
[        ] Transforming savedstate-1.0.0.aar (androidx.savedstate:savedstate:1.0.0) with AarTransform
[        ] Transforming lifecycle-livedata-2.0.0.aar (androidx.lifecycle:lifecycle-livedata:2.0.0) with JetifyTransform
[        ] Transforming lifecycle-livedata-2.0.0.aar (androidx.lifecycle:lifecycle-livedata:2.0.0) with ExtractAarTransform
[        ] Transforming lifecycle-livedata-2.0.0.aar (androidx.lifecycle:lifecycle-livedata:2.0.0) with AarTransform
[        ] Transforming lifecycle-livedata-core-2.0.0.aar (androidx.lifecycle:lifecycle-livedata-core:2.0.0) with JetifyTransform
[        ] Transforming lifecycle-livedata-core-2.0.0.aar (androidx.lifecycle:lifecycle-livedata-core:2.0.0) with ExtractAarTransform
[        ] Transforming lifecycle-livedata-core-2.0.0.aar (androidx.lifecycle:lifecycle-livedata-core:2.0.0) with AarTransform
[        ] Transforming tracing-1.0.0.aar (androidx.tracing:tracing:1.0.0) with JetifyTransform
[        ] Transforming tracing-1.0.0.aar (androidx.tracing:tracing:1.0.0) with ExtractAarTransform
[        ] Transforming tracing-1.0.0.aar (androidx.tracing:tracing:1.0.0) with AarTransform
[        ] Transforming localbroadcastmanager-1.0.0.aar (androidx.localbroadcastmanager:localbroadcastmanager:1.0.0) with JetifyTransform
[        ] Transforming localbroadcastmanager-1.0.0.aar (androidx.localbroadcastmanager:localbroadcastmanager:1.0.0) with ExtractAarTransform
[        ] Transforming localbroadcastmanager-1.0.0.aar (androidx.localbroadcastmanager:localbroadcastmanager:1.0.0) with AarTransform
[        ] Transforming firebase-components-18.0.0.aar (com.google.firebase:firebase-components:18.0.0) with JetifyTransform
[        ] Transforming firebase-components-18.0.0.aar (com.google.firebase:firebase-components:18.0.0) with ExtractAarTransform
[        ] Transforming firebase-components-18.0.0.aar (com.google.firebase:firebase-components:18.0.0) with AarTransform
[        ] Transforming core-runtime-2.0.0.aar (androidx.arch.core:core-runtime:2.0.0) with JetifyTransform
[        ] Transforming core-runtime-2.0.0.aar (androidx.arch.core:core-runtime:2.0.0) with ExtractAarTransform
[        ] Transforming core-runtime-2.0.0.aar (androidx.arch.core:core-runtime:2.0.0) with AarTransform
[        ] Transforming versionedparcelable-1.1.1.aar (androidx.versionedparcelable:versionedparcelable:1.1.1) with JetifyTransform
[        ] Transforming versionedparcelable-1.1.1.aar (androidx.versionedparcelable:versionedparcelable:1.1.1) with ExtractAarTransform
[        ] Transforming versionedparcelable-1.1.1.aar (androidx.versionedparcelable:versionedparcelable:1.1.1) with AarTransform
[        ] Transforming interpolator-1.0.0.aar (androidx.interpolator:interpolator:1.0.0) with JetifyTransform
[        ] Transforming interpolator-1.0.0.aar (androidx.interpolator:interpolator:1.0.0) with ExtractAarTransform
[        ] Transforming interpolator-1.0.0.aar (androidx.interpolator:interpolator:1.0.0) with AarTransform
[        ] Transforming lifecycle-viewmodel-2.1.0.aar (androidx.lifecycle:lifecycle-viewmodel:2.1.0) with JetifyTransform
[        ] Transforming lifecycle-viewmodel-2.1.0.aar (androidx.lifecycle:lifecycle-viewmodel:2.1.0) with ExtractAarTransform
[        ] Transforming lifecycle-viewmodel-2.1.0.aar (androidx.lifecycle:lifecycle-viewmodel:2.1.0) with AarTransform
[        ] Transforming annotation-experimental-1.1.0.aar (androidx.annotation:annotation-experimental:1.1.0) with JetifyTransform
[        ] Transforming annotation-experimental-1.1.0.aar (androidx.annotation:annotation-experimental:1.1.0) with ExtractAarTransform
[        ] Transforming annotation-experimental-1.1.0.aar (androidx.annotation:annotation-experimental:1.1.0) with AarTransform
[        ] Caching disabled for task ':app:mapReleaseSourceSetPaths' because:
[        ]   Build cache is disabled
[        ] Skipping task ':app:mapReleaseSourceSetPaths' as it is up-to-date.
[        ] Resolve mutations for :app:generateReleaseResources (Thread[Execution worker Thread 4,5,main]) started.
[        ] :app:generateReleaseResources (Thread[Execution worker Thread 4,5,main]) started.
[        ] > Task :app:generateReleaseResources UP-TO-DATE
[        ] Skipping task ':app:generateReleaseResources' as it has no actions.
[        ] Resolve mutations for :app:mergeReleaseResources (Thread[Execution worker Thread 4,5,main]) started.
[        ] :app:mergeReleaseResources (Thread[Execution worker Thread 4,5,main]) started.
[  +69 ms] > Task :app:mergeReleaseResources UP-TO-DATE
[        ] Caching disabled for task ':app:mergeReleaseResources' because:
[        ]   Build cache is disabled
[        ] Skipping task ':app:mergeReleaseResources' as it is up-to-date.
[        ] Resolve mutations for :app:createReleaseCompatibleScreenManifests (Thread[Execution worker Thread 4,5,main]) started.
[        ] :app:createReleaseCompatibleScreenManifests (Thread[Execution worker Thread 4,5,main]) started.
[        ] > Task :app:createReleaseCompatibleScreenManifests UP-TO-DATE
[        ] Caching disabled for task ':app:createReleaseCompatibleScreenManifests' because:
[        ]   Build cache is disabled
[        ] Skipping task ':app:createReleaseCompatibleScreenManifests' as it is up-to-date.
[        ] Resolve mutations for :app:extractDeepLinksRelease (Thread[Execution worker Thread 4,5,main]) started.
[        ] :app:extractDeepLinksRelease (Thread[Execution worker Thread 4,5,main]) started.
[        ] > Task :app:extractDeepLinksRelease UP-TO-DATE
[        ] Caching disabled for task ':app:extractDeepLinksRelease' because:
[        ]   Build cache is disabled
[        ] Skipping task ':app:extractDeepLinksRelease' as it is up-to-date.
[        ] Resolve mutations for :firebase_auth:extractDeepLinksRelease (Thread[Execution worker Thread 4,5,main]) started.
[        ] :firebase_auth:extractDeepLinksRelease (Thread[Execution worker Thread 4,5,main]) started.
[        ] > Task :firebase_auth:extractDeepLinksRelease UP-TO-DATE
[        ] Caching disabled for task ':firebase_auth:extractDeepLinksRelease' because:
[        ]   Build cache is disabled
[        ] Skipping task ':firebase_auth:extractDeepLinksRelease' as it is up-to-date.
[        ] work action resolve navigation.json (project :firebase_auth) (Thread[Execution worker Thread 4,5,main]) started.
[        ] Resolve mutations for :firebase_core:extractDeepLinksRelease (Thread[Execution worker Thread 4,5,main]) started.
[        ] :firebase_core:extractDeepLinksRelease (Thread[Execution worker Thread 4,5,main]) started.
[        ] > Task :firebase_core:extractDeepLinksRelease UP-TO-DATE
[        ] Caching disabled for task ':firebase_core:extractDeepLinksRelease' because:
[        ]   Build cache is disabled
[        ] Skipping task ':firebase_core:extractDeepLinksRelease' as it is up-to-date.
[        ] work action resolve navigation.json (project :firebase_core) (Thread[Execution worker Thread 4,5,main]) started.
[        ] Resolve mutations for :path_provider_android:extractDeepLinksRelease (Thread[Execution worker Thread 4,5,main]) started.
[        ] :path_provider_android:extractDeepLinksRelease (Thread[Execution worker Thread 4,5,main]) started.
[        ] > Task :path_provider_android:extractDeepLinksRelease UP-TO-DATE
[        ] Caching disabled for task ':path_provider_android:extractDeepLinksRelease' because:
[        ]   Build cache is disabled
[        ] Skipping task ':path_provider_android:extractDeepLinksRelease' as it is up-to-date.
[        ] work action resolve navigation.json (project :path_provider_android) (Thread[Execution worker Thread 4,5,main]) started.
[        ] Resolve mutations for :app:processReleaseMainManifest (Thread[Execution worker Thread 4,5,main]) started.
[        ] :app:processReleaseMainManifest (Thread[Execution worker Thread 4,5,main]) started.
[  +96 ms] > Task :app:processReleaseMainManifest FAILED
[        ] Transforming firebase-auth-23.0.0.aar (com.google.firebase:firebase-auth:23.0.0) with JetifyTransform
[        ] Transforming firebase-auth-23.0.0.aar (com.google.firebase:firebase-auth:23.0.0) with ExtractAarTransform
[        ] Transforming firebase-auth-23.0.0.aar (com.google.firebase:firebase-auth:23.0.0) with AarTransform
[        ] Transforming firebase-common-ktx-21.0.0.aar (com.google.firebase:firebase-common-ktx:21.0.0) with JetifyTransform
[        ] Transforming firebase-common-ktx-21.0.0.aar (com.google.firebase:firebase-common-ktx:21.0.0) with ExtractAarTransform
[        ] Transforming firebase-common-ktx-21.0.0.aar (com.google.firebase:firebase-common-ktx:21.0.0) with AarTransform
[        ] Transforming credentials-1.2.0-rc01.aar (androidx.credentials:credentials:1.2.0-rc01) with JetifyTransform
[        ] Transforming credentials-1.2.0-rc01.aar (androidx.credentials:credentials:1.2.0-rc01) with ExtractAarTransform
[        ] Transforming credentials-1.2.0-rc01.aar (androidx.credentials:credentials:1.2.0-rc01) with AarTransform
[        ] Transforming credentials-1.2.0-rc01.aar (androidx.credentials:credentials:1.2.0-rc01) with JetifyTransform
[        ] Transforming credentials-1.2.0-rc01.aar (androidx.credentials:credentials:1.2.0-rc01) with ExtractAarTransform
[        ] Transforming credentials-1.2.0-rc01.aar (androidx.credentials:credentials:1.2.0-rc01) with AarTransform
[        ] Transforming credentials-play-services-auth-1.2.0-rc01.aar (androidx.credentials:credentials-play-services-auth:1.2.0-rc01) with JetifyTransform
[        ] Transforming credentials-play-services-auth-1.2.0-rc01.aar (androidx.credentials:credentials-play-services-auth:1.2.0-rc01) with ExtractAarTransform
[        ] Transforming credentials-play-services-auth-1.2.0-rc01.aar (androidx.credentials:credentials-play-services-auth:1.2.0-rc01) with AarTransform
[        ] Transforming googleid-1.1.0.aar (com.google.android.libraries.identity.googleid:googleid:1.1.0) with JetifyTransform
[        ] Transforming googleid-1.1.0.aar (com.google.android.libraries.identity.googleid:googleid:1.1.0) with ExtractAarTransform
[        ] Transforming googleid-1.1.0.aar (com.google.android.libraries.identity.googleid:googleid:1.1.0) with AarTransform
[        ] Transforming firebase-auth-interop-20.0.0.aar (com.google.firebase:firebase-auth-interop:20.0.0) with JetifyTransform
[        ] Transforming firebase-auth-interop-20.0.0.aar (com.google.firebase:firebase-auth-interop:20.0.0) with ExtractAarTransform
[        ] Transforming firebase-auth-interop-20.0.0.aar (com.google.firebase:firebase-auth-interop:20.0.0) with AarTransform
[        ] Transforming firebase-common-21.0.0.aar (com.google.firebase:firebase-common:21.0.0) with JetifyTransform
[        ] Transforming firebase-common-21.0.0.aar (com.google.firebase:firebase-common:21.0.0) with ExtractAarTransform
[        ] Transforming firebase-common-21.0.0.aar (com.google.firebase:firebase-common:21.0.0) with AarTransform
[        ] Transforming firebase-common-21.0.0.aar (com.google.firebase:firebase-common:21.0.0) with JetifyTransform
[        ] Transforming firebase-common-21.0.0.aar (com.google.firebase:firebase-common:21.0.0) with ExtractAarTransform
[        ] Transforming firebase-common-21.0.0.aar (com.google.firebase:firebase-common:21.0.0) with AarTransform
[        ] Transforming recaptcha-18.4.0.aar (com.google.android.recaptcha:recaptcha:18.4.0) with JetifyTransform
[        ] Transforming recaptcha-18.4.0.aar (com.google.android.recaptcha:recaptcha:18.4.0) with ExtractAarTransform
[        ] Transforming recaptcha-18.4.0.aar (com.google.android.recaptcha:recaptcha:18.4.0) with AarTransform
[        ] Transforming window-java-1.0.0-beta04.aar (androidx.window:window-java:1.0.0-beta04) with JetifyTransform
[        ] Transforming window-java-1.0.0-beta04.aar (androidx.window:window-java:1.0.0-beta04) with ExtractAarTransform
[        ] Transforming window-java-1.0.0-beta04.aar (androidx.window:window-java:1.0.0-beta04) with AarTransform
[        ] Transforming window-1.0.0-beta04.aar (androidx.window:window:1.0.0-beta04) with JetifyTransform
[        ] Transforming window-1.0.0-beta04.aar (androidx.window:window:1.0.0-beta04) with ExtractAarTransform
[        ] Transforming window-1.0.0-beta04.aar (androidx.window:window:1.0.0-beta04) with AarTransform
[        ] Transforming play-services-auth-20.7.0.aar (com.google.android.gms:play-services-auth:20.7.0) with JetifyTransform
[        ] Transforming play-services-auth-20.7.0.aar (com.google.android.gms:play-services-auth:20.7.0) with ExtractAarTransform
[        ] Transforming play-services-auth-20.7.0.aar (com.google.android.gms:play-services-auth:20.7.0) with AarTransform
[        ] Transforming play-services-auth-api-phone-18.0.2.aar (com.google.android.gms:play-services-auth-api-phone:18.0.2) with JetifyTransform
[        ] Transforming play-services-auth-api-phone-18.0.2.aar (com.google.android.gms:play-services-auth-api-phone:18.0.2) with ExtractAarTransform
[        ] Transforming play-services-auth-api-phone-18.0.2.aar (com.google.android.gms:play-services-auth-api-phone:18.0.2) with AarTransform
[        ] Transforming integrity-1.2.0.aar (com.google.android.play:integrity:1.2.0) with JetifyTransform
[        ] Transforming integrity-1.2.0.aar (com.google.android.play:integrity:1.2.0) with ExtractAarTransform
[        ] Transforming integrity-1.2.0.aar (com.google.android.play:integrity:1.2.0) with AarTransform
[        ] Transforming firebase-appcheck-interop-17.0.0.aar (com.google.firebase:firebase-appcheck-interop:17.0.0) with JetifyTransform
[        ] Transforming firebase-appcheck-interop-17.0.0.aar (com.google.firebase:firebase-appcheck-interop:17.0.0) with ExtractAarTransform
[        ] Transforming firebase-appcheck-interop-17.0.0.aar (com.google.firebase:firebase-appcheck-interop:17.0.0) with AarTransform
[        ] Transforming play-services-fido-20.1.0.aar (com.google.android.gms:play-services-fido:20.1.0) with JetifyTransform
[        ] Transforming play-services-fido-20.1.0.aar (com.google.android.gms:play-services-fido:20.1.0) with ExtractAarTransform
[        ] Transforming play-services-fido-20.1.0.aar (com.google.android.gms:play-services-fido:20.1.0) with AarTransform
[        ] Transforming play-services-fido-20.1.0.aar (com.google.android.gms:play-services-fido:20.1.0) with JetifyTransform
[        ] Transforming play-services-fido-20.1.0.aar (com.google.android.gms:play-services-fido:20.1.0) with ExtractAarTransform
[        ] Transforming play-services-fido-20.1.0.aar (com.google.android.gms:play-services-fido:20.1.0) with AarTransform
[        ] Transforming play-services-auth-base-18.0.4.aar (com.google.android.gms:play-services-auth-base:18.0.4) with JetifyTransform
[        ] Transforming play-services-auth-base-18.0.4.aar (com.google.android.gms:play-services-auth-base:18.0.4) with ExtractAarTransform
[        ] Transforming play-services-auth-base-18.0.4.aar (com.google.android.gms:play-services-auth-base:18.0.4) with AarTransform
[        ] Transforming play-services-base-18.0.1.aar (com.google.android.gms:play-services-base:18.0.1) with JetifyTransform
[        ] Transforming play-services-base-18.0.1.aar (com.google.android.gms:play-services-base:18.0.1) with ExtractAarTransform
[        ] Transforming play-services-base-18.0.1.aar (com.google.android.gms:play-services-base:18.0.1) with AarTransform
[        ] Transforming play-services-tasks-18.1.0.aar (com.google.android.gms:play-services-tasks:18.1.0) with JetifyTransform
[        ] Transforming play-services-tasks-18.1.0.aar (com.google.android.gms:play-services-tasks:18.1.0) with ExtractAarTransform
[        ] Transforming play-services-tasks-18.1.0.aar (com.google.android.gms:play-services-tasks:18.1.0) with AarTransform
[        ] Transforming play-services-tasks-18.1.0.aar (com.google.android.gms:play-services-tasks:18.1.0) with JetifyTransform
[        ] Transforming play-services-tasks-18.1.0.aar (com.google.android.gms:play-services-tasks:18.1.0) with ExtractAarTransform
[        ] Transforming play-services-tasks-18.1.0.aar (com.google.android.gms:play-services-tasks:18.1.0) with AarTransform
[        ] Transforming play-services-basement-18.3.0.aar (com.google.android.gms:play-services-basement:18.3.0) with JetifyTransform
[        ] Transforming play-services-basement-18.3.0.aar (com.google.android.gms:play-services-basement:18.3.0) with ExtractAarTransform
[        ] Transforming play-services-basement-18.3.0.aar (com.google.android.gms:play-services-basement:18.3.0) with AarTransform
[        ] Transforming fragment-1.1.0.aar (androidx.fragment:fragment:1.1.0) with JetifyTransform
[        ] Transforming fragment-1.1.0.aar (androidx.fragment:fragment:1.1.0) with ExtractAarTransform
[        ] Transforming fragment-1.1.0.aar (androidx.fragment:fragment:1.1.0) with AarTransform
[        ] Transforming fragment-1.1.0.aar (androidx.fragment:fragment:1.1.0) with JetifyTransform
[        ] Transforming fragment-1.1.0.aar (androidx.fragment:fragment:1.1.0) with ExtractAarTransform
[        ] Transforming fragment-1.1.0.aar (androidx.fragment:fragment:1.1.0) with AarTransform
[        ] Transforming browser-1.4.0.aar (androidx.browser:browser:1.4.0) with JetifyTransform
[        ] Transforming browser-1.4.0.aar (androidx.browser:browser:1.4.0) with ExtractAarTransform
[        ] Transforming browser-1.4.0.aar (androidx.browser:browser:1.4.0) with AarTransform
[        ] Transforming viewpager-1.0.0.aar (androidx.viewpager:viewpager:1.0.0) with JetifyTransform
[        ] Transforming viewpager-1.0.0.aar (androidx.viewpager:viewpager:1.0.0) with ExtractAarTransform
[        ] Transforming viewpager-1.0.0.aar (androidx.viewpager:viewpager:1.0.0) with AarTransform
[        ] Transforming loader-1.0.0.aar (androidx.loader:loader:1.0.0) with JetifyTransform
[        ] Transforming loader-1.0.0.aar (androidx.loader:loader:1.0.0) with ExtractAarTransform
[        ] Transforming loader-1.0.0.aar (androidx.loader:loader:1.0.0) with AarTransform
[        ] Transforming activity-1.0.0.aar (androidx.activity:activity:1.0.0) with JetifyTransform
[        ] Transforming activity-1.0.0.aar (androidx.activity:activity:1.0.0) with ExtractAarTransform
[        ] Transforming activity-1.0.0.aar (androidx.activity:activity:1.0.0) with AarTransform
[        ] Transforming customview-1.0.0.aar (androidx.customview:customview:1.0.0) with JetifyTransform
[        ] Transforming customview-1.0.0.aar (androidx.customview:customview:1.0.0) with ExtractAarTransform
[        ] Transforming customview-1.0.0.aar (androidx.customview:customview:1.0.0) with AarTransform
[        ] Transforming core-1.6.0.aar (androidx.core:core:1.6.0) with JetifyTransform
[        ] Transforming core-1.6.0.aar (androidx.core:core:1.6.0) with ExtractAarTransform
[        ] Transforming core-1.6.0.aar (androidx.core:core:1.6.0) with AarTransform
[        ] Transforming core-1.6.0.aar (androidx.core:core:1.6.0) with JetifyTransform
[        ] Transforming core-1.6.0.aar (androidx.core:core:1.6.0) with ExtractAarTransform
[        ] Transforming core-1.6.0.aar (androidx.core:core:1.6.0) with AarTransform
[        ] Transforming lifecycle-runtime-2.2.0.aar (androidx.lifecycle:lifecycle-runtime:2.2.0) with JetifyTransform
[        ] Transforming lifecycle-runtime-2.2.0.aar (androidx.lifecycle:lifecycle-runtime:2.2.0) with ExtractAarTransform
[        ] Transforming lifecycle-runtime-2.2.0.aar (androidx.lifecycle:lifecycle-runtime:2.2.0) with AarTransform
[        ] Transforming lifecycle-runtime-2.2.0.aar (androidx.lifecycle:lifecycle-runtime:2.2.0) with JetifyTransform
[        ] Transforming lifecycle-runtime-2.2.0.aar (androidx.lifecycle:lifecycle-runtime:2.2.0) with ExtractAarTransform
[        ] Transforming lifecycle-runtime-2.2.0.aar (androidx.lifecycle:lifecycle-runtime:2.2.0) with AarTransform
[        ] Transforming savedstate-1.0.0.aar (androidx.savedstate:savedstate:1.0.0) with JetifyTransform
[        ] Transforming savedstate-1.0.0.aar (androidx.savedstate:savedstate:1.0.0) with ExtractAarTransform
[        ] Transforming savedstate-1.0.0.aar (androidx.savedstate:savedstate:1.0.0) with AarTransform
[        ] Transforming lifecycle-livedata-2.0.0.aar (androidx.lifecycle:lifecycle-livedata:2.0.0) with JetifyTransform
[        ] Transforming lifecycle-livedata-2.0.0.aar (androidx.lifecycle:lifecycle-livedata:2.0.0) with ExtractAarTransform
[        ] Transforming lifecycle-livedata-2.0.0.aar (androidx.lifecycle:lifecycle-livedata:2.0.0) with AarTransform
[        ] Transforming lifecycle-livedata-core-2.0.0.aar (androidx.lifecycle:lifecycle-livedata-core:2.0.0) with JetifyTransform
[        ] Transforming lifecycle-livedata-core-2.0.0.aar (androidx.lifecycle:lifecycle-livedata-core:2.0.0) with ExtractAarTransform
[        ] Transforming lifecycle-livedata-core-2.0.0.aar (androidx.lifecycle:lifecycle-livedata-core:2.0.0) with AarTransform
[        ] Transforming tracing-1.0.0.aar (androidx.tracing:tracing:1.0.0) with JetifyTransform
[        ] Transforming tracing-1.0.0.aar (androidx.tracing:tracing:1.0.0) with ExtractAarTransform
[        ] Transforming tracing-1.0.0.aar (androidx.tracing:tracing:1.0.0) with AarTransform
[        ] Transforming localbroadcastmanager-1.0.0.aar (androidx.localbroadcastmanager:localbroadcastmanager:1.0.0) with JetifyTransform
[        ] Transforming localbroadcastmanager-1.0.0.aar (androidx.localbroadcastmanager:localbroadcastmanager:1.0.0) with ExtractAarTransform
[        ] Transforming localbroadcastmanager-1.0.0.aar (androidx.localbroadcastmanager:localbroadcastmanager:1.0.0) with AarTransform
[        ] Transforming firebase-components-18.0.0.aar (com.google.firebase:firebase-components:18.0.0) with JetifyTransform
[        ] Transforming firebase-components-18.0.0.aar (com.google.firebase:firebase-components:18.0.0) with ExtractAarTransform
[        ] Transforming firebase-components-18.0.0.aar (com.google.firebase:firebase-components:18.0.0) with AarTransform
[        ] Transforming core-runtime-2.0.0.aar (androidx.arch.core:core-runtime:2.0.0) with JetifyTransform
[        ] Transforming core-runtime-2.0.0.aar (androidx.arch.core:core-runtime:2.0.0) with ExtractAarTransform
[        ] Transforming core-runtime-2.0.0.aar (androidx.arch.core:core-runtime:2.0.0) with AarTransform
[        ] Transforming versionedparcelable-1.1.1.aar (androidx.versionedparcelable:versionedparcelable:1.1.1) with JetifyTransform
[        ] Transforming versionedparcelable-1.1.1.aar (androidx.versionedparcelable:versionedparcelable:1.1.1) with ExtractAarTransform
[        ] Transforming versionedparcelable-1.1.1.aar (androidx.versionedparcelable:versionedparcelable:1.1.1) with AarTransform
[        ] Transforming interpolator-1.0.0.aar (androidx.interpolator:interpolator:1.0.0) with JetifyTransform
[        ] Transforming interpolator-1.0.0.aar (androidx.interpolator:interpolator:1.0.0) with ExtractAarTransform
[        ] Transforming interpolator-1.0.0.aar (androidx.interpolator:interpolator:1.0.0) with AarTransform
[        ] Transforming lifecycle-viewmodel-2.1.0.aar (androidx.lifecycle:lifecycle-viewmodel:2.1.0) with JetifyTransform
[        ] Transforming lifecycle-viewmodel-2.1.0.aar (androidx.lifecycle:lifecycle-viewmodel:2.1.0) with ExtractAarTransform
[        ] Transforming lifecycle-viewmodel-2.1.0.aar (androidx.lifecycle:lifecycle-viewmodel:2.1.0) with AarTransform
[        ] Transforming annotation-experimental-1.1.0.aar (androidx.annotation:annotation-experimental:1.1.0) with JetifyTransform
[        ] Transforming annotation-experimental-1.1.0.aar (androidx.annotation:annotation-experimental:1.1.0) with ExtractAarTransform
[        ] Transforming annotation-experimental-1.1.0.aar (androidx.annotation:annotation-experimental:1.1.0) with AarTransform
[        ] Transforming firebase-auth-23.0.0.aar (com.google.firebase:firebase-auth:23.0.0) with JetifyTransform
[        ] Transforming firebase-auth-23.0.0.aar (com.google.firebase:firebase-auth:23.0.0) with ExtractAarTransform
[        ] Transforming firebase-auth-23.0.0.aar (com.google.firebase:firebase-auth:23.0.0) with AarTransform
[        ] Transforming firebase-common-ktx-21.0.0.aar (com.google.firebase:firebase-common-ktx:21.0.0) with JetifyTransform
[        ] Transforming firebase-common-ktx-21.0.0.aar (com.google.firebase:firebase-common-ktx:21.0.0) with ExtractAarTransform
[        ] Transforming firebase-common-ktx-21.0.0.aar (com.google.firebase:firebase-common-ktx:21.0.0) with AarTransform
[        ] Transforming credentials-1.2.0-rc01.aar (androidx.credentials:credentials:1.2.0-rc01) with JetifyTransform
[        ] Transforming credentials-1.2.0-rc01.aar (androidx.credentials:credentials:1.2.0-rc01) with ExtractAarTransform
[        ] Transforming credentials-1.2.0-rc01.aar (androidx.credentials:credentials:1.2.0-rc01) with AarTransform
[        ] Transforming credentials-1.2.0-rc01.aar (androidx.credentials:credentials:1.2.0-rc01) with JetifyTransform
[        ] Transforming credentials-1.2.0-rc01.aar (androidx.credentials:credentials:1.2.0-rc01) with ExtractAarTransform
[        ] Transforming credentials-1.2.0-rc01.aar (androidx.credentials:credentials:1.2.0-rc01) with AarTransform
[        ] Transforming credentials-play-services-auth-1.2.0-rc01.aar (androidx.credentials:credentials-play-services-auth:1.2.0-rc01) with JetifyTransform
[        ] Transforming credentials-play-services-auth-1.2.0-rc01.aar (androidx.credentials:credentials-play-services-auth:1.2.0-rc01) with ExtractAarTransform
[        ] Transforming credentials-play-services-auth-1.2.0-rc01.aar (androidx.credentials:credentials-play-services-auth:1.2.0-rc01) with AarTransform
[        ] Transforming googleid-1.1.0.aar (com.google.android.libraries.identity.googleid:googleid:1.1.0) with JetifyTransform
[        ] Transforming googleid-1.1.0.aar (com.google.android.libraries.identity.googleid:googleid:1.1.0) with ExtractAarTransform
[        ] Transforming googleid-1.1.0.aar (com.google.android.libraries.identity.googleid:googleid:1.1.0) with AarTransform
[        ] Transforming firebase-auth-interop-20.0.0.aar (com.google.firebase:firebase-auth-interop:20.0.0) with JetifyTransform
[        ] Transforming firebase-auth-interop-20.0.0.aar (com.google.firebase:firebase-auth-interop:20.0.0) with ExtractAarTransform
[        ] Transforming firebase-auth-interop-20.0.0.aar (com.google.firebase:firebase-auth-interop:20.0.0) with AarTransform
[        ] Transforming firebase-common-21.0.0.aar (com.google.firebase:firebase-common:21.0.0) with JetifyTransform
[        ] Transforming firebase-common-21.0.0.aar (com.google.firebase:firebase-common:21.0.0) with ExtractAarTransform
[        ] Transforming firebase-common-21.0.0.aar (com.google.firebase:firebase-common:21.0.0) with AarTransform
[        ] Transforming firebase-common-21.0.0.aar (com.google.firebase:firebase-common:21.0.0) with JetifyTransform
[        ] Transforming firebase-common-21.0.0.aar (com.google.firebase:firebase-common:21.0.0) with ExtractAarTransform
[        ] Transforming firebase-common-21.0.0.aar (com.google.firebase:firebase-common:21.0.0) with AarTransform
[        ] Transforming recaptcha-18.4.0.aar (com.google.android.recaptcha:recaptcha:18.4.0) with JetifyTransform
[        ] Transforming recaptcha-18.4.0.aar (com.google.android.recaptcha:recaptcha:18.4.0) with ExtractAarTransform
[        ] Transforming recaptcha-18.4.0.aar (com.google.android.recaptcha:recaptcha:18.4.0) with AarTransform
[        ] Transforming window-java-1.0.0-beta04.aar (androidx.window:window-java:1.0.0-beta04) with JetifyTransform
[        ] Transforming window-java-1.0.0-beta04.aar (androidx.window:window-java:1.0.0-beta04) with ExtractAarTransform
[        ] Transforming window-java-1.0.0-beta04.aar (androidx.window:window-java:1.0.0-beta04) with AarTransform
[        ] Transforming window-1.0.0-beta04.aar (androidx.window:window:1.0.0-beta04) with JetifyTransform
[        ] Transforming window-1.0.0-beta04.aar (androidx.window:window:1.0.0-beta04) with ExtractAarTransform
[        ] Transforming window-1.0.0-beta04.aar (androidx.window:window:1.0.0-beta04) with AarTransform
[        ] Transforming play-services-auth-20.7.0.aar (com.google.android.gms:play-services-auth:20.7.0) with JetifyTransform
[        ] Transforming play-services-auth-20.7.0.aar (com.google.android.gms:play-services-auth:20.7.0) with ExtractAarTransform
[        ] Transforming play-services-auth-20.7.0.aar (com.google.android.gms:play-services-auth:20.7.0) with AarTransform
[        ] Transforming play-services-auth-api-phone-18.0.2.aar (com.google.android.gms:play-services-auth-api-phone:18.0.2) with JetifyTransform
[        ] Transforming play-services-auth-api-phone-18.0.2.aar (com.google.android.gms:play-services-auth-api-phone:18.0.2) with ExtractAarTransform
[        ] Transforming play-services-auth-api-phone-18.0.2.aar (com.google.android.gms:play-services-auth-api-phone:18.0.2) with AarTransform
[        ] Transforming integrity-1.2.0.aar (com.google.android.play:integrity:1.2.0) with JetifyTransform
[        ] Transforming integrity-1.2.0.aar (com.google.android.play:integrity:1.2.0) with ExtractAarTransform
[        ] Transforming integrity-1.2.0.aar (com.google.android.play:integrity:1.2.0) with AarTransform
[        ] Transforming firebase-appcheck-interop-17.0.0.aar (com.google.firebase:firebase-appcheck-interop:17.0.0) with JetifyTransform
[        ] Transforming firebase-appcheck-interop-17.0.0.aar (com.google.firebase:firebase-appcheck-interop:17.0.0) with ExtractAarTransform
[        ] Transforming firebase-appcheck-interop-17.0.0.aar (com.google.firebase:firebase-appcheck-interop:17.0.0) with AarTransform
[        ] Transforming play-services-fido-20.1.0.aar (com.google.android.gms:play-services-fido:20.1.0) with JetifyTransform
[        ] Transforming play-services-fido-20.1.0.aar (com.google.android.gms:play-services-fido:20.1.0) with ExtractAarTransform
[        ] Transforming play-services-fido-20.1.0.aar (com.google.android.gms:play-services-fido:20.1.0) with AarTransform
[        ] Transforming play-services-fido-20.1.0.aar (com.google.android.gms:play-services-fido:20.1.0) with JetifyTransform
[        ] Transforming play-services-fido-20.1.0.aar (com.google.android.gms:play-services-fido:20.1.0) with ExtractAarTransform
[        ] Transforming play-services-fido-20.1.0.aar (com.google.android.gms:play-services-fido:20.1.0) with AarTransform
[        ] Transforming play-services-auth-base-18.0.4.aar (com.google.android.gms:play-services-auth-base:18.0.4) with JetifyTransform
[        ] Transforming play-services-auth-base-18.0.4.aar (com.google.android.gms:play-services-auth-base:18.0.4) with ExtractAarTransform
[        ] Transforming play-services-auth-base-18.0.4.aar (com.google.android.gms:play-services-auth-base:18.0.4) with AarTransform
[        ] Transforming play-services-base-18.0.1.aar (com.google.android.gms:play-services-base:18.0.1) with JetifyTransform
[        ] Transforming play-services-base-18.0.1.aar (com.google.android.gms:play-services-base:18.0.1) with ExtractAarTransform
[        ] Transforming play-services-base-18.0.1.aar (com.google.android.gms:play-services-base:18.0.1) with AarTransform
[        ] Transforming play-services-tasks-18.1.0.aar (com.google.android.gms:play-services-tasks:18.1.0) with JetifyTransform
[        ] Transforming play-services-tasks-18.1.0.aar (com.google.android.gms:play-services-tasks:18.1.0) with ExtractAarTransform
[        ] Transforming play-services-tasks-18.1.0.aar (com.google.android.gms:play-services-tasks:18.1.0) with AarTransform
[        ] Transforming play-services-tasks-18.1.0.aar (com.google.android.gms:play-services-tasks:18.1.0) with JetifyTransform
[        ] Transforming play-services-tasks-18.1.0.aar (com.google.android.gms:play-services-tasks:18.1.0) with ExtractAarTransform
[        ] Transforming play-services-tasks-18.1.0.aar (com.google.android.gms:play-services-tasks:18.1.0) with AarTransform
[        ] Transforming play-services-basement-18.3.0.aar (com.google.android.gms:play-services-basement:18.3.0) with JetifyTransform
[        ] Transforming play-services-basement-18.3.0.aar (com.google.android.gms:play-services-basement:18.3.0) with ExtractAarTransform
[        ] Transforming play-services-basement-18.3.0.aar (com.google.android.gms:play-services-basement:18.3.0) with AarTransform
[        ] Transforming fragment-1.1.0.aar (androidx.fragment:fragment:1.1.0) with JetifyTransform
[        ] Transforming fragment-1.1.0.aar (androidx.fragment:fragment:1.1.0) with ExtractAarTransform
[        ] Transforming fragment-1.1.0.aar (androidx.fragment:fragment:1.1.0) with AarTransform
[        ] Transforming fragment-1.1.0.aar (androidx.fragment:fragment:1.1.0) with JetifyTransform
[        ] Transforming fragment-1.1.0.aar (androidx.fragment:fragment:1.1.0) with ExtractAarTransform
[        ] Transforming fragment-1.1.0.aar (androidx.fragment:fragment:1.1.0) with AarTransform
[        ] Transforming browser-1.4.0.aar (androidx.browser:browser:1.4.0) with JetifyTransform
[        ] Transforming browser-1.4.0.aar (androidx.browser:browser:1.4.0) with ExtractAarTransform
[        ] Transforming browser-1.4.0.aar (androidx.browser:browser:1.4.0) with AarTransform
[        ] Transforming viewpager-1.0.0.aar (androidx.viewpager:viewpager:1.0.0) with JetifyTransform
[        ] Transforming viewpager-1.0.0.aar (androidx.viewpager:viewpager:1.0.0) with ExtractAarTransform
[        ] Transforming viewpager-1.0.0.aar (androidx.viewpager:viewpager:1.0.0) with AarTransform
[        ] Transforming loader-1.0.0.aar (androidx.loader:loader:1.0.0) with JetifyTransform
[        ] Transforming loader-1.0.0.aar (androidx.loader:loader:1.0.0) with ExtractAarTransform
[        ] Transforming loader-1.0.0.aar (androidx.loader:loader:1.0.0) with AarTransform
[        ] Transforming activity-1.0.0.aar (androidx.activity:activity:1.0.0) with JetifyTransform
[        ] Transforming activity-1.0.0.aar (androidx.activity:activity:1.0.0) with ExtractAarTransform
[        ] Transforming activity-1.0.0.aar (androidx.activity:activity:1.0.0) with AarTransform
[        ] Transforming customview-1.0.0.aar (androidx.customview:customview:1.0.0) with JetifyTransform
[        ] Transforming customview-1.0.0.aar (androidx.customview:customview:1.0.0) with ExtractAarTransform
[        ] Transforming customview-1.0.0.aar (androidx.customview:customview:1.0.0) with AarTransform
[        ] Transforming core-1.6.0.aar (androidx.core:core:1.6.0) with JetifyTransform
[        ] Transforming core-1.6.0.aar (androidx.core:core:1.6.0) with ExtractAarTransform
[        ] Transforming core-1.6.0.aar (androidx.core:core:1.6.0) with AarTransform
[        ] Transforming core-1.6.0.aar (androidx.core:core:1.6.0) with JetifyTransform
[        ] Transforming core-1.6.0.aar (androidx.core:core:1.6.0) with ExtractAarTransform
[        ] Transforming core-1.6.0.aar (androidx.core:core:1.6.0) with AarTransform
[        ] Transforming lifecycle-runtime-2.2.0.aar (androidx.lifecycle:lifecycle-runtime:2.2.0) with JetifyTransform
[        ] Transforming lifecycle-runtime-2.2.0.aar (androidx.lifecycle:lifecycle-runtime:2.2.0) with ExtractAarTransform
[        ] Transforming lifecycle-runtime-2.2.0.aar (androidx.lifecycle:lifecycle-runtime:2.2.0) with AarTransform
[        ] Transforming lifecycle-runtime-2.2.0.aar (androidx.lifecycle:lifecycle-runtime:2.2.0) with JetifyTransform
[        ] Transforming lifecycle-runtime-2.2.0.aar (androidx.lifecycle:lifecycle-runtime:2.2.0) with ExtractAarTransform
[        ] Transforming lifecycle-runtime-2.2.0.aar (androidx.lifecycle:lifecycle-runtime:2.2.0) with AarTransform
[        ] Transforming savedstate-1.0.0.aar (androidx.savedstate:savedstate:1.0.0) with JetifyTransform
[        ] Transforming savedstate-1.0.0.aar (androidx.savedstate:savedstate:1.0.0) with ExtractAarTransform
[        ] Transforming savedstate-1.0.0.aar (androidx.savedstate:savedstate:1.0.0) with AarTransform
[        ] Transforming lifecycle-livedata-2.0.0.aar (androidx.lifecycle:lifecycle-livedata:2.0.0) with JetifyTransform
[        ] Transforming lifecycle-livedata-2.0.0.aar (androidx.lifecycle:lifecycle-livedata:2.0.0) with ExtractAarTransform
[        ] Transforming lifecycle-livedata-2.0.0.aar (androidx.lifecycle:lifecycle-livedata:2.0.0) with AarTransform
[        ] Transforming lifecycle-livedata-core-2.0.0.aar (androidx.lifecycle:lifecycle-livedata-core:2.0.0) with JetifyTransform
[        ] Transforming lifecycle-livedata-core-2.0.0.aar (androidx.lifecycle:lifecycle-livedata-core:2.0.0) with ExtractAarTransform
[        ] Transforming lifecycle-livedata-core-2.0.0.aar (androidx.lifecycle:lifecycle-livedata-core:2.0.0) with AarTransform
[        ] Transforming tracing-1.0.0.aar (androidx.tracing:tracing:1.0.0) with JetifyTransform
[        ] Transforming tracing-1.0.0.aar (androidx.tracing:tracing:1.0.0) with ExtractAarTransform
[        ] Transforming tracing-1.0.0.aar (androidx.tracing:tracing:1.0.0) with AarTransform
[        ] Transforming localbroadcastmanager-1.0.0.aar (androidx.localbroadcastmanager:localbroadcastmanager:1.0.0) with JetifyTransform
[        ] Transforming localbroadcastmanager-1.0.0.aar (androidx.localbroadcastmanager:localbroadcastmanager:1.0.0) with ExtractAarTransform
[        ] Transforming localbroadcastmanager-1.0.0.aar (androidx.localbroadcastmanager:localbroadcastmanager:1.0.0) with AarTransform
[        ] Transforming firebase-components-18.0.0.aar (com.google.firebase:firebase-components:18.0.0) with JetifyTransform
[        ] Transforming firebase-components-18.0.0.aar (com.google.firebase:firebase-components:18.0.0) with ExtractAarTransform
[        ] Transforming firebase-components-18.0.0.aar (com.google.firebase:firebase-components:18.0.0) with AarTransform
[        ] Transforming core-runtime-2.0.0.aar (androidx.arch.core:core-runtime:2.0.0) with JetifyTransform
[        ] Transforming core-runtime-2.0.0.aar (androidx.arch.core:core-runtime:2.0.0) with ExtractAarTransform
[        ] Transforming core-runtime-2.0.0.aar (androidx.arch.core:core-runtime:2.0.0) with AarTransform
[        ] Transforming versionedparcelable-1.1.1.aar (androidx.versionedparcelable:versionedparcelable:1.1.1) with JetifyTransform
[        ] Transforming versionedparcelable-1.1.1.aar (androidx.versionedparcelable:versionedparcelable:1.1.1) with ExtractAarTransform
[        ] Transforming versionedparcelable-1.1.1.aar (androidx.versionedparcelable:versionedparcelable:1.1.1) with AarTransform
[        ] Transforming interpolator-1.0.0.aar (androidx.interpolator:interpolator:1.0.0) with JetifyTransform
[        ] Transforming interpolator-1.0.0.aar (androidx.interpolator:interpolator:1.0.0) with ExtractAarTransform
[        ] Transforming interpolator-1.0.0.aar (androidx.interpolator:interpolator:1.0.0) with AarTransform
[        ] Transforming lifecycle-viewmodel-2.1.0.aar (androidx.lifecycle:lifecycle-viewmodel:2.1.0) with JetifyTransform
[        ] Transforming lifecycle-viewmodel-2.1.0.aar (androidx.lifecycle:lifecycle-viewmodel:2.1.0) with ExtractAarTransform
[        ] Transforming lifecycle-viewmodel-2.1.0.aar (androidx.lifecycle:lifecycle-viewmodel:2.1.0) with AarTransform
[        ] Transforming annotation-experimental-1.1.0.aar (androidx.annotation:annotation-experimental:1.1.0) with JetifyTransform
[        ] Transforming annotation-experimental-1.1.0.aar (androidx.annotation:annotation-experimental:1.1.0) with ExtractAarTransform
[        ] Transforming annotation-experimental-1.1.0.aar (androidx.annotation:annotation-experimental:1.1.0) with AarTransform
[        ] Caching disabled for task ':app:processReleaseMainManifest' because:
[        ]   Build cache is disabled
[        ] Task ':app:processReleaseMainManifest' is not up-to-date because:
[        ]   Task has failed previously.
[        ] Loading library manifest C:\Users\User\Desktop\Codes Folder\fluttertest1\alhora_app\alhora_project\build\firebase_auth\intermediates\merged_manifest\release\AndroidManifest.xml
[        ] Loading library manifest C:\Users\User\Desktop\Codes Folder\fluttertest1\alhora_app\alhora_project\build\firebase_core\intermediates\merged_manifest\release\AndroidManifest.xml
[        ] Loading library manifest C:\Users\User\Desktop\Codes Folder\fluttertest1\alhora_app\alhora_project\build\path_provider_android\intermediates\merged_manifest\release\AndroidManifest.xml
[        ] Loading library manifest C:\Users\User\.gradle\caches\transforms-3\37568d0a2cb6d82fdc53ed4f39062bbf\transformed\jetified-firebase-auth-23.0.0\AndroidManifest.xml
[        ] Loading library manifest C:\Users\User\.gradle\caches\transforms-3\ecb99453ec6ea4b6c6e830b4f7ad4932\transformed\jetified-firebase-common-ktx-21.0.0\AndroidManifest.xml
[        ] Loading library manifest C:\Users\User\.gradle\caches\transforms-3\ba074544466dc6d58c67266193c2a1eb\transformed\jetified-credentials-1.2.0-rc01\AndroidManifest.xml
[        ] Loading library manifest C:\Users\User\.gradle\caches\transforms-3\b7e37e73d9b63a153a45594ab39b53a9\transformed\jetified-credentials-play-services-auth-1.2.0-rc01\AndroidManifest.xml
[        ] Loading library manifest C:\Users\User\.gradle\caches\transforms-3\bca0457c1ae1bb8b8862ed48e9c46c56\transformed\jetified-googleid-1.1.0\AndroidManifest.xml
[        ] Loading library manifest C:\Users\User\.gradle\caches\transforms-3\ca89f0f0a58714c44eb21f9b14933772\transformed\jetified-firebase-auth-interop-20.0.0\AndroidManifest.xml
[        ] Loading library manifest C:\Users\User\.gradle\caches\transforms-3\bb5dd83b2d2d046e8c4935e384b62dda\transformed\jetified-firebase-common-21.0.0\AndroidManifest.xml
[        ] Loading library manifest C:\Users\User\.gradle\caches\transforms-3\2a1719f39327a1fbf0919f146a6d98f8\transformed\jetified-recaptcha-18.4.0\AndroidManifest.xml
[        ] Loading library manifest C:\Users\User\.gradle\caches\transforms-3\2a215381204751055df81b6269e717b7\transformed\jetified-window-java-1.0.0-beta04\AndroidManifest.xml
[        ] Loading library manifest C:\Users\User\.gradle\caches\transforms-3\f302e75fb7efd781bcf1a29281c188da\transformed\jetified-window-1.0.0-beta04\AndroidManifest.xml
[        ] Loading library manifest C:\Users\User\.gradle\caches\transforms-3\43ffeca049b7d0641ef64cba78326dcb\transformed\jetified-play-services-auth-20.7.0\AndroidManifest.xml
[        ] Loading library manifest C:\Users\User\.gradle\caches\transforms-3\b9395662b5a0ac37ee154554295c28e7\transformed\jetified-play-services-auth-api-phone-18.0.2\AndroidManifest.xml
[        ] Loading library manifest C:\Users\User\.gradle\caches\transforms-3\843f494e2db7859e9d249df47f1f9bc5\transformed\jetified-integrity-1.2.0\AndroidManifest.xml
[        ] Loading library manifest C:\Users\User\.gradle\caches\transforms-3\0cd8229020d2efe47b48a065a0fa6966\transformed\jetified-firebase-appcheck-interop-17.0.0\AndroidManifest.xml
[        ] Loading library manifest C:\Users\User\.gradle\caches\transforms-3\4d6b5f5644656d3f4bae428c1deb82d5\transformed\jetified-play-services-fido-20.1.0\AndroidManifest.xml
[        ] Loading library manifest C:\Users\User\.gradle\caches\transforms-3\337b264a5bba3108bd22302f49aab0a7\transformed\jetified-play-services-auth-base-18.0.4\AndroidManifest.xml
[        ] Loading library manifest C:\Users\User\.gradle\caches\transforms-3\3b2d428fede6c5e3dd9018d5c02cc047\transformed\jetified-play-services-base-18.0.1\AndroidManifest.xml
[        ] Loading library manifest C:\Users\User\.gradle\caches\transforms-3\44f57253df7e823d3ac1ba5cc28de8ce\transformed\jetified-play-services-tasks-18.1.0\AndroidManifest.xml
[        ] Loading library manifest C:\Users\User\.gradle\caches\transforms-3\a43f60338762a20514d953a92576aa3e\transformed\jetified-play-services-basement-18.3.0\AndroidManifest.xml
[        ] Loading library manifest C:\Users\User\.gradle\caches\transforms-3\2c78d49fbcc625202f50a9334fbc9153\transformed\fragment-1.1.0\AndroidManifest.xml
[        ] Loading library manifest C:\Users\User\.gradle\caches\transforms-3\9e21393e56dad810e6acf757fb1eb53d\transformed\browser-1.4.0\AndroidManifest.xml
[        ] Loading library manifest C:\Users\User\.gradle\caches\transforms-3\eeb3b3d28863e46e8405d58b4e4ce9b4\transformed\viewpager-1.0.0\AndroidManifest.xml
[        ] Loading library manifest C:\Users\User\.gradle\caches\transforms-3\3dd24de0bfb0a58b7b0437cba93312a0\transformed\loader-1.0.0\AndroidManifest.xml
[        ] Loading library manifest C:\Users\User\.gradle\caches\transforms-3\2c2f80c55af76014382db5b05e19a11d\transformed\jetified-activity-1.0.0\AndroidManifest.xml
[        ] Loading library manifest C:\Users\User\.gradle\caches\transforms-3\e7089abc1d97d688192104f9e7c95213\transformed\customview-1.0.0\AndroidManifest.xml
[        ] Loading library manifest C:\Users\User\.gradle\caches\transforms-3\284a410c767ad6c7a2b0ffc8d8d85981\transformed\core-1.6.0\AndroidManifest.xml
[        ] Loading library manifest C:\Users\User\.gradle\caches\transforms-3\c90cbb536a765d0aacc835582ca9a629\transformed\lifecycle-runtime-2.2.0\AndroidManifest.xml
[        ] Loading library manifest C:\Users\User\.gradle\caches\transforms-3\7e968ee3de5b95fbce078b3b96a22dc0\transformed\jetified-savedstate-1.0.0\AndroidManifest.xml
[        ] Loading library manifest C:\Users\User\.gradle\caches\transforms-3\d128b5c60f72b4cfbf02fb59bd328cf2\transformed\lifecycle-livedata-2.0.0\AndroidManifest.xml
[        ] Loading library manifest C:\Users\User\.gradle\caches\transforms-3\b3438430136e517af4eefbca91892301\transformed\lifecycle-livedata-core-2.0.0\AndroidManifest.xml
[        ] Loading library manifest C:\Users\User\.gradle\caches\transforms-3\bb8521d17d051bfde5328e053af79289\transformed\jetified-tracing-1.0.0\AndroidManifest.xml
[        ] Loading library manifest C:\Users\User\.gradle\caches\transforms-3\fb2b2c2b19a18e5bd06d6814beb025dd\transformed\localbroadcastmanager-1.0.0\AndroidManifest.xml
[        ] Loading library manifest C:\Users\User\.gradle\caches\transforms-3\9cdfc7195246f8265e68c312de57c609\transformed\jetified-firebase-components-18.0.0\AndroidManifest.xml
[        ] Loading library manifest C:\Users\User\.gradle\caches\transforms-3\6215b4bd78f4714ee01c803dc871408f\transformed\core-runtime-2.0.0\AndroidManifest.xml
[        ] Loading library manifest C:\Users\User\.gradle\caches\transforms-3\17b52f3ce5be01faa0d2efabbb4c4451\transformed\versionedparcelable-1.1.1\AndroidManifest.xml
[        ] Loading library manifest C:\Users\User\.gradle\caches\transforms-3\b9c5a11634d8068a0d3a82731f07a468\transformed\interpolator-1.0.0\AndroidManifest.xml
[        ] Loading library manifest C:\Users\User\.gradle\caches\transforms-3\1df962ed8245cc6ecc6dae80a3756f32\transformed\lifecycle-viewmodel-2.1.0\AndroidManifest.xml
[        ] Loading library manifest C:\Users\User\.gradle\caches\transforms-3\3d2f03fc996c2e0aa3dee5cfa3002cd1\transformed\jetified-annotation-experimental-1.1.0\AndroidManifest.xml
[        ] Merging main manifest C:\Users\User\Desktop\Codes Folder\fluttertest1\alhora_app\alhora_project\android\app\src\main\AndroidManifest.xml
[        ] Merging library manifest C:\Users\User\Desktop\Codes Folder\fluttertest1\alhora_app\alhora_project\build\firebase_auth\intermediates\merged_manifest\release\AndroidManifest.xml
[        ] Merging manifest with lower [:firebase_auth] AndroidManifest.xml:2:1-17:12
[        ] uses-sdk defined in both files...
[        ] Merging uses-sdk with lower [:firebase_auth] AndroidManifest.xml:5:5-7:41
[        ] application defined in both files...
[        ] Merging application with lower [:firebase_auth] AndroidManifest.xml:9:5-15:19
[        ] Adopted [service: null]
[        ] Merging result: ERROR
[        ] -- Merging decision tree log ---
[        ] application
[        ] INJECTED from C:\Users\User\Desktop\Codes Folder\fluttertest1\alhora_app\alhora_project\android\app\src\main\AndroidManifest.xml:2:5-33:19
[        ] MERGED from [:firebase_auth] C:\Users\User\Desktop\Codes Folder\fluttertest1\alhora_app\alhora_project\build\firebase_auth\intermediates\merged_manifest\release\AndroidManifest.xml:9:5-15:19
[        ] MERGED from [:firebase_auth] C:\Users\User\Desktop\Codes Folder\fluttertest1\alhora_app\alhora_project\build\firebase_auth\intermediates\merged_manifest\release\AndroidManifest.xml:9:5-15:19
[        ] 	android:label
[        ] 		ADDED from C:\Users\User\Desktop\Codes Folder\fluttertest1\alhora_app\alhora_project\android\app\src\main\AndroidManifest.xml:3:9-39
[        ] 	android:icon
[        ] 		ADDED from C:\Users\User\Desktop\Codes Folder\fluttertest1\alhora_app\alhora_project\android\app\src\main\AndroidManifest.xml:5:9-43
[        ] 	android:name
[        ] 		INJECTED from C:\Users\User\Desktop\Codes Folder\fluttertest1\alhora_app\alhora_project\android\app\src\main\AndroidManifest.xml
[        ] 		ADDED from C:\Users\User\Desktop\Codes Folder\fluttertest1\alhora_app\alhora_project\android\app\src\main\AndroidManifest.xml:4:9-42
[        ] manifest
[        ] ADDED from C:\Users\User\Desktop\Codes Folder\fluttertest1\alhora_app\alhora_project\android\app\src\main\AndroidManifest.xml:1:1-45:12
[        ] INJECTED from C:\Users\User\Desktop\Codes Folder\fluttertest1\alhora_app\alhora_project\android\app\src\main\AndroidManifest.xml:1:1-45:12
[        ] INJECTED from C:\Users\User\Desktop\Codes Folder\fluttertest1\alhora_app\alhora_project\android\app\src\main\AndroidManifest.xml:1:1-45:12
[        ] INJECTED from C:\Users\User\Desktop\Codes Folder\fluttertest1\alhora_app\alhora_project\android\app\src\main\AndroidManifest.xml:1:1-45:12
[        ] MERGED from [:firebase_auth] C:\Users\User\Desktop\Codes Folder\fluttertest1\alhora_app\alhora_project\build\firebase_auth\intermediates\merged_manifest\release\AndroidManifest.xml:2:1-17:12
[        ] 	package
[        ] 		INJECTED from C:\Users\User\Desktop\Codes Folder\fluttertest1\alhora_app\alhora_project\android\app\src\main\AndroidManifest.xml
[        ] 		ADDED from C:\Users\User\Desktop\Codes Folder\fluttertest1\alhora_app\alhora_project\android\app\src\main\AndroidManifest.xml:1:1-45:12
[        ] 	android:versionName
[        ] 		INJECTED from C:\Users\User\Desktop\Codes Folder\fluttertest1\alhora_app\alhora_project\android\app\src\main\AndroidManifest.xml
[        ] 		ADDED from C:\Users\User\Desktop\Codes Folder\fluttertest1\alhora_app\alhora_project\android\app\src\main\AndroidManifest.xml:1:1-45:12
[        ] 	android:versionCode
[        ] 		INJECTED from C:\Users\User\Desktop\Codes Folder\fluttertest1\alhora_app\alhora_project\android\app\src\main\AndroidManifest.xml
[        ] 		ADDED from C:\Users\User\Desktop\Codes Folder\fluttertest1\alhora_app\alhora_project\android\app\src\main\AndroidManifest.xml:1:1-45:12
[        ] 	xmlns:android
[        ] 		ADDED from C:\Users\User\Desktop\Codes Folder\fluttertest1\alhora_app\alhora_project\android\app\src\main\AndroidManifest.xml:1:11-69
[        ] queries
[        ] ADDED from C:\Users\User\Desktop\Codes Folder\fluttertest1\alhora_app\alhora_project\android\app\src\main\AndroidManifest.xml:39:5-44:15
[        ] intent#action:name:android.intent.action.PROCESS_TEXT+data:mimeType:text/plain
[        ] ADDED from C:\Users\User\Desktop\Codes Folder\fluttertest1\alhora_app\alhora_project\android\app\src\main\AndroidManifest.xml:40:9-43:18
[        ] action#android.intent.action.PROCESS_TEXT
[        ] ADDED from C:\Users\User\Desktop\Codes Folder\fluttertest1\alhora_app\alhora_project\android\app\src\main\AndroidManifest.xml:41:13-72
[        ] 	android:name
[        ] 		ADDED from C:\Users\User\Desktop\Codes Folder\fluttertest1\alhora_app\alhora_project\android\app\src\main\AndroidManifest.xml:41:21-70
[        ] data
[        ] ADDED from C:\Users\User\Desktop\Codes Folder\fluttertest1\alhora_app\alhora_project\android\app\src\main\AndroidManifest.xml:42:13-50
[        ] 	android:mimeType
[        ] 		ADDED from C:\Users\User\Desktop\Codes Folder\fluttertest1\alhora_app\alhora_project\android\app\src\main\AndroidManifest.xml:42:19-48
[        ] uses-sdk
[        ] INJECTED from C:\Users\User\Desktop\Codes Folder\fluttertest1\alhora_app\alhora_project\android\app\src\main\AndroidManifest.xml reason: use-sdk injection requested
[        ] INJECTED from C:\Users\User\Desktop\Codes Folder\fluttertest1\alhora_app\alhora_project\android\app\src\main\AndroidManifest.xml
[        ] INJECTED from C:\Users\User\Desktop\Codes Folder\fluttertest1\alhora_app\alhora_project\android\app\src\main\AndroidManifest.xml
[        ] MERGED from [:firebase_auth] C:\Users\User\Desktop\Codes Folder\fluttertest1\alhora_app\alhora_project\build\firebase_auth\intermediates\merged_manifest\release\AndroidManifest.xml:5:5-7:41
[        ] MERGED from [:firebase_auth] C:\Users\User\Desktop\Codes Folder\fluttertest1\alhora_app\alhora_project\build\firebase_auth\intermediates\merged_manifest\release\AndroidManifest.xml:5:5-7:41
[        ] 	android:targetSdkVersion
[        ] 		INJECTED from C:\Users\User\Desktop\Codes Folder\fluttertest1\alhora_app\alhora_project\android\app\src\main\AndroidManifest.xml
[        ] 		ADDED from C:\Users\User\Desktop\Codes Folder\fluttertest1\alhora_app\alhora_project\android\app\src\main\AndroidManifest.xml
[        ] 	android:minSdkVersion
[        ] 		INJECTED from C:\Users\User\Desktop\Codes Folder\fluttertest1\alhora_app\alhora_project\android\app\src\main\AndroidManifest.xml
[        ] 		ADDED from C:\Users\User\Desktop\Codes Folder\fluttertest1\alhora_app\alhora_project\android\app\src\main\AndroidManifest.xml
[        ] activity#com.alhorra.app.MainActivity
[        ] ADDED from C:\Users\User\Desktop\Codes Folder\fluttertest1\alhora_app\alhora_project\android\app\src\main\AndroidManifest.xml:6:9-27:20
[        ] 	android:launchMode
[        ] 		ADDED from C:\Users\User\Desktop\Codes Folder\fluttertest1\alhora_app\alhora_project\android\app\src\main\AndroidManifest.xml:9:13-43
[        ] 	android:hardwareAccelerated
[        ] 		ADDED from C:\Users\User\Desktop\Codes Folder\fluttertest1\alhora_app\alhora_project\android\app\src\main\AndroidManifest.xml:13:13-47
[        ] 	android:windowSoftInputMode
[        ] 		ADDED from C:\Users\User\Desktop\Codes Folder\fluttertest1\alhora_app\alhora_project\android\app\src\main\AndroidManifest.xml:14:13-55
[        ] 	android:exported
[        ] 		ADDED from C:\Users\User\Desktop\Codes Folder\fluttertest1\alhora_app\alhora_project\android\app\src\main\AndroidManifest.xml:8:13-36
[        ] 	android:configChanges
[        ] 		ADDED from C:\Users\User\Desktop\Codes Folder\fluttertest1\alhora_app\alhora_project\android\app\src\main\AndroidManifest.xml:12:13-163
[        ] 	android:theme
[        ] 		ADDED from C:\Users\User\Desktop\Codes Folder\fluttertest1\alhora_app\alhora_project\android\app\src\main\AndroidManifest.xml:11:13-47
[        ] 	android:taskAffinity
[        ] 		ADDED from C:\Users\User\Desktop\Codes Folder\fluttertest1\alhora_app\alhora_project\android\app\src\main\AndroidManifest.xml:10:13-36
[        ] 	android:name
[        ] 		ADDED from C:\Users\User\Desktop\Codes Folder\fluttertest1\alhora_app\alhora_project\android\app\src\main\AndroidManifest.xml:7:13-41
[        ] meta-data#io.flutter.embedding.android.NormalTheme
[        ] ADDED from C:\Users\User\Desktop\Codes Folder\fluttertest1\alhora_app\alhora_project\android\app\src\main\AndroidManifest.xml:19:13-22:17
[        ] 	android:resource
[        ] 		ADDED from C:\Users\User\Desktop\Codes Folder\fluttertest1\alhora_app\alhora_project\android\app\src\main\AndroidManifest.xml:21:15-52
[        ] 	android:name
[        ] 		ADDED from C:\Users\User\Desktop\Codes Folder\fluttertest1\alhora_app\alhora_project\android\app\src\main\AndroidManifest.xml:20:15-70
[        ] intent-filter#action:name:android.intent.action.MAIN+category:name:android.intent.category.LAUNCHER
[        ] ADDED from C:\Users\User\Desktop\Codes Folder\fluttertest1\alhora_app\alhora_project\android\app\src\main\AndroidManifest.xml:23:13-26:29
[        ] action#android.intent.action.MAIN
[        ] ADDED from C:\Users\User\Desktop\Codes Folder\fluttertest1\alhora_app\alhora_project\android\app\src\main\AndroidManifest.xml:24:17-68
[        ] 	android:name
[        ] 		ADDED from C:\Users\User\Desktop\Codes Folder\fluttertest1\alhora_app\alhora_project\android\app\src\main\AndroidManifest.xml:24:25-66
[        ] category#android.intent.category.LAUNCHER
[        ] ADDED from C:\Users\User\Desktop\Codes Folder\fluttertest1\alhora_app\alhora_project\android\app\src\main\AndroidManifest.xml:25:17-76
[        ] 	android:name
[        ] 		ADDED from C:\Users\User\Desktop\Codes Folder\fluttertest1\alhora_app\alhora_project\android\app\src\main\AndroidManifest.xml:25:27-74
[        ] meta-data#flutterEmbedding
[        ] ADDED from C:\Users\User\Desktop\Codes Folder\fluttertest1\alhora_app\alhora_project\android\app\src\main\AndroidManifest.xml:30:9-32:33
[        ] 	android:value
[        ] 		ADDED from C:\Users\User\Desktop\Codes Folder\fluttertest1\alhora_app\alhora_project\android\app\src\main\AndroidManifest.xml:32:13-30
[        ] 	android:name
[        ] 		ADDED from C:\Users\User\Desktop\Codes Folder\fluttertest1\alhora_app\alhora_project\android\app\src\main\AndroidManifest.xml:31:13-44
[        ] service#com.google.firebase.components.ComponentDiscoveryService
[        ] ADDED from [:firebase_auth] C:\Users\User\Desktop\Codes Folder\fluttertest1\alhora_app\alhora_project\build\firebase_auth\intermediates\merged_manifest\release\AndroidManifest.xml:10:9-14:19
[        ] 	android:name
[        ] 		ADDED from [:firebase_auth] C:\Users\User\Desktop\Codes Folder\fluttertest1\alhora_app\alhora_project\build\firebase_auth\intermediates\merged_manifest\release\AndroidManifest.xml:10:18-89
[        ] meta-data#com.google.firebase.components:io.flutter.plugins.firebase.auth.FlutterFirebaseAuthRegistrar
[        ] ADDED from [:firebase_auth] C:\Users\User\Desktop\Codes Folder\fluttertest1\alhora_app\alhora_project\build\firebase_auth\intermediates\merged_manifest\release\AndroidManifest.xml:11:13-13:85
[        ] 	android:value
[        ] 		ADDED from [:firebase_auth] C:\Users\User\Desktop\Codes Folder\fluttertest1\alhora_app\alhora_project\build\firebase_auth\intermediates\merged_manifest\release\AndroidManifest.xml:13:17-82
[        ] 	android:name
[        ] 		ADDED from [:firebase_auth] C:\Users\User\Desktop\Codes Folder\fluttertest1\alhora_app\alhora_project\build\firebase_auth\intermediates\merged_manifest\release\AndroidManifest.xml:12:17-124
[        ] See http://g.co/androidstudio/manifest-merger for more information about the manifest merger.
[        ] Resolve mutations for :app:writeReleaseApplicationId (Thread[Execution worker Thread 4,5,main]) started.
[        ] :app:writeReleaseApplicationId (Thread[Execution worker Thread 4,5,main]) started.
[        ] > Task :app:writeReleaseApplicationId UP-TO-DATE
[        ] Caching disabled for task ':app:writeReleaseApplicationId' because:
[        ]   Build cache is disabled
[        ] Skipping task ':app:writeReleaseApplicationId' as it is up-to-date.
[        ] Resolve mutations for :app:analyticsRecordingRelease (Thread[Execution worker Thread 4,5,main]) started.
[        ] :app:analyticsRecordingRelease (Thread[Execution worker Thread 4,5,main]) started.
[        ] > Task :app:analyticsRecordingRelease
[        ] Caching disabled for task ':app:analyticsRecordingRelease' because:
[        ]   Build cache is disabled
[        ] Task ':app:analyticsRecordingRelease' is not up-to-date because:
[        ]   Task.upToDateWhen is false.
[        ] 92 actionable tasks: 5 executed, 87 up-to-date
[        ] Watched directory hierarchies: [C:\Users\User\Desktop\flutter\packages\flutter_tools\gradle, C:\Users\User\Desktop\Codes Folder\fluttertest1\alhora_app\alhora_project\android]
[ +381 ms] Running Gradle task 'assembleRelease'... (completed in 3.1s)
[   +9 ms] 
           ΓöîΓöÇ Flutter Fix ΓöÇΓöÇΓöÇΓöÇΓöÇΓöÇΓöÇΓöÇΓöÇΓöÇΓöÇΓöÇΓöÇΓöÇΓöÇΓöÇΓöÇΓöÇΓöÇΓöÇΓöÇΓöÇΓöÇΓöÇΓöÇΓöÇΓöÇΓöÇΓöÇΓöÇΓöÇΓöÇΓöÇΓöÇΓöÇΓöÇΓöÇΓöÇΓöÇΓöÇΓöÇΓöÇΓöÇΓöÇΓöÇΓöÇΓöÇΓöÇΓöÇΓöÇΓöÇΓöÇΓöÇΓöÇΓöÇΓöÇΓöÇΓöÇΓöÇΓöÇΓöÇΓöÇΓöÇΓöÇΓöÇΓöÇΓöÇΓöÇΓöÇΓöÇΓöÇΓöÇΓöÇΓöÇΓöÇΓöÇΓöÇΓöÇΓöÇΓöÇΓöÇΓöÉ
           Γöé The plugin firebase_auth requires a higher Android SDK version.                               Γöé
           Γöé Fix this issue by adding the following to the file C:\Users\User\Desktop\Codes                Γöé
           Γöé Folder\fluttertest1\alhora_app\alhora_project\android\app\build.gradle:                       Γöé
           Γöé android {                                                                                     Γöé
           Γöé   defaultConfig {                                                                             Γöé
           Γöé     minSdkVersion 23                                                                          Γöé
           Γöé   }                                                                                           Γöé
           Γöé }                                                                                             Γöé
           Γöé                                                                                               Γöé
           Γöé Following this change, your app will not be available to users running Android SDKs below 23. Γöé
           Γöé Consider searching for a version of this plugin that supports these lower versions of the     Γöé
           Γöé Android SDK instead.                                                                          Γöé
           Γöé For more information, see:                                                                    Γöé
           Γöé https://docs.flutter.dev/deployment/android#reviewing-the-gradle-build-configuration          Γöé
           ΓööΓöÇΓöÇΓöÇΓöÇΓöÇΓöÇΓöÇΓöÇΓöÇΓöÇΓöÇΓöÇΓöÇΓöÇΓöÇΓöÇΓöÇΓöÇΓöÇΓöÇΓöÇΓöÇΓöÇΓöÇΓöÇΓöÇΓöÇΓöÇΓöÇΓöÇΓöÇΓöÇΓöÇΓöÇΓöÇΓöÇΓöÇΓöÇΓöÇΓöÇΓöÇΓöÇΓöÇΓöÇΓöÇΓöÇΓöÇΓöÇΓöÇΓöÇΓöÇΓöÇΓöÇΓöÇΓöÇΓöÇΓöÇΓöÇΓöÇΓöÇΓöÇΓöÇΓöÇΓöÇΓöÇΓöÇΓöÇΓöÇΓöÇΓöÇΓöÇΓöÇΓöÇΓöÇΓöÇΓöÇΓöÇΓöÇΓöÇΓöÇΓöÇΓöÇΓöÇΓöÇΓöÇΓöÇΓöÇΓöÇΓöÇΓöÇΓöÇΓöÇΓöÇΓöÇΓöÇΓöÿ

[   +7 ms] "flutter apk" took 3,899ms.
[ +110 ms] ensureAnalyticsSent: 106ms
[        ] Running 0 shutdown hooks
[        ] Shutdown hooks complete
[ +213 ms] exiting with code 1
